Warning: There are 4 input ports missing set_input_delay.
  VDD
  VDDIO
  VSS
  VSSIO
Warning: There are 4 output ports missing set_output_delay.
  VDD
  VDDIO
  VSS
  VSSIO
Warning: There are 4 unconstrained endpoints.
  VDD
  VDDIO
  VSS
  VSSIO
max_delay/setup group asynchronous

                                     Required  Actual
Endpoint                               Delay   Delay   Slack
------------------------------------------------------------
i_croc_soc/i_croc/all_periph_obi_rsp_316__reg/RB (DFFRQX3)  -27.27   43.09  -70.36 (VIOLATED)

max_delay/setup group path delay

                                     Required  Actual
Endpoint                               Delay   Delay   Slack
------------------------------------------------------------
i_croc_soc/i_croc/i_dm_top.i_dm_top/i_dm_csrs.sbdata_o_15__reg/D (DFFRQX3)    2.92    2.21    0.70 (MET)

max_delay/setup group clk_jtg

                                     Required  Actual
Endpoint                               Delay   Delay   Slack
------------------------------------------------------------
jtag_tdo_o (output)                    19.90   16.15    3.75 (MET)

max_delay/setup group clk_sys

                                     Required  Actual
Endpoint                               Delay   Delay   Slack
------------------------------------------------------------
i_croc_soc/i_croc/all_periph_obi_rsp_316__reg/RB (DFFRQX3)  -27.27   45.92  -73.19 (VIOLATED)

max_delay/setup group asynchronous

                                     Required  Actual
Endpoint                               Delay   Delay   Slack
------------------------------------------------------------
i_croc_soc/i_croc/all_periph_obi_rsp_316__reg/RB (DFFRQX3)  -27.27   43.09  -70.36 (VIOLATED)

max_delay/setup group path delay

                                     Required  Actual
Endpoint                               Delay   Delay   Slack
------------------------------------------------------------
i_croc_soc/i_croc/i_dm_top.i_dm_top/i_dm_csrs.sbdata_o_15__reg/D (DFFRQX3)    2.92    2.21    0.70 (MET)

max_delay/setup group clk_jtg

                                     Required  Actual
Endpoint                               Delay   Delay   Slack
------------------------------------------------------------
jtag_tdo_o (output)                    19.90   16.15    3.75 (MET)

max_delay/setup group clk_sys

                                     Required  Actual
Endpoint                               Delay   Delay   Slack
------------------------------------------------------------
i_croc_soc/i_croc/all_periph_obi_rsp_316__reg/RB (DFFRQX3)  -27.27   45.92  -73.19 (VIOLATED)

max_delay/setup group asynchronous

                                     Required  Actual
Endpoint                               Delay   Delay   Slack
------------------------------------------------------------
i_croc_soc/i_croc/all_periph_obi_rsp_316__reg/RB (DFFRQX3)  -27.27   43.09  -70.36 (VIOLATED)

max_delay/setup group path delay

                                     Required  Actual
Endpoint                               Delay   Delay   Slack
------------------------------------------------------------
i_croc_soc/i_croc/i_dm_top.i_dm_top/i_dm_csrs.sbdata_o_15__reg/D (DFFRQX3)    2.92    2.21    0.70 (MET)

max_delay/setup group clk_jtg

                                     Required  Actual
Endpoint                               Delay   Delay   Slack
------------------------------------------------------------
jtag_tdo_o (output)                    19.90   16.15    3.75 (MET)

max_delay/setup group clk_sys

                                     Required  Actual
Endpoint                               Delay   Delay   Slack
------------------------------------------------------------
i_croc_soc/i_croc/all_periph_obi_rsp_316__reg/RB (DFFRQX3)  -27.27   45.92  -73.19 (VIOLATED)

