
==========================================================================
02-02_croc.gpl1 check_setup
--------------------------------------------------------------------------
1

==========================================================================
02-02_croc.gpl1 report_tns
--------------------------------------------------------------------------
tns max -317969.91

==========================================================================
02-02_croc.gpl1 report_wns
--------------------------------------------------------------------------
wns max -73.19

==========================================================================
02-02_croc.gpl1 report_worst_slack
--------------------------------------------------------------------------
worst slack max -73.19

==========================================================================
02-02_croc.gpl1 report_checks -path_delay min
--------------------------------------------------------------------------
[WARNING STA-0168] unknown field nets.
Startpoint: i_croc_soc/i_rstgen.i_rstgen_bypass.synch_regs_q_3__reg
            (rising edge-triggered flip-flop clocked by clk_sys)
Endpoint: i_croc_soc/i_croc/all_periph_obi_rsp_316__reg
          (removal check against rising-edge clock clk_sys)
Path Group: asynchronous
Path Type: min
Corner: ff

Fanout     Cap    Slew   Delay    Time   Description
-----------------------------------------------------------------------------
                  0.20    0.00    0.00   clock clk_sys (rise edge)
                          0.00    0.00   clock network delay (ideal)
                  0.20    0.00    0.00 ^ i_croc_soc/i_rstgen.i_rstgen_bypass.synch_regs_q_3__reg/CK (DFFRQX3)
     2    0.00    0.03    0.24    0.24 ^ i_croc_soc/i_rstgen.i_rstgen_bypass.synch_regs_q_3__reg/Q (DFFRQX3)
                  0.03    0.00    0.24 ^ i_croc_soc/i_rstgen.i_rstgen_bypass.i_tc_clk_mux2_rst_no/i_mux/A0 (MUX2X2)
  4310   12.21   35.90   24.59   24.83 ^ i_croc_soc/i_rstgen.i_rstgen_bypass.i_tc_clk_mux2_rst_no/i_mux/Y (MUX2X2)
                 35.90    0.00   24.83 ^ i_croc_soc/i_croc/all_periph_obi_rsp_316__reg/RB (DFFRQX3)
                                 24.83   data arrival time

                  0.20    0.00    0.00   clock clk_sys (rise edge)
                          0.00    0.00   clock network delay (ideal)
                          0.10    0.10   clock uncertainty
                          0.00    0.10   clock reconvergence pessimism
                                  0.10 ^ i_croc_soc/i_croc/all_periph_obi_rsp_316__reg/CK (DFFRQX3)
                         -2.80   -2.70   library removal time
                                 -2.70   data required time
-----------------------------------------------------------------------------
                                 -2.70   data required time
                                -24.83   data arrival time
-----------------------------------------------------------------------------
                                 27.52   slack (MET)


Startpoint: i_croc_soc/i_croc/i_dmi_jtag/i_dmi_cdc.i_cdc_req/i_cdc_reset_ctrlr/i_cdc_reset_ctrlr_half_a/i_state_transition_cdc_dst/i_sync/reg_q_0__reg
            (rising edge-triggered flip-flop clocked by clk_jtg)
Endpoint: i_croc_soc/i_croc/i_dmi_jtag/i_dmi_cdc.i_cdc_req/i_cdc_reset_ctrlr/i_cdc_reset_ctrlr_half_a/i_state_transition_cdc_dst/i_sync/serial_o_reg
          (rising edge-triggered flip-flop clocked by clk_jtg)
Path Group: clk_jtg
Path Type: min
Corner: ff

Fanout     Cap    Slew   Delay    Time   Description
-----------------------------------------------------------------------------
                  0.20    0.00    0.00   clock clk_jtg (rise edge)
                          0.00    0.00   clock network delay (ideal)
                  0.20    0.00    0.00 ^ i_croc_soc/i_croc/i_dmi_jtag/i_dmi_cdc.i_cdc_req/i_cdc_reset_ctrlr/i_cdc_reset_ctrlr_half_a/i_state_transition_cdc_dst/i_sync/reg_q_0__reg/CK (DFFRQX3)
     1    0.00    0.02    0.22    0.22 v i_croc_soc/i_croc/i_dmi_jtag/i_dmi_cdc.i_cdc_req/i_cdc_reset_ctrlr/i_cdc_reset_ctrlr_half_a/i_state_transition_cdc_dst/i_sync/reg_q_0__reg/Q (DFFRQX3)
                  0.02    0.00    0.22 v i_croc_soc/i_croc/i_dmi_jtag/i_dmi_cdc.i_cdc_req/i_cdc_reset_ctrlr/i_cdc_reset_ctrlr_half_a/i_state_transition_cdc_dst/i_sync/serial_o_reg/D (DFFRQX3)
                                  0.22   data arrival time

                  0.20    0.00    0.00   clock clk_jtg (rise edge)
                          0.00    0.00   clock network delay (ideal)
                          0.10    0.10   clock uncertainty
                          0.00    0.10   clock reconvergence pessimism
                                  0.10 ^ i_croc_soc/i_croc/i_dmi_jtag/i_dmi_cdc.i_cdc_req/i_cdc_reset_ctrlr/i_cdc_reset_ctrlr_half_a/i_state_transition_cdc_dst/i_sync/serial_o_reg/CK (DFFRQX3)
                          0.05    0.15   library hold time
                                  0.15   data required time
-----------------------------------------------------------------------------
                                  0.15   data required time
                                 -0.22   data arrival time
-----------------------------------------------------------------------------
                                  0.07   slack (MET)


Startpoint: i_croc_soc/i_croc/i_dm_top.i_dm_top/master_add_o[3]_reg
            (rising edge-triggered flip-flop clocked by clk_sys)
Endpoint: i_croc_soc/i_croc/gen_sram_bank[1].i_sram/gen_512x32xBx1.i_cut
          (rising edge-triggered flip-flop clocked by clk_sys)
Path Group: clk_sys
Path Type: min
Corner: ff

Fanout     Cap    Slew   Delay    Time   Description
-----------------------------------------------------------------------------
                  0.20    0.00    0.00   clock clk_sys (rise edge)
                          0.00    0.00   clock network delay (ideal)
                  0.20    0.00    0.00 ^ i_croc_soc/i_croc/i_dm_top.i_dm_top/master_add_o[3]_reg/CK (DFFRQX3)
     8    0.01    0.03    0.24    0.24 v i_croc_soc/i_croc/i_dm_top.i_dm_top/master_add_o[3]_reg/Q (DFFRQX3)
                  0.03    0.00    0.24 v i_croc_soc/i_croc/_5581_/A (NAND3X1)
     1    0.00    0.02    0.03    0.27 ^ i_croc_soc/i_croc/_5581_/Y (NAND3X1)
                  0.02    0.00    0.27 ^ i_croc_soc/i_croc/_5582_/C (OAI211X1)
     1    0.00    0.04    0.05    0.32 v i_croc_soc/i_croc/_5582_/Y (OAI211X1)
                  0.04    0.00    0.32 v i_croc_soc/i_croc/_5583_/B (AND2X1)
     1    0.00    0.03    0.07    0.38 v i_croc_soc/i_croc/_5583_/Y (AND2X1)
                  0.04    0.00    0.38 v i_croc_soc/i_croc/gen_sram_bank[1].i_sram/gen_512x32xBx1.i_cut/A_ADDR[1] (RM_IHPSG13_1P_512x32_c2_bm_bist)
                                  0.38   data arrival time

                  0.20    0.00    0.00   clock clk_sys (rise edge)
                          0.00    0.00   clock network delay (ideal)
                          0.10    0.10   clock uncertainty
                          0.00    0.10   clock reconvergence pessimism
                                  0.10 ^ i_croc_soc/i_croc/gen_sram_bank[1].i_sram/gen_512x32xBx1.i_cut/A_CLK (RM_IHPSG13_1P_512x32_c2_bm_bist)
                          0.41    0.51   library hold time
                                  0.51   data required time
-----------------------------------------------------------------------------
                                  0.51   data required time
                                 -0.38   data arrival time
-----------------------------------------------------------------------------
                                 -0.13   slack (VIOLATED)



==========================================================================
02-02_croc.gpl1 report_checks -path_delay max
--------------------------------------------------------------------------
[WARNING STA-0168] unknown field nets.
Startpoint: i_croc_soc/i_rstgen.i_rstgen_bypass.synch_regs_q_3__reg
            (rising edge-triggered flip-flop clocked by clk_sys)
Endpoint: i_croc_soc/i_croc/all_periph_obi_rsp_316__reg
          (recovery check against rising-edge clock clk_sys)
Path Group: asynchronous
Path Type: max
Corner: tt

Fanout     Cap    Slew   Delay    Time   Description
-----------------------------------------------------------------------------
                  0.20    0.00    0.00   clock clk_sys (rise edge)
                          0.00    0.00   clock network delay (ideal)
                  0.20    0.00    0.00 ^ i_croc_soc/i_rstgen.i_rstgen_bypass.synch_regs_q_3__reg/CK (DFFRQX3)
     2    0.00    0.04    0.34    0.34 ^ i_croc_soc/i_rstgen.i_rstgen_bypass.synch_regs_q_3__reg/Q (DFFRQX3)
                  0.04    0.00    0.34 ^ i_croc_soc/i_rstgen.i_rstgen_bypass.i_tc_clk_mux2_rst_no/i_mux/A0 (MUX2X2)
  4310   13.50   61.80   42.75   43.09 ^ i_croc_soc/i_rstgen.i_rstgen_bypass.i_tc_clk_mux2_rst_no/i_mux/Y (MUX2X2)
                 61.80    0.00   43.09 ^ i_croc_soc/i_croc/all_periph_obi_rsp_316__reg/RB (DFFRQX3)
                                 43.09   data arrival time

                  0.20   10.00   10.00   clock clk_sys (rise edge)
                          0.00   10.00   clock network delay (ideal)
                         -0.10    9.90   clock uncertainty
                          0.00    9.90   clock reconvergence pessimism
                                  9.90 ^ i_croc_soc/i_croc/all_periph_obi_rsp_316__reg/CK (DFFRQX3)
                        -37.17  -27.27   library recovery time
                                -27.27   data required time
-----------------------------------------------------------------------------
                                -27.27   data required time
                                -43.09   data arrival time
-----------------------------------------------------------------------------
                                -70.36   slack (VIOLATED)


Startpoint: i_croc_soc/i_croc/i_dmi_jtag/i_dmi_cdc.i_cdc_req/i_dst/async_ack_o_reg
            (rising edge-triggered flip-flop clocked by clk_sys)
Endpoint: i_croc_soc/i_croc/i_dm_top.i_dm_top/i_dm_csrs.progbuf_o_194__reg
          (rising edge-triggered flip-flop clocked by clk_sys)
Path Group: path delay
Path Type: max
Corner: tt

Fanout     Cap    Slew   Delay    Time   Description
-----------------------------------------------------------------------------
                  0.20    0.00    0.00 ^ i_croc_soc/i_croc/i_dmi_jtag/i_dmi_cdc.i_cdc_req/i_dst/async_ack_o_reg/CK (DFFRQX3)
    88    0.15    0.53    0.70    0.70 ^ i_croc_soc/i_croc/i_dmi_jtag/i_dmi_cdc.i_cdc_req/i_dst/async_ack_o_reg/Q (DFFRQX3)
                  0.53    0.00    0.70 ^ i_croc_soc/i_croc/i_dmi_jtag/i_dmi_cdc.i_cdc_req/i_dst/_300_/B (XOR2X2)
     1    0.00    0.11    0.25    0.95 ^ i_croc_soc/i_croc/i_dmi_jtag/i_dmi_cdc.i_cdc_req/i_dst/_300_/Y (XOR2X2)
                  0.11    0.00    0.95 ^ i_croc_soc/i_croc/i_dmi_jtag/i_dmi_cdc.i_cdc_req/_0_/AB (NOR2BX1)
    11    0.02    0.38    0.35    1.30 ^ i_croc_soc/i_croc/i_dmi_jtag/i_dmi_cdc.i_cdc_req/_0_/Y (NOR2BX1)
                  0.38    0.00    1.30 ^ i_croc_soc/i_croc/i_dm_top.i_dm_top/_3382_/A (AND3X2)
    14    0.03    0.16    0.37    1.66 ^ i_croc_soc/i_croc/i_dm_top.i_dm_top/_3382_/Y (AND3X2)
                  0.16    0.00    1.66 ^ i_croc_soc/i_croc/i_dm_top.i_dm_top/_3797_/A (NAND2X3)
     6    0.01    0.09    0.12    1.78 v i_croc_soc/i_croc/i_dm_top.i_dm_top/_3797_/Y (NAND2X3)
                  0.09    0.00    1.78 v i_croc_soc/i_croc/i_dm_top.i_dm_top/_5259_/A (OAI21X2)
     8    0.03    0.30    0.26    2.05 ^ i_croc_soc/i_croc/i_dm_top.i_dm_top/_5259_/Y (OAI21X2)
                  0.30    0.00    2.05 ^ i_croc_soc/i_croc/i_dm_top.i_dm_top/_5546_/D (AOAI211X2)
    64    0.11    1.03    0.90    2.95 v i_croc_soc/i_croc/i_dm_top.i_dm_top/_5546_/Y (AOAI211X2)
                  1.03    0.00    2.95 v i_croc_soc/i_croc/i_dm_top.i_dm_top/_5557_/C (NOR3BX1)
     1    0.00    0.22    0.26    3.20 ^ i_croc_soc/i_croc/i_dm_top.i_dm_top/_5557_/Y (NOR3BX1)
                  0.22    0.00    3.20 ^ i_croc_soc/i_croc/i_dm_top.i_dm_top/_5558_/C (AO21X2)
     1    0.00    0.06    0.16    3.36 ^ i_croc_soc/i_croc/i_dm_top.i_dm_top/_5558_/Y (AO21X2)
                  0.06    0.00    3.36 ^ i_croc_soc/i_croc/i_dm_top.i_dm_top/i_dm_csrs.progbuf_o_194__reg/D (DFFRQX3)
                                  3.36   data arrival time

                          3.00    3.00   max_delay
                         -0.09    2.91   library setup time
                                  2.91   data required time
-----------------------------------------------------------------------------
                                  2.91   data required time
                                 -3.36   data arrival time
-----------------------------------------------------------------------------
                                 -0.45   slack (VIOLATED)


Startpoint: i_croc_soc/i_croc/i_dmi_jtag/td_o_reg
            (rising edge-triggered flip-flop clocked by clk_jtg')
Endpoint: jtag_tdo_o (output port clocked by clk_jtg)
Path Group: clk_jtg
Path Type: max
Corner: tt

Fanout     Cap    Slew   Delay    Time   Description
-----------------------------------------------------------------------------
                  0.20   12.50   12.50   clock clk_jtg' (rise edge)
                          0.00   12.50   clock network delay (ideal)
                  0.20    0.00   12.50 ^ i_croc_soc/i_croc/i_dmi_jtag/td_o_reg/CK (DFFRQX3)
     1    0.04    0.16    0.45   12.95 ^ i_croc_soc/i_croc/i_dmi_jtag/td_o_reg/Q (DFFRQX3)
                  0.22    0.00   12.95 ^ pad_jtag_tdo_o/c2p (sg13cmos5l_IOPadOut16mA)
     2   15.00    3.55    3.20   16.15 ^ pad_jtag_tdo_o/pad (sg13cmos5l_IOPadOut16mA)
                  2.66    0.00   16.15 ^ jtag_tdo_o (out)
                                 16.15   data arrival time

                  0.20   25.00   25.00   clock clk_jtg (rise edge)
                          0.00   25.00   clock network delay (ideal)
                         -0.10   24.90   clock uncertainty
                          0.00   24.90   clock reconvergence pessimism
                         -5.00   19.90   output external delay
                                 19.90   data required time
-----------------------------------------------------------------------------
                                 19.90   data required time
                                -16.15   data arrival time
-----------------------------------------------------------------------------
                                  3.75   slack (MET)


Startpoint: testmode_i (input port)
Endpoint: i_croc_soc/i_croc/all_periph_obi_rsp_316__reg
          (rising edge-triggered flip-flop clocked by clk_sys)
Path Group: clk_sys
Path Type: max
Corner: tt

Fanout     Cap    Slew   Delay    Time   Description
-----------------------------------------------------------------------------
                          2.50    2.50 v input external delay
     2    0.23    0.49    0.03    2.53 v testmode_i (in)
                  0.49    0.00    2.53 v pad_testmode_i/pad (sg13cmos5l_IOPadIn)
     4    0.01    0.12    0.60    3.13 v pad_testmode_i/p2c (sg13cmos5l_IOPadIn)
                  0.09    0.00    3.13 v i_croc_soc/i_rstgen.i_rstgen_bypass.i_tc_clk_mux2_rst_no/i_mux/S0 (MUX2X2)
  4310   13.50   61.80   42.79   45.92 ^ i_croc_soc/i_rstgen.i_rstgen_bypass.i_tc_clk_mux2_rst_no/i_mux/Y (MUX2X2)
                 61.80    0.00   45.92 ^ i_croc_soc/i_croc/all_periph_obi_rsp_316__reg/RB (DFFRQX3)
                                 45.92   data arrival time

                         10.00   10.00   max_delay
                         -0.10    9.90   clock uncertainty
                          0.00    9.90   clock reconvergence pessimism
                        -37.17  -27.27   library recovery time
                                -27.27   data required time
-----------------------------------------------------------------------------
                                -27.27   data required time
                                -45.92   data arrival time
-----------------------------------------------------------------------------
                                -73.19   slack (VIOLATED)



==========================================================================
02-02_croc.gpl1 report_checks -unconstrained
--------------------------------------------------------------------------
[WARNING STA-0168] unknown field nets.
Startpoint: i_croc_soc/i_rstgen.i_rstgen_bypass.synch_regs_q_3__reg
            (rising edge-triggered flip-flop clocked by clk_sys)
Endpoint: i_croc_soc/i_croc/all_periph_obi_rsp_316__reg
          (recovery check against rising-edge clock clk_sys)
Path Group: asynchronous
Path Type: max
Corner: tt

Fanout     Cap    Slew   Delay    Time   Description
-----------------------------------------------------------------------------
                  0.20    0.00    0.00   clock clk_sys (rise edge)
                          0.00    0.00   clock network delay (ideal)
                  0.20    0.00    0.00 ^ i_croc_soc/i_rstgen.i_rstgen_bypass.synch_regs_q_3__reg/CK (DFFRQX3)
     2    0.00    0.04    0.34    0.34 ^ i_croc_soc/i_rstgen.i_rstgen_bypass.synch_regs_q_3__reg/Q (DFFRQX3)
                  0.04    0.00    0.34 ^ i_croc_soc/i_rstgen.i_rstgen_bypass.i_tc_clk_mux2_rst_no/i_mux/A0 (MUX2X2)
  4310   13.50   61.80   42.75   43.09 ^ i_croc_soc/i_rstgen.i_rstgen_bypass.i_tc_clk_mux2_rst_no/i_mux/Y (MUX2X2)
                 61.80    0.00   43.09 ^ i_croc_soc/i_croc/all_periph_obi_rsp_316__reg/RB (DFFRQX3)
                                 43.09   data arrival time

                  0.20   10.00   10.00   clock clk_sys (rise edge)
                          0.00   10.00   clock network delay (ideal)
                         -0.10    9.90   clock uncertainty
                          0.00    9.90   clock reconvergence pessimism
                                  9.90 ^ i_croc_soc/i_croc/all_periph_obi_rsp_316__reg/CK (DFFRQX3)
                        -37.17  -27.27   library recovery time
                                -27.27   data required time
-----------------------------------------------------------------------------
                                -27.27   data required time
                                -43.09   data arrival time
-----------------------------------------------------------------------------
                                -70.36   slack (VIOLATED)


Startpoint: i_croc_soc/i_croc/i_dmi_jtag/i_dmi_cdc.i_cdc_req/i_dst/async_ack_o_reg
            (rising edge-triggered flip-flop clocked by clk_sys)
Endpoint: i_croc_soc/i_croc/i_dm_top.i_dm_top/i_dm_csrs.progbuf_o_194__reg
          (rising edge-triggered flip-flop clocked by clk_sys)
Path Group: path delay
Path Type: max
Corner: tt

Fanout     Cap    Slew   Delay    Time   Description
-----------------------------------------------------------------------------
                  0.20    0.00    0.00 ^ i_croc_soc/i_croc/i_dmi_jtag/i_dmi_cdc.i_cdc_req/i_dst/async_ack_o_reg/CK (DFFRQX3)
    88    0.15    0.53    0.70    0.70 ^ i_croc_soc/i_croc/i_dmi_jtag/i_dmi_cdc.i_cdc_req/i_dst/async_ack_o_reg/Q (DFFRQX3)
                  0.53    0.00    0.70 ^ i_croc_soc/i_croc/i_dmi_jtag/i_dmi_cdc.i_cdc_req/i_dst/_300_/B (XOR2X2)
     1    0.00    0.11    0.25    0.95 ^ i_croc_soc/i_croc/i_dmi_jtag/i_dmi_cdc.i_cdc_req/i_dst/_300_/Y (XOR2X2)
                  0.11    0.00    0.95 ^ i_croc_soc/i_croc/i_dmi_jtag/i_dmi_cdc.i_cdc_req/_0_/AB (NOR2BX1)
    11    0.02    0.38    0.35    1.30 ^ i_croc_soc/i_croc/i_dmi_jtag/i_dmi_cdc.i_cdc_req/_0_/Y (NOR2BX1)
                  0.38    0.00    1.30 ^ i_croc_soc/i_croc/i_dm_top.i_dm_top/_3382_/A (AND3X2)
    14    0.03    0.16    0.37    1.66 ^ i_croc_soc/i_croc/i_dm_top.i_dm_top/_3382_/Y (AND3X2)
                  0.16    0.00    1.66 ^ i_croc_soc/i_croc/i_dm_top.i_dm_top/_3797_/A (NAND2X3)
     6    0.01    0.09    0.12    1.78 v i_croc_soc/i_croc/i_dm_top.i_dm_top/_3797_/Y (NAND2X3)
                  0.09    0.00    1.78 v i_croc_soc/i_croc/i_dm_top.i_dm_top/_5259_/A (OAI21X2)
     8    0.03    0.30    0.26    2.05 ^ i_croc_soc/i_croc/i_dm_top.i_dm_top/_5259_/Y (OAI21X2)
                  0.30    0.00    2.05 ^ i_croc_soc/i_croc/i_dm_top.i_dm_top/_5546_/D (AOAI211X2)
    64    0.11    1.03    0.90    2.95 v i_croc_soc/i_croc/i_dm_top.i_dm_top/_5546_/Y (AOAI211X2)
                  1.03    0.00    2.95 v i_croc_soc/i_croc/i_dm_top.i_dm_top/_5557_/C (NOR3BX1)
     1    0.00    0.22    0.26    3.20 ^ i_croc_soc/i_croc/i_dm_top.i_dm_top/_5557_/Y (NOR3BX1)
                  0.22    0.00    3.20 ^ i_croc_soc/i_croc/i_dm_top.i_dm_top/_5558_/C (AO21X2)
     1    0.00    0.06    0.16    3.36 ^ i_croc_soc/i_croc/i_dm_top.i_dm_top/_5558_/Y (AO21X2)
                  0.06    0.00    3.36 ^ i_croc_soc/i_croc/i_dm_top.i_dm_top/i_dm_csrs.progbuf_o_194__reg/D (DFFRQX3)
                                  3.36   data arrival time

                          3.00    3.00   max_delay
                         -0.09    2.91   library setup time
                                  2.91   data required time
-----------------------------------------------------------------------------
                                  2.91   data required time
                                 -3.36   data arrival time
-----------------------------------------------------------------------------
                                 -0.45   slack (VIOLATED)


Startpoint: i_croc_soc/i_croc/i_dmi_jtag/td_o_reg
            (rising edge-triggered flip-flop clocked by clk_jtg')
Endpoint: jtag_tdo_o (output port clocked by clk_jtg)
Path Group: clk_jtg
Path Type: max
Corner: tt

Fanout     Cap    Slew   Delay    Time   Description
-----------------------------------------------------------------------------
                  0.20   12.50   12.50   clock clk_jtg' (rise edge)
                          0.00   12.50   clock network delay (ideal)
                  0.20    0.00   12.50 ^ i_croc_soc/i_croc/i_dmi_jtag/td_o_reg/CK (DFFRQX3)
     1    0.04    0.16    0.45   12.95 ^ i_croc_soc/i_croc/i_dmi_jtag/td_o_reg/Q (DFFRQX3)
                  0.22    0.00   12.95 ^ pad_jtag_tdo_o/c2p (sg13cmos5l_IOPadOut16mA)
     2   15.00    3.55    3.20   16.15 ^ pad_jtag_tdo_o/pad (sg13cmos5l_IOPadOut16mA)
                  2.66    0.00   16.15 ^ jtag_tdo_o (out)
                                 16.15   data arrival time

                  0.20   25.00   25.00   clock clk_jtg (rise edge)
                          0.00   25.00   clock network delay (ideal)
                         -0.10   24.90   clock uncertainty
                          0.00   24.90   clock reconvergence pessimism
                         -5.00   19.90   output external delay
                                 19.90   data required time
-----------------------------------------------------------------------------
                                 19.90   data required time
                                -16.15   data arrival time
-----------------------------------------------------------------------------
                                  3.75   slack (MET)


Startpoint: testmode_i (input port)
Endpoint: i_croc_soc/i_croc/all_periph_obi_rsp_316__reg
          (rising edge-triggered flip-flop clocked by clk_sys)
Path Group: clk_sys
Path Type: max
Corner: tt

Fanout     Cap    Slew   Delay    Time   Description
-----------------------------------------------------------------------------
                          2.50    2.50 v input external delay
     2    0.23    0.49    0.03    2.53 v testmode_i (in)
                  0.49    0.00    2.53 v pad_testmode_i/pad (sg13cmos5l_IOPadIn)
     4    0.01    0.12    0.60    3.13 v pad_testmode_i/p2c (sg13cmos5l_IOPadIn)
                  0.09    0.00    3.13 v i_croc_soc/i_rstgen.i_rstgen_bypass.i_tc_clk_mux2_rst_no/i_mux/S0 (MUX2X2)
  4310   13.50   61.80   42.79   45.92 ^ i_croc_soc/i_rstgen.i_rstgen_bypass.i_tc_clk_mux2_rst_no/i_mux/Y (MUX2X2)
                 61.80    0.00   45.92 ^ i_croc_soc/i_croc/all_periph_obi_rsp_316__reg/RB (DFFRQX3)
                                 45.92   data arrival time

                         10.00   10.00   max_delay
                         -0.10    9.90   clock uncertainty
                          0.00    9.90   clock reconvergence pessimism
                        -37.17  -27.27   library recovery time
                                -27.27   data required time
-----------------------------------------------------------------------------
                                -27.27   data required time
                                -45.92   data arrival time
-----------------------------------------------------------------------------
                                -73.19   slack (VIOLATED)



==========================================================================
02-02_croc.gpl1 report_check_types -max_slew -max_cap -max_fanout -violators
--------------------------------------------------------------------------

==========================================================================
02-02_croc.gpl1 max_slew_check_slack
--------------------------------------------------------------------------
-58.6015510559082

==========================================================================
02-02_croc.gpl1 max_slew_check_limit
--------------------------------------------------------------------------
3.200000047683716

==========================================================================
02-02_croc.gpl1 max_slew_check_slack_limit
--------------------------------------------------------------------------
-18.3130

==========================================================================
02-02_croc.gpl1 max_fanout_check_slack
--------------------------------------------------------------------------
-4294.0

==========================================================================
02-02_croc.gpl1 max_fanout_check_limit
--------------------------------------------------------------------------
16.0

==========================================================================
02-02_croc.gpl1 max_fanout_check_slack_limit
--------------------------------------------------------------------------
-268.3750

==========================================================================
02-02_croc.gpl1 max_capacitance_check_slack
--------------------------------------------------------------------------
-16.6890811920166

==========================================================================
02-02_croc.gpl1 max_capacitance_check_limit
--------------------------------------------------------------------------
0.1899999976158142

==========================================================================
02-02_croc.gpl1 max_capacitance_check_slack_limit
--------------------------------------------------------------------------
-87.8373

==========================================================================
02-02_croc.gpl1 max_slew_violation_count
--------------------------------------------------------------------------
max slew violation count 4446

==========================================================================
02-02_croc.gpl1 max_fanout_violation_count
--------------------------------------------------------------------------
max fanout violation count 433

==========================================================================
02-02_croc.gpl1 max_cap_violation_count
--------------------------------------------------------------------------
max cap violation count 100

==========================================================================
02-02_croc.gpl1 setup_violation_count
--------------------------------------------------------------------------
setup violation count 5519

==========================================================================
02-02_croc.gpl1 hold_violation_count
--------------------------------------------------------------------------
hold violation count 75

==========================================================================
02-02_croc.gpl1 critical path delay
--------------------------------------------------------------------------
45.9231

==========================================================================
02-02_croc.gpl1 critical path slack
--------------------------------------------------------------------------
-73.1924

==========================================================================
02-02_croc.gpl1 slack div critical path delay
--------------------------------------------------------------------------
-159.380355

==========================================================================
02-02_croc.gpl1 report_power tt
--------------------------------------------------------------------------
Group                  Internal  Switching    Leakage      Total
                          Power      Power      Power      Power (Watts)
----------------------------------------------------------------
Sequential             6.76e-03   3.30e-05   1.35e-06   6.80e-03  59.6%
Combinational          8.32e-05   2.53e-04   1.75e-06   3.38e-04   3.0%
Clock                  6.74e-07   2.88e-07   1.79e-10   9.62e-07   0.0%
Macro                  3.33e-04   0.00e+00   3.96e-07   3.33e-04   2.9%
Pad                    2.31e-04   3.71e-03   1.08e-07   3.94e-03  34.5%
----------------------------------------------------------------
Total                  7.41e-03   4.00e-03   3.60e-06   1.14e-02 100.0%
                          64.9%      35.0%       0.0%

==========================================================================
02-02_croc.gpl1 report_design_area
--------------------------------------------------------------------------

==========================================================================
02-02_croc.gpl1 area by hierarchy
--------------------------------------------------------------------------

--------------------------------------------------------------------------------
Design Area Summary
--------------------------------------------------------------------------------
Die Area:              4629056.0 um2
Core Area:             2200258.368 um2
Total Area:            2226473.7664 um2
Total Active Area:     583753.7664000001 um2

Core Utilization:      0.2653114629127047
Std Cell Utilization:  0.20791361704330336

--------------------------------------------------------------------------------
Hierarchical Area Report
--------------------------------------------------------------------------------
                                                                                Global Area (um^2)                                                              Global Instances                                                                Local Area (um^2)                                                               Local Instances
                                                                                ------------------------------------------------------------------------------- ------------------------------------------------------------------------------- ------------------------------------------------------------------------------- ----------------------------------------------------------------------------
Hierarchy Name                                                                  Total           StdCell         Macro           Cover           Pad             Total           StdCell         Macro           Cover           Pad             Total           StdCell         Macro           Cover           Pad             Total           StdCell         Macro           Cover           Pad             
-----------------------------------------------------------------------------------------------------------------------------------------------------------------------------------------------------------------------------------------------------------------------------------------------------------------------------------------------------------------------------------------------------------
<top>                                                                           2226473.766     424313.971      159439.795      313600.000      1329120.000     42206           41882           2               64              258             1679243.267     36523.267       0.000           313600.000      1329120.000     8949            8627            0               64              258             
  i_croc_soc                                                                    547230.499      387790.704      159439.795      0.000           0.000           33257           33255           2               0               0               117.130         117.130         0.000           0.000           0.000           5               5               0               0               0               
    i_croc                                                                      475311.514      315871.718      159439.795      0.000           0.000           25672           25670           2               0               0               31215.744       31215.744       0.000           0.000           0.000           3701            3701            0               0               0               
      gen_sram_bank\[0\].i_sram                                                 80054.352       334.454         79719.898       0.000           0.000           80              79              1               0               0               80054.352       334.454         79719.898       0.000           0.000           80              79              1               0               0               
      gen_sram_bank\[1\].i_sram                                                 80054.352       334.454         79719.898       0.000           0.000           80              79              1               0               0               80054.352       334.454         79719.898       0.000           0.000           80              79              1               0               0               
      i_bootrom                                                                 3108.874        3108.874        0.000           0.000           0.000           343             343             0               0               0               3108.874        3108.874        0.000           0.000           0.000           343             343             0               0               0               
      i_clint                                                                   9771.149        9771.149        0.000           0.000           0.000           718             718             0               0               0               9714.701        9714.701        0.000           0.000           0.000           716             716             0               0               0               
        i_sync                                                                  56.448          56.448          0.000           0.000           0.000           2               2               0               0               0               56.448          56.448          0.000           0.000           0.000           2               2               0               0               0               
      i_core_wrap                                                               141190.560      141190.560      0.000           0.000           0.000           10924           10924           0               0               0               46105.315       46105.315       0.000           0.000           0.000           4376            4376            0               0               0               
        i_core.cs_registers_i                                                   35114.890       35114.890       0.000           0.000           0.000           2963            2963            0               0               0               35114.890       35114.890       0.000           0.000           0.000           2963            2963            0               0               0               
        i_core.register_file_i                                                  59970.355       59970.355       0.000           0.000           0.000           3585            3585            0               0               0               59970.355       59970.355       0.000           0.000           0.000           3585            3585            0               0               0               
      i_dm_top.i_dm_top                                                         47849.558       47849.558       0.000           0.000           0.000           3925            3925            0               0               0               47849.558       47849.558       0.000           0.000           0.000           3925            3925            0               0               0               
      i_dmi_jtag                                                                26040.874       26040.874       0.000           0.000           0.000           2088            2088            0               0               0               10434.413       10434.413       0.000           0.000           0.000           796             796             0               0               0               
        i_dmi_cdc.i_cdc_req                                                     8249.875        8249.875        0.000           0.000           0.000           683             683             0               0               0               141.120         141.120         0.000           0.000           0.000           8               8               0               0               0               
          i_cdc_reset_ctrlr                                                     2372.227        2372.227        0.000           0.000           0.000           203             203             0               0               0               0.000           0.000           0.000           0.000           0.000           0               0               0               0               0               
            i_cdc_reset_ctrlr_half_a                                            1183.997        1183.997        0.000           0.000           0.000           101             101             0               0               0               659.030         659.030         0.000           0.000           0.000           67              67              0               0               0               
              i_state_transition_cdc_dst                                        198.979         198.979         0.000           0.000           0.000           13              13              0               0               0               142.531         142.531         0.000           0.000           0.000           11              11              0               0               0               
                i_sync                                                          56.448          56.448          0.000           0.000           0.000           2               2               0               0               0               56.448          56.448          0.000           0.000           0.000           2               2               0               0               0               
              i_state_transition_cdc_src                                        325.987         325.987         0.000           0.000           0.000           21              21              0               0               0               269.539         269.539         0.000           0.000           0.000           19              19              0               0               0               
                i_sync                                                          56.448          56.448          0.000           0.000           0.000           2               2               0               0               0               56.448          56.448          0.000           0.000           0.000           2               2               0               0               0               
            i_cdc_reset_ctrlr_half_b                                            1188.230        1188.230        0.000           0.000           0.000           102             102             0               0               0               663.264         663.264         0.000           0.000           0.000           68              68              0               0               0               
              i_state_transition_cdc_dst                                        198.979         198.979         0.000           0.000           0.000           13              13              0               0               0               142.531         142.531         0.000           0.000           0.000           11              11              0               0               0               
                i_sync                                                          56.448          56.448          0.000           0.000           0.000           2               2               0               0               0               56.448          56.448          0.000           0.000           0.000           2               2               0               0               0               
              i_state_transition_cdc_src                                        325.987         325.987         0.000           0.000           0.000           21              21              0               0               0               269.539         269.539         0.000           0.000           0.000           19              19              0               0               0               
                i_sync                                                          56.448          56.448          0.000           0.000           0.000           2               2               0               0               0               56.448          56.448          0.000           0.000           0.000           2               2               0               0               0               
          i_dst                                                                 3607.027        3607.027        0.000           0.000           0.000           340             340             0               0               0               3522.355        3522.355        0.000           0.000           0.000           337             337             0               0               0               
            i_sync                                                              84.672          84.672          0.000           0.000           0.000           3               3               0               0               0               84.672          84.672          0.000           0.000           0.000           3               3               0               0               0               
          i_src                                                                 2129.501        2129.501        0.000           0.000           0.000           132             132             0               0               0               2044.829        2044.829        0.000           0.000           0.000           129             129             0               0               0               
            i_sync                                                              84.672          84.672          0.000           0.000           0.000           3               3               0               0               0               84.672          84.672          0.000           0.000           0.000           3               3               0               0               0               
        i_dmi_cdc.i_cdc_resp                                                    7339.651        7339.651        0.000           0.000           0.000           607             607             0               0               0               145.354         145.354         0.000           0.000           0.000           9               9               0               0               0               
          i_cdc_reset_ctrlr                                                     2372.227        2372.227        0.000           0.000           0.000           203             203             0               0               0               0.000           0.000           0.000           0.000           0.000           0               0               0               0               0               
            i_cdc_reset_ctrlr_half_a                                            1188.230        1188.230        0.000           0.000           0.000           102             102             0               0               0               663.264         663.264         0.000           0.000           0.000           68              68              0               0               0               
              i_state_transition_cdc_dst                                        198.979         198.979         0.000           0.000           0.000           13              13              0               0               0               142.531         142.531         0.000           0.000           0.000           11              11              0               0               0               
                i_sync                                                          56.448          56.448          0.000           0.000           0.000           2               2               0               0               0               56.448          56.448          0.000           0.000           0.000           2               2               0               0               0               
              i_state_transition_cdc_src                                        325.987         325.987         0.000           0.000           0.000           21              21              0               0               0               269.539         269.539         0.000           0.000           0.000           19              19              0               0               0               
                i_sync                                                          56.448          56.448          0.000           0.000           0.000           2               2               0               0               0               56.448          56.448          0.000           0.000           0.000           2               2               0               0               0               
            i_cdc_reset_ctrlr_half_b                                            1183.997        1183.997        0.000           0.000           0.000           101             101             0               0               0               659.030         659.030         0.000           0.000           0.000           67              67              0               0               0               
              i_state_transition_cdc_dst                                        198.979         198.979         0.000           0.000           0.000           13              13              0               0               0               142.531         142.531         0.000           0.000           0.000           11              11              0               0               0               
                i_sync                                                          56.448          56.448          0.000           0.000           0.000           2               2               0               0               0               56.448          56.448          0.000           0.000           0.000           2               2               0               0               0               
              i_state_transition_cdc_src                                        325.987         325.987         0.000           0.000           0.000           21              21              0               0               0               269.539         269.539         0.000           0.000           0.000           19              19              0               0               0               
                i_sync                                                          56.448          56.448          0.000           0.000           0.000           2               2               0               0               0               56.448          56.448          0.000           0.000           0.000           2               2               0               0               0               
          i_dst                                                                 3028.435        3028.435        0.000           0.000           0.000           284             284             0               0               0               2943.763        2943.763        0.000           0.000           0.000           281             281             0               0               0               
            i_sync                                                              84.672          84.672          0.000           0.000           0.000           3               3               0               0               0               84.672          84.672          0.000           0.000           0.000           3               3               0               0               0               
          i_src                                                                 1793.635        1793.635        0.000           0.000           0.000           111             111             0               0               0               1708.963        1708.963        0.000           0.000           0.000           108             108             0               0               0               
            i_sync                                                              84.672          84.672          0.000           0.000           0.000           3               3               0               0               0               84.672          84.672          0.000           0.000           0.000           3               3               0               0               0               
        i_dmi_jtag_tap.i_dft_tck_mux                                            12.701          12.701          0.000           0.000           0.000           1               1               0               0               0               12.701          12.701          0.000           0.000           0.000           1               1               0               0               0               
        i_dmi_jtag_tap.i_tck_inv                                                4.234           4.234           0.000           0.000           0.000           1               1               0               0               0               4.234           4.234           0.000           0.000           0.000           1               1               0               0               0               
      i_gpio                                                                    16996.493       16996.493       0.000           0.000           0.000           1203            1203            0               0               0               15190.157       15190.157       0.000           0.000           0.000           1139            1139            0               0               0               
        gen_gpios\[0\].i_sync                                                   56.448          56.448          0.000           0.000           0.000           2               2               0               0               0               56.448          56.448          0.000           0.000           0.000           2               2               0               0               0               
        gen_gpios\[10\].i_sync                                                  56.448          56.448          0.000           0.000           0.000           2               2               0               0               0               56.448          56.448          0.000           0.000           0.000           2               2               0               0               0               
        gen_gpios\[11\].i_sync                                                  56.448          56.448          0.000           0.000           0.000           2               2               0               0               0               56.448          56.448          0.000           0.000           0.000           2               2               0               0               0               
        gen_gpios\[12\].i_sync                                                  56.448          56.448          0.000           0.000           0.000           2               2               0               0               0               56.448          56.448          0.000           0.000           0.000           2               2               0               0               0               
        gen_gpios\[13\].i_sync                                                  56.448          56.448          0.000           0.000           0.000           2               2               0               0               0               56.448          56.448          0.000           0.000           0.000           2               2               0               0               0               
        gen_gpios\[14\].i_sync                                                  56.448          56.448          0.000           0.000           0.000           2               2               0               0               0               56.448          56.448          0.000           0.000           0.000           2               2               0               0               0               
        gen_gpios\[15\].i_sync                                                  56.448          56.448          0.000           0.000           0.000           2               2               0               0               0               56.448          56.448          0.000           0.000           0.000           2               2               0               0               0               
        gen_gpios\[16\].i_sync                                                  56.448          56.448          0.000           0.000           0.000           2               2               0               0               0               56.448          56.448          0.000           0.000           0.000           2               2               0               0               0               
        gen_gpios\[17\].i_sync                                                  56.448          56.448          0.000           0.000           0.000           2               2               0               0               0               56.448          56.448          0.000           0.000           0.000           2               2               0               0               0               
        gen_gpios\[18\].i_sync                                                  56.448          56.448          0.000           0.000           0.000           2               2               0               0               0               56.448          56.448          0.000           0.000           0.000           2               2               0               0               0               
        gen_gpios\[19\].i_sync                                                  56.448          56.448          0.000           0.000           0.000           2               2               0               0               0               56.448          56.448          0.000           0.000           0.000           2               2               0               0               0               
        gen_gpios\[1\].i_sync                                                   56.448          56.448          0.000           0.000           0.000           2               2               0               0               0               56.448          56.448          0.000           0.000           0.000           2               2               0               0               0               
        gen_gpios\[20\].i_sync                                                  56.448          56.448          0.000           0.000           0.000           2               2               0               0               0               56.448          56.448          0.000           0.000           0.000           2               2               0               0               0               
        gen_gpios\[21\].i_sync                                                  56.448          56.448          0.000           0.000           0.000           2               2               0               0               0               56.448          56.448          0.000           0.000           0.000           2               2               0               0               0               
        gen_gpios\[22\].i_sync                                                  56.448          56.448          0.000           0.000           0.000           2               2               0               0               0               56.448          56.448          0.000           0.000           0.000           2               2               0               0               0               
        gen_gpios\[23\].i_sync                                                  56.448          56.448          0.000           0.000           0.000           2               2               0               0               0               56.448          56.448          0.000           0.000           0.000           2               2               0               0               0               
        gen_gpios\[24\].i_sync                                                  56.448          56.448          0.000           0.000           0.000           2               2               0               0               0               56.448          56.448          0.000           0.000           0.000           2               2               0               0               0               
        gen_gpios\[25\].i_sync                                                  56.448          56.448          0.000           0.000           0.000           2               2               0               0               0               56.448          56.448          0.000           0.000           0.000           2               2               0               0               0               
        gen_gpios\[26\].i_sync                                                  56.448          56.448          0.000           0.000           0.000           2               2               0               0               0               56.448          56.448          0.000           0.000           0.000           2               2               0               0               0               
        gen_gpios\[27\].i_sync                                                  56.448          56.448          0.000           0.000           0.000           2               2               0               0               0               56.448          56.448          0.000           0.000           0.000           2               2               0               0               0               
        gen_gpios\[28\].i_sync                                                  56.448          56.448          0.000           0.000           0.000           2               2               0               0               0               56.448          56.448          0.000           0.000           0.000           2               2               0               0               0               
        gen_gpios\[29\].i_sync                                                  56.448          56.448          0.000           0.000           0.000           2               2               0               0               0               56.448          56.448          0.000           0.000           0.000           2               2               0               0               0               
        gen_gpios\[2\].i_sync                                                   56.448          56.448          0.000           0.000           0.000           2               2               0               0               0               56.448          56.448          0.000           0.000           0.000           2               2               0               0               0               
        gen_gpios\[30\].i_sync                                                  56.448          56.448          0.000           0.000           0.000           2               2               0               0               0               56.448          56.448          0.000           0.000           0.000           2               2               0               0               0               
        gen_gpios\[31\].i_sync                                                  56.448          56.448          0.000           0.000           0.000           2               2               0               0               0               56.448          56.448          0.000           0.000           0.000           2               2               0               0               0               
        gen_gpios\[3\].i_sync                                                   56.448          56.448          0.000           0.000           0.000           2               2               0               0               0               56.448          56.448          0.000           0.000           0.000           2               2               0               0               0               
        gen_gpios\[4\].i_sync                                                   56.448          56.448          0.000           0.000           0.000           2               2               0               0               0               56.448          56.448          0.000           0.000           0.000           2               2               0               0               0               
        gen_gpios\[5\].i_sync                                                   56.448          56.448          0.000           0.000           0.000           2               2               0               0               0               56.448          56.448          0.000           0.000           0.000           2               2               0               0               0               
        gen_gpios\[6\].i_sync                                                   56.448          56.448          0.000           0.000           0.000           2               2               0               0               0               56.448          56.448          0.000           0.000           0.000           2               2               0               0               0               
        gen_gpios\[7\].i_sync                                                   56.448          56.448          0.000           0.000           0.000           2               2               0               0               0               56.448          56.448          0.000           0.000           0.000           2               2               0               0               0               
        gen_gpios\[8\].i_sync                                                   56.448          56.448          0.000           0.000           0.000           2               2               0               0               0               56.448          56.448          0.000           0.000           0.000           2               2               0               0               0               
        gen_gpios\[9\].i_sync                                                   56.448          56.448          0.000           0.000           0.000           2               2               0               0               0               56.448          56.448          0.000           0.000           0.000           2               2               0               0               0               
      i_obi_timer                                                               6706.022        6706.022        0.000           0.000           0.000           510             510             0               0               0               6706.022        6706.022        0.000           0.000           0.000           510             510             0               0               0               
      i_soc_ctrl                                                                4047.322        4047.322        0.000           0.000           0.000           283             283             0               0               0               4047.322        4047.322        0.000           0.000           0.000           283             283             0               0               0               
      i_uart                                                                    28276.214       28276.214       0.000           0.000           0.000           1817            1817            0               0               0               27977.040       27977.040       0.000           0.000           0.000           1803            1803            0               0               0               
        i_uart_modem.i_sync_cd                                                  60.682          60.682          0.000           0.000           0.000           3               3               0               0               0               60.682          60.682          0.000           0.000           0.000           3               3               0               0               0               
        i_uart_modem.i_sync_cts                                                 60.682          60.682          0.000           0.000           0.000           3               3               0               0               0               60.682          60.682          0.000           0.000           0.000           3               3               0               0               0               
        i_uart_modem.i_sync_dsr                                                 60.682          60.682          0.000           0.000           0.000           3               3               0               0               0               60.682          60.682          0.000           0.000           0.000           3               3               0               0               0               
        i_uart_modem.i_sync_ri                                                  60.682          60.682          0.000           0.000           0.000           3               3               0               0               0               60.682          60.682          0.000           0.000           0.000           3               3               0               0               0               
        i_uart_rx.i_sync                                                        56.448          56.448          0.000           0.000           0.000           2               2               0               0               0               56.448          56.448          0.000           0.000           0.000           2               2               0               0               0               
    i_rstgen.i_rstgen_bypass.i_tc_clk_mux2_init_no                              16.934          16.934          0.000           0.000           0.000           2               2               0               0               0               16.934          16.934          0.000           0.000           0.000           2               2               0               0               0               
    i_rstgen.i_rstgen_bypass.i_tc_clk_mux2_rst_n                                12.701          12.701          0.000           0.000           0.000           1               1               0               0               0               12.701          12.701          0.000           0.000           0.000           1               1               0               0               0               
    i_rstgen.i_rstgen_bypass.i_tc_clk_mux2_rst_no                               12.701          12.701          0.000           0.000           0.000           1               1               0               0               0               12.701          12.701          0.000           0.000           0.000           1               1               0               0               0               
    i_user                                                                      71759.520       71759.520       0.000           0.000           0.000           7576            7576            0               0               0               71759.520       71759.520       0.000           0.000           0.000           7576            7576            0               0               0               
