
==========================================================================
02_croc.placed check_setup
--------------------------------------------------------------------------
1

==========================================================================
02_croc.placed report_tns
--------------------------------------------------------------------------
tns max 0.00

==========================================================================
02_croc.placed report_wns
--------------------------------------------------------------------------
wns max 0.00

==========================================================================
02_croc.placed report_worst_slack
--------------------------------------------------------------------------
worst slack max 0.09

==========================================================================
02_croc.placed report_checks -path_delay min
--------------------------------------------------------------------------
[WARNING STA-0168] unknown field nets.
Startpoint: i_croc_soc/i_rstgen.i_rstgen_bypass.synch_regs_q_3__reg
            (rising edge-triggered flip-flop clocked by clk_sys)
Endpoint: i_croc_soc/i_croc/i_core_wrap/i_core.cs_registers_i/csr_depc_o[5]_reg
          (removal check against rising-edge clock clk_sys)
Path Group: asynchronous
Path Type: min
Corner: ff

Fanout     Cap    Slew   Delay    Time   Description
-----------------------------------------------------------------------------
                  0.20    0.00    0.00   clock clk_sys (rise edge)
                          0.00    0.00   clock network delay (ideal)
                  0.20    0.00    0.00 ^ i_croc_soc/i_rstgen.i_rstgen_bypass.synch_regs_q_3__reg/CK (DFFRQX3)
     2    0.00    0.03    0.24    0.24 ^ i_croc_soc/i_rstgen.i_rstgen_bypass.synch_regs_q_3__reg/Q (DFFRQX3)
                  0.03    0.00    0.24 ^ i_croc_soc/i_rstgen.i_rstgen_bypass.i_tc_clk_mux2_rst_no/i_mux/A0 (MUX2X2)
    12    0.14    0.41    0.34    0.58 ^ i_croc_soc/i_rstgen.i_rstgen_bypass.i_tc_clk_mux2_rst_no/i_mux/Y (MUX2X2)
                  0.41    0.03    0.61 ^ place8298/A (BUFX3)
     8    0.03    0.08    0.19    0.79 ^ place8298/Y (BUFX3)
                  0.08    0.00    0.79 ^ i_croc_soc/i_croc/i_core_wrap/i_core.cs_registers_i/csr_depc_o[5]_reg/RB (DFFRQX3)
                                  0.79   data arrival time

                  0.20    0.00    0.00   clock clk_sys (rise edge)
                          0.00    0.00   clock network delay (ideal)
                          0.10    0.10   clock uncertainty
                          0.00    0.10   clock reconvergence pessimism
                                  0.10 ^ i_croc_soc/i_croc/i_core_wrap/i_core.cs_registers_i/csr_depc_o[5]_reg/CK (DFFRQX3)
                         -0.05    0.05   library removal time
                                  0.05   data required time
-----------------------------------------------------------------------------
                                  0.05   data required time
                                 -0.79   data arrival time
-----------------------------------------------------------------------------
                                  0.74   slack (MET)


Startpoint: i_croc_soc/i_croc/i_dmi_jtag/i_dmi_cdc.i_cdc_resp/i_dst/i_sync/reg_q_1__reg
            (rising edge-triggered flip-flop clocked by clk_jtg)
Endpoint: i_croc_soc/i_croc/i_dmi_jtag/i_dmi_cdc.i_cdc_resp/i_dst/i_sync/serial_o_reg
          (rising edge-triggered flip-flop clocked by clk_jtg)
Path Group: clk_jtg
Path Type: min
Corner: ff

Fanout     Cap    Slew   Delay    Time   Description
-----------------------------------------------------------------------------
                  0.20    0.00    0.00   clock clk_jtg (rise edge)
                          0.00    0.00   clock network delay (ideal)
                  0.20    0.00    0.00 ^ i_croc_soc/i_croc/i_dmi_jtag/i_dmi_cdc.i_cdc_resp/i_dst/i_sync/reg_q_1__reg/CK (DFFRQX3)
     1    0.00    0.02    0.22    0.22 v i_croc_soc/i_croc/i_dmi_jtag/i_dmi_cdc.i_cdc_resp/i_dst/i_sync/reg_q_1__reg/Q (DFFRQX3)
                  0.02    0.00    0.22 v i_croc_soc/i_croc/i_dmi_jtag/i_dmi_cdc.i_cdc_resp/i_dst/i_sync/serial_o_reg/D (DFFRQX3)
                                  0.22   data arrival time

                  0.20    0.00    0.00   clock clk_jtg (rise edge)
                          0.00    0.00   clock network delay (ideal)
                          0.10    0.10   clock uncertainty
                          0.00    0.10   clock reconvergence pessimism
                                  0.10 ^ i_croc_soc/i_croc/i_dmi_jtag/i_dmi_cdc.i_cdc_resp/i_dst/i_sync/serial_o_reg/CK (DFFRQX3)
                          0.05    0.15   library hold time
                                  0.15   data required time
-----------------------------------------------------------------------------
                                  0.15   data required time
                                 -0.22   data arrival time
-----------------------------------------------------------------------------
                                  0.07   slack (MET)


Startpoint: i_croc_soc/i_croc/i_uart/i_uart_rx.i_sync/reg_q_0__reg
            (rising edge-triggered flip-flop clocked by clk_sys)
Endpoint: i_croc_soc/i_croc/i_uart/i_uart_rx.i_sync/serial_o_reg
          (rising edge-triggered flip-flop clocked by clk_sys)
Path Group: clk_sys
Path Type: min
Corner: ff

Fanout     Cap    Slew   Delay    Time   Description
-----------------------------------------------------------------------------
                  0.20    0.00    0.00   clock clk_sys (rise edge)
                          0.00    0.00   clock network delay (ideal)
                  0.20    0.00    0.00 ^ i_croc_soc/i_croc/i_uart/i_uart_rx.i_sync/reg_q_0__reg/CK (DFFRQX3)
     1    0.00    0.02    0.22    0.22 v i_croc_soc/i_croc/i_uart/i_uart_rx.i_sync/reg_q_0__reg/Q (DFFRQX3)
                  0.02    0.00    0.22 v i_croc_soc/i_croc/i_uart/i_uart_rx.i_sync/serial_o_reg/D (DFFRQX3)
                                  0.22   data arrival time

                  0.20    0.00    0.00   clock clk_sys (rise edge)
                          0.00    0.00   clock network delay (ideal)
                          0.10    0.10   clock uncertainty
                          0.00    0.10   clock reconvergence pessimism
                                  0.10 ^ i_croc_soc/i_croc/i_uart/i_uart_rx.i_sync/serial_o_reg/CK (DFFRQX3)
                          0.05    0.15   library hold time
                                  0.15   data required time
-----------------------------------------------------------------------------
                                  0.15   data required time
                                 -0.22   data arrival time
-----------------------------------------------------------------------------
                                  0.07   slack (MET)



==========================================================================
02_croc.placed report_checks -path_delay max
--------------------------------------------------------------------------
[WARNING STA-0168] unknown field nets.
Startpoint: i_croc_soc/i_rstgen.i_rstgen_bypass.synch_regs_q_3__reg
            (rising edge-triggered flip-flop clocked by clk_sys)
Endpoint: i_croc_soc/i_croc/i_core_wrap/i_core.register_file_i/rf_reg_483__reg
          (recovery check against rising-edge clock clk_sys)
Path Group: asynchronous
Path Type: max
Corner: tt

Fanout     Cap    Slew   Delay    Time   Description
-----------------------------------------------------------------------------
                  0.20    0.00    0.00   clock clk_sys (rise edge)
                          0.00    0.00   clock network delay (ideal)
                  0.20    0.00    0.00 ^ i_croc_soc/i_rstgen.i_rstgen_bypass.synch_regs_q_3__reg/CK (DFFRQX3)
     2    0.00    0.05    0.34    0.34 ^ i_croc_soc/i_rstgen.i_rstgen_bypass.synch_regs_q_3__reg/Q (DFFRQX3)
                  0.05    0.00    0.34 ^ i_croc_soc/i_rstgen.i_rstgen_bypass.i_tc_clk_mux2_rst_no/i_mux/A0 (MUX2X2)
    12    0.14    0.66    0.56    0.91 ^ i_croc_soc/i_rstgen.i_rstgen_bypass.i_tc_clk_mux2_rst_no/i_mux/Y (MUX2X2)
                  0.66    0.02    0.93 ^ place8489/A (BUFX3)
    16    0.10    0.37    0.50    1.42 ^ place8489/Y (BUFX3)
                  0.37    0.01    1.43 ^ place8496/A (BUFX3)
    15    0.06    0.23    0.34    1.77 ^ place8496/Y (BUFX3)
                  0.23    0.00    1.77 ^ place8501/A (BUFX3)
    16    0.06    0.22    0.29    2.06 ^ place8501/Y (BUFX3)
                  0.22    0.00    2.06 ^ place8504/A (BUFX3)
    14    0.05    0.18    0.26    2.33 ^ place8504/Y (BUFX3)
                  0.18    0.00    2.33 ^ place8507/A (BUFX3)
    11    0.04    0.15    0.23    2.55 ^ place8507/Y (BUFX3)
                  0.15    0.00    2.55 ^ place8508/A (BUFX3)
    11    0.04    0.16    0.22    2.77 ^ place8508/Y (BUFX3)
                  0.16    0.00    2.77 ^ i_croc_soc/i_croc/i_core_wrap/i_core.register_file_i/rf_reg_483__reg/RB (DFFRQX3)
                                  2.77   data arrival time

                  0.20   10.00   10.00   clock clk_sys (rise edge)
                          0.00   10.00   clock network delay (ideal)
                         -0.10    9.90   clock uncertainty
                          0.00    9.90   clock reconvergence pessimism
                                  9.90 ^ i_croc_soc/i_croc/i_core_wrap/i_core.register_file_i/rf_reg_483__reg/CK (DFFRQX3)
                         -0.12    9.78   library recovery time
                                  9.78   data required time
-----------------------------------------------------------------------------
                                  9.78   data required time
                                 -2.77   data arrival time
-----------------------------------------------------------------------------
                                  7.00   slack (MET)


Startpoint: i_croc_soc/i_croc/i_dmi_jtag/i_dmi_cdc.i_cdc_req/i_dst/async_ack_o_reg
            (rising edge-triggered flip-flop clocked by clk_sys)
Endpoint: i_croc_soc/i_croc/i_dm_top.i_dm_top/i_dm_csrs.progbuf_o_119__reg
          (rising edge-triggered flip-flop clocked by clk_sys)
Path Group: path delay
Path Type: max
Corner: tt

Fanout     Cap    Slew   Delay    Time   Description
-----------------------------------------------------------------------------
                  0.20    0.00    0.00 ^ i_croc_soc/i_croc/i_dmi_jtag/i_dmi_cdc.i_cdc_req/i_dst/async_ack_o_reg/CK (DFFRQX3)
     6    0.02    0.08    0.38    0.38 ^ i_croc_soc/i_croc/i_dmi_jtag/i_dmi_cdc.i_cdc_req/i_dst/async_ack_o_reg/Q (DFFRQX3)
                  0.08    0.00    0.38 ^ i_croc_soc/i_croc/i_dmi_jtag/i_dmi_cdc.i_cdc_req/i_dst/_152_/A (XOR2X1)
     1    0.00    0.08    0.11    0.49 ^ i_croc_soc/i_croc/i_dmi_jtag/i_dmi_cdc.i_cdc_req/i_dst/_152_/Y (XOR2X1)
                  0.08    0.00    0.49 ^ i_croc_soc/i_croc/i_dmi_jtag/i_dmi_cdc.i_cdc_req/_1_/AB (NOR2BX1)
     2    0.01    0.25    0.24    0.73 ^ i_croc_soc/i_croc/i_dmi_jtag/i_dmi_cdc.i_cdc_req/_1_/Y (NOR2BX1)
                  0.25    0.00    0.73 ^ i_croc_soc/i_croc/i_dm_top.i_dm_top/_3545_/A (NAND2X3)
     8    0.03    0.17    0.22    0.95 v i_croc_soc/i_croc/i_dm_top.i_dm_top/_3545_/Y (NAND2X3)
                  0.17    0.00    0.95 v i_croc_soc/i_croc/i_dm_top.i_dm_top/_3546_/B (NOR2X4)
     2    0.01    0.15    0.12    1.08 ^ i_croc_soc/i_croc/i_dm_top.i_dm_top/_3546_/Y (NOR2X4)
                  0.15    0.00    1.08 ^ i_croc_soc/i_croc/i_dm_top.i_dm_top/_3560_/A (NAND2X4)
     6    0.02    0.11    0.12    1.19 v i_croc_soc/i_croc/i_dm_top.i_dm_top/_3560_/Y (NAND2X4)
                  0.11    0.00    1.19 v i_croc_soc/i_croc/i_dm_top.i_dm_top/_4820_/A (OAI21X2)
     8    0.03    0.31    0.28    1.48 ^ i_croc_soc/i_croc/i_dm_top.i_dm_top/_4820_/Y (OAI21X2)
                  0.31    0.00    1.48 ^ i_croc_soc/i_croc/i_dm_top.i_dm_top/_4828_/D (AOAI211X2)
    11    0.04    0.44    0.46    1.93 v i_croc_soc/i_croc/i_dm_top.i_dm_top/_4828_/Y (AOAI211X2)
                  0.44    0.00    1.94 v place7647/A (BUFX3)
    10    0.02    0.09    0.26    2.20 v place7647/Y (BUFX3)
                  0.09    0.00    2.20 v i_croc_soc/i_croc/i_dm_top.i_dm_top/_4882_/C (NOR3BX1)
     1    0.00    0.23    0.13    2.33 ^ i_croc_soc/i_croc/i_dm_top.i_dm_top/_4882_/Y (NOR3BX1)
                  0.23    0.00    2.33 ^ i_croc_soc/i_croc/i_dm_top.i_dm_top/_4883_/C (AO21X2)
     1    0.00    0.04    0.16    2.50 ^ i_croc_soc/i_croc/i_dm_top.i_dm_top/_4883_/Y (AO21X2)
                  0.04    0.00    2.50 ^ i_croc_soc/i_croc/i_dm_top.i_dm_top/i_dm_csrs.progbuf_o_119__reg/D (DFFRQX3)
                                  2.50   data arrival time

                          3.00    3.00   max_delay
                         -0.08    2.92   library setup time
                                  2.92   data required time
-----------------------------------------------------------------------------
                                  2.92   data required time
                                 -2.50   data arrival time
-----------------------------------------------------------------------------
                                  0.42   slack (MET)


Startpoint: i_croc_soc/i_croc/i_dmi_jtag/td_o_reg
            (rising edge-triggered flip-flop clocked by clk_jtg')
Endpoint: jtag_tdo_o (output port clocked by clk_jtg)
Path Group: clk_jtg
Path Type: max
Corner: tt

Fanout     Cap    Slew   Delay    Time   Description
-----------------------------------------------------------------------------
                  0.20   12.50   12.50   clock clk_jtg' (rise edge)
                          0.00   12.50   clock network delay (ideal)
                  0.20    0.00   12.50 ^ i_croc_soc/i_croc/i_dmi_jtag/td_o_reg/CK (DFFRQX3)
     1    0.18    0.64    0.75   13.25 ^ i_croc_soc/i_croc/i_dmi_jtag/td_o_reg/Q (DFFRQX3)
                  0.88    0.09   13.33 ^ pad_jtag_tdo_o/c2p (sg13cmos5l_IOPadOut16mA)
     2   15.00    3.55    3.52   16.85 ^ pad_jtag_tdo_o/pad (sg13cmos5l_IOPadOut16mA)
                  2.66    0.00   16.85 ^ jtag_tdo_o (out)
                                 16.85   data arrival time

                  0.20   25.00   25.00   clock clk_jtg (rise edge)
                          0.00   25.00   clock network delay (ideal)
                         -0.10   24.90   clock uncertainty
                          0.00   24.90   clock reconvergence pessimism
                         -5.00   19.90   output external delay
                                 19.90   data required time
-----------------------------------------------------------------------------
                                 19.90   data required time
                                -16.85   data arrival time
-----------------------------------------------------------------------------
                                  3.05   slack (MET)


Startpoint: i_croc_soc/i_croc/i_core_wrap/i_core.id_stage_i.controller_i.instr_i_20__reg
            (rising edge-triggered flip-flop clocked by clk_sys)
Endpoint: i_croc_soc/i_croc/i_clint/obi_rsp_o[17]_reg
          (rising edge-triggered flip-flop clocked by clk_sys)
Path Group: clk_sys
Path Type: max
Corner: tt

Fanout     Cap    Slew   Delay    Time   Description
-----------------------------------------------------------------------------
                  0.20    0.00    0.00   clock clk_sys (rise edge)
                          0.00    0.00   clock network delay (ideal)
                  0.20    0.00    0.00 ^ i_croc_soc/i_croc/i_core_wrap/i_core.id_stage_i.controller_i.instr_i_20__reg/CK (DFFRQX3)
    12    0.06    0.21    0.48    0.48 ^ i_croc_soc/i_croc/i_core_wrap/i_core.id_stage_i.controller_i.instr_i_20__reg/Q (DFFRQX3)
                  0.21    0.00    0.48 ^ place9183/A (BUFX12)
    14    0.07    0.08    0.19    0.67 ^ place9183/Y (BUFX12)
                  0.08    0.00    0.68 ^ place9189/A (BUFX8)
    15    0.06    0.08    0.15    0.83 ^ place9189/Y (BUFX8)
                  0.08    0.00    0.83 ^ place9198/A (BUFX3)
    15    0.06    0.20    0.23    1.06 ^ place9198/Y (BUFX3)
                  0.20    0.00    1.06 ^ place9200/A (BUFX3)
     4    0.01    0.06    0.17    1.23 ^ place9200/Y (BUFX3)
                  0.06    0.00    1.23 ^ place9201/A (BUFX3)
    15    0.06    0.20    0.22    1.45 ^ place9201/Y (BUFX3)
                  0.20    0.00    1.45 ^ i_croc_soc/i_croc/i_core_wrap/i_core.register_file_i/_3818_/S0 (MUXI2X1)
     1    0.00    0.10    0.17    1.61 ^ i_croc_soc/i_croc/i_core_wrap/i_core.register_file_i/_3818_/Y (MUXI2X1)
                  0.10    0.00    1.61 ^ i_croc_soc/i_croc/i_core_wrap/i_core.register_file_i/_3820_/B (OAI22X1)
     1    0.00    0.12    0.14    1.75 v i_croc_soc/i_croc/i_core_wrap/i_core.register_file_i/_3820_/Y (OAI22X1)
                  0.12    0.00    1.75 v i_croc_soc/i_croc/i_core_wrap/i_core.register_file_i/_3827_/A (OAOI211X2)
     1    0.01    0.14    0.16    1.91 ^ i_croc_soc/i_croc/i_core_wrap/i_core.register_file_i/_3827_/Y (OAOI211X2)
                  0.14    0.00    1.91 ^ i_croc_soc/i_croc/i_core_wrap/i_core.register_file_i/_3835_/C (OAI211X2)
     2    0.05    0.48    0.44    2.36 v i_croc_soc/i_croc/i_core_wrap/i_core.register_file_i/_3835_/Y (OAI211X2)
                  0.48    0.01    2.36 v i_croc_soc/i_croc/i_core_wrap/_4449_/A (AOI221X2)
     2    0.01    0.19    0.30    2.66 ^ i_croc_soc/i_croc/i_core_wrap/_4449_/Y (AOI221X2)
                  0.19    0.00    2.66 ^ place7889/A (BUFX3)
     6    0.02    0.07    0.17    2.83 ^ place7889/Y (BUFX3)
                  0.07    0.00    2.83 ^ i_croc_soc/i_croc/i_core_wrap/_4450_/B (XOR2X2)
     7    0.02    0.23    0.25    3.09 ^ i_croc_soc/i_croc/i_core_wrap/_4450_/Y (XOR2X2)
                  0.23    0.00    3.09 ^ i_croc_soc/i_croc/i_core_wrap/_5164_/A (INVX1)
     3    0.01    0.09    0.13    3.21 v i_croc_soc/i_croc/i_core_wrap/_5164_/Y (INVX1)
                  0.09    0.00    3.21 v i_croc_soc/i_croc/i_core_wrap/_5167_/C (NOR3X1)
     1    0.00    0.12    0.11    3.33 ^ i_croc_soc/i_croc/i_core_wrap/_5167_/Y (NOR3X1)
                  0.12    0.00    3.33 ^ i_croc_soc/i_croc/i_core_wrap/_5168_/C (AOI21X1)
     2    0.01    0.12    0.09    3.41 v i_croc_soc/i_croc/i_core_wrap/_5168_/Y (AOI21X1)
                  0.12    0.00    3.41 v i_croc_soc/i_croc/i_core_wrap/_5169_/E (AOI221X1)
     2    0.01    0.29    0.30    3.71 ^ i_croc_soc/i_croc/i_core_wrap/_5169_/Y (AOI221X1)
                  0.29    0.00    3.71 ^ i_croc_soc/i_croc/i_core_wrap/_5175_/B (AO211X2)
     2    0.01    0.07    0.23    3.94 ^ i_croc_soc/i_croc/i_core_wrap/_5175_/Y (AO211X2)
                  0.07    0.00    3.94 ^ i_croc_soc/i_croc/i_core_wrap/_5176_/A (NAND2X4)
     2    0.01    0.05    0.07    4.01 v i_croc_soc/i_croc/i_core_wrap/_5176_/Y (NAND2X4)
                  0.05    0.00    4.01 v i_croc_soc/i_croc/i_core_wrap/_5940_/A (AOI221X1)
     1    0.01    0.28    0.28    4.29 ^ i_croc_soc/i_croc/i_core_wrap/_5940_/Y (AOI221X1)
                  0.28    0.00    4.29 ^ i_croc_soc/i_croc/i_core_wrap/_5942_/A (AOI211X2)
     2    0.01    0.12    0.19    4.48 v i_croc_soc/i_croc/i_core_wrap/_5942_/Y (AOI211X2)
                  0.12    0.00    4.48 v i_croc_soc/i_croc/i_core_wrap/_6981_/C (AO21X2)
     3    0.01    0.07    0.22    4.70 v i_croc_soc/i_croc/i_core_wrap/_6981_/Y (AO21X2)
                  0.07    0.00    4.70 v i_croc_soc/i_croc/i_core_wrap/_7296_/A0 (MUX2X2)
     2    0.01    0.05    0.16    4.86 v i_croc_soc/i_croc/i_core_wrap/_7296_/Y (MUX2X2)
                  0.05    0.00    4.86 v i_croc_soc/i_croc/_3175_/B (NOR3X1)
     2    0.01    0.21    0.20    5.06 ^ i_croc_soc/i_croc/_3175_/Y (NOR3X1)
                  0.21    0.00    5.06 ^ i_croc_soc/i_croc/_3177_/BB (NOR4BBX2)
     3    0.01    0.25    0.29    5.35 ^ i_croc_soc/i_croc/_3177_/Y (NOR4BBX2)
                  0.25    0.00    5.35 ^ i_croc_soc/i_croc/_3183_/C (AND3BX2)
     3    0.01    0.08    0.27    5.62 ^ i_croc_soc/i_croc/_3183_/Y (AND3BX2)
                  0.08    0.00    5.62 ^ i_croc_soc/i_croc/_3201_/A (AOI21X1)
     1    0.01    0.11    0.12    5.74 v i_croc_soc/i_croc/_3201_/Y (AOI21X1)
                  0.11    0.00    5.74 v i_croc_soc/i_croc/_3204_/C (OAI211X2)
     2    0.01    0.12    0.08    5.82 ^ i_croc_soc/i_croc/_3204_/Y (OAI211X2)
                  0.12    0.00    5.82 ^ place7179/A (BUFX3)
     4    0.01    0.05    0.13    5.95 ^ place7179/Y (BUFX3)
                  0.05    0.00    5.95 ^ i_croc_soc/i_croc/_3333_/B (AOI211X2)
     2    0.01    0.09    0.08    6.04 v i_croc_soc/i_croc/_3333_/Y (AOI211X2)
                  0.09    0.00    6.04 v i_croc_soc/i_croc/_3335_/A (AOAI211X2)
     4    0.02    0.21    0.21    6.25 ^ i_croc_soc/i_croc/_3335_/Y (AOAI211X2)
                  0.21    0.00    6.25 ^ i_croc_soc/i_croc/_3336_/B (NAND2X2)
     5    0.02    0.14    0.17    6.42 v i_croc_soc/i_croc/_3336_/Y (NAND2X2)
                  0.14    0.00    6.42 v place7126/A (BUFX8)
    13    0.04    0.06    0.17    6.59 v place7126/Y (BUFX8)
                  0.06    0.00    6.59 v place7127/A (BUFX3)
     9    0.02    0.08    0.14    6.73 v place7127/Y (BUFX3)
                  0.08    0.00    6.73 v i_croc_soc/i_croc/_3350_/E (AOI221X1)
     1    0.00    0.15    0.18    6.92 ^ i_croc_soc/i_croc/_3350_/Y (AOI221X1)
                  0.15    0.00    6.92 ^ i_croc_soc/i_croc/_3370_/C (AOI211X1)
     1    0.00    0.10    0.10    7.01 v i_croc_soc/i_croc/_3370_/Y (AOI211X1)
                  0.10    0.00    7.01 v i_croc_soc/i_croc/_3468_/A (OAI211X2)
     2    0.01    0.15    0.17    7.18 ^ i_croc_soc/i_croc/_3468_/Y (OAI211X2)
                  0.15    0.00    7.18 ^ place7071/A (BUFX3)
     8    0.02    0.07    0.16    7.34 ^ place7071/Y (BUFX3)
                  0.07    0.00    7.34 ^ i_croc_soc/i_croc/_3489_/A (NAND2X1)
     3    0.03    0.38    0.32    7.66 v i_croc_soc/i_croc/_3489_/Y (NAND2X1)
                  0.38    0.00    7.66 v i_croc_soc/i_croc/_3534_/AB (NAND2BX4)
     2    0.01    0.07    0.27    7.93 v i_croc_soc/i_croc/_3534_/Y (NAND2BX4)
                  0.07    0.00    7.93 v i_croc_soc/i_croc/_4165_/AB (NAND2BX1P5)
     5    0.01    0.13    0.17    8.09 v i_croc_soc/i_croc/_4165_/Y (NAND2BX1P5)
                  0.13    0.00    8.09 v i_croc_soc/i_croc/_4233_/B (NOR2X1)
     2    0.00    0.15    0.14    8.24 ^ i_croc_soc/i_croc/_4233_/Y (NOR2X1)
                  0.15    0.00    8.24 ^ i_croc_soc/i_croc/i_clint/_0555_/D (AND4X2)
     1    0.00    0.06    0.27    8.50 ^ i_croc_soc/i_croc/i_clint/_0555_/Y (AND4X2)
                  0.06    0.00    8.50 ^ i_croc_soc/i_croc/i_clint/_0556_/C (NAND3X1)
     1    0.00    0.13    0.12    8.63 v i_croc_soc/i_croc/i_clint/_0556_/Y (NAND3X1)
                  0.13    0.00    8.63 v i_croc_soc/i_croc/i_clint/_0557_/B (NOR3X2)
     1    0.02    0.32    0.30    8.93 ^ i_croc_soc/i_croc/i_clint/_0557_/Y (NOR3X2)
                  0.32    0.00    8.93 ^ place6685/A (BUFX12)
     4    0.02    0.04    0.20    9.13 ^ place6685/Y (BUFX12)
                  0.04    0.00    9.13 ^ place6686/A (BUFX12)
    14    0.03    0.04    0.11    9.24 ^ place6686/Y (BUFX12)
                  0.04    0.00    9.24 ^ i_croc_soc/i_croc/i_clint/_0836_/B (AND2X1)
     2    0.00    0.05    0.12    9.35 ^ i_croc_soc/i_croc/i_clint/_0836_/Y (AND2X1)
                  0.05    0.00    9.35 ^ place6638/A (BUFX3)
     9    0.03    0.10    0.14    9.50 ^ place6638/Y (BUFX3)
                  0.10    0.00    9.50 ^ i_croc_soc/i_croc/i_clint/_0838_/C (AOI22X1)
     1    0.00    0.12    0.11    9.61 v i_croc_soc/i_croc/i_clint/_0838_/Y (AOI22X1)
                  0.12    0.00    9.61 v i_croc_soc/i_croc/i_clint/_0839_/C (OAOI211X2)
     1    0.00    0.10    0.10    9.71 ^ i_croc_soc/i_croc/i_clint/_0839_/Y (OAOI211X2)
                  0.10    0.00    9.71 ^ i_croc_soc/i_croc/i_clint/obi_rsp_o[17]_reg/D (DFFRQX3)
                                  9.71   data arrival time

                  0.20   10.00   10.00   clock clk_sys (rise edge)
                          0.00   10.00   clock network delay (ideal)
                         -0.10    9.90   clock uncertainty
                          0.00    9.90   clock reconvergence pessimism
                                  9.90 ^ i_croc_soc/i_croc/i_clint/obi_rsp_o[17]_reg/CK (DFFRQX3)
                         -0.10    9.80   library setup time
                                  9.80   data required time
-----------------------------------------------------------------------------
                                  9.80   data required time
                                 -9.71   data arrival time
-----------------------------------------------------------------------------
                                  0.09   slack (MET)



==========================================================================
02_croc.placed report_checks -unconstrained
--------------------------------------------------------------------------
[WARNING STA-0168] unknown field nets.
Startpoint: i_croc_soc/i_rstgen.i_rstgen_bypass.synch_regs_q_3__reg
            (rising edge-triggered flip-flop clocked by clk_sys)
Endpoint: i_croc_soc/i_croc/i_core_wrap/i_core.register_file_i/rf_reg_483__reg
          (recovery check against rising-edge clock clk_sys)
Path Group: asynchronous
Path Type: max
Corner: tt

Fanout     Cap    Slew   Delay    Time   Description
-----------------------------------------------------------------------------
                  0.20    0.00    0.00   clock clk_sys (rise edge)
                          0.00    0.00   clock network delay (ideal)
                  0.20    0.00    0.00 ^ i_croc_soc/i_rstgen.i_rstgen_bypass.synch_regs_q_3__reg/CK (DFFRQX3)
     2    0.00    0.05    0.34    0.34 ^ i_croc_soc/i_rstgen.i_rstgen_bypass.synch_regs_q_3__reg/Q (DFFRQX3)
                  0.05    0.00    0.34 ^ i_croc_soc/i_rstgen.i_rstgen_bypass.i_tc_clk_mux2_rst_no/i_mux/A0 (MUX2X2)
    12    0.14    0.66    0.56    0.91 ^ i_croc_soc/i_rstgen.i_rstgen_bypass.i_tc_clk_mux2_rst_no/i_mux/Y (MUX2X2)
                  0.66    0.02    0.93 ^ place8489/A (BUFX3)
    16    0.10    0.37    0.50    1.42 ^ place8489/Y (BUFX3)
                  0.37    0.01    1.43 ^ place8496/A (BUFX3)
    15    0.06    0.23    0.34    1.77 ^ place8496/Y (BUFX3)
                  0.23    0.00    1.77 ^ place8501/A (BUFX3)
    16    0.06    0.22    0.29    2.06 ^ place8501/Y (BUFX3)
                  0.22    0.00    2.06 ^ place8504/A (BUFX3)
    14    0.05    0.18    0.26    2.33 ^ place8504/Y (BUFX3)
                  0.18    0.00    2.33 ^ place8507/A (BUFX3)
    11    0.04    0.15    0.23    2.55 ^ place8507/Y (BUFX3)
                  0.15    0.00    2.55 ^ place8508/A (BUFX3)
    11    0.04    0.16    0.22    2.77 ^ place8508/Y (BUFX3)
                  0.16    0.00    2.77 ^ i_croc_soc/i_croc/i_core_wrap/i_core.register_file_i/rf_reg_483__reg/RB (DFFRQX3)
                                  2.77   data arrival time

                  0.20   10.00   10.00   clock clk_sys (rise edge)
                          0.00   10.00   clock network delay (ideal)
                         -0.10    9.90   clock uncertainty
                          0.00    9.90   clock reconvergence pessimism
                                  9.90 ^ i_croc_soc/i_croc/i_core_wrap/i_core.register_file_i/rf_reg_483__reg/CK (DFFRQX3)
                         -0.12    9.78   library recovery time
                                  9.78   data required time
-----------------------------------------------------------------------------
                                  9.78   data required time
                                 -2.77   data arrival time
-----------------------------------------------------------------------------
                                  7.00   slack (MET)


Startpoint: i_croc_soc/i_croc/i_dmi_jtag/i_dmi_cdc.i_cdc_req/i_dst/async_ack_o_reg
            (rising edge-triggered flip-flop clocked by clk_sys)
Endpoint: i_croc_soc/i_croc/i_dm_top.i_dm_top/i_dm_csrs.progbuf_o_119__reg
          (rising edge-triggered flip-flop clocked by clk_sys)
Path Group: path delay
Path Type: max
Corner: tt

Fanout     Cap    Slew   Delay    Time   Description
-----------------------------------------------------------------------------
                  0.20    0.00    0.00 ^ i_croc_soc/i_croc/i_dmi_jtag/i_dmi_cdc.i_cdc_req/i_dst/async_ack_o_reg/CK (DFFRQX3)
     6    0.02    0.08    0.38    0.38 ^ i_croc_soc/i_croc/i_dmi_jtag/i_dmi_cdc.i_cdc_req/i_dst/async_ack_o_reg/Q (DFFRQX3)
                  0.08    0.00    0.38 ^ i_croc_soc/i_croc/i_dmi_jtag/i_dmi_cdc.i_cdc_req/i_dst/_152_/A (XOR2X1)
     1    0.00    0.08    0.11    0.49 ^ i_croc_soc/i_croc/i_dmi_jtag/i_dmi_cdc.i_cdc_req/i_dst/_152_/Y (XOR2X1)
                  0.08    0.00    0.49 ^ i_croc_soc/i_croc/i_dmi_jtag/i_dmi_cdc.i_cdc_req/_1_/AB (NOR2BX1)
     2    0.01    0.25    0.24    0.73 ^ i_croc_soc/i_croc/i_dmi_jtag/i_dmi_cdc.i_cdc_req/_1_/Y (NOR2BX1)
                  0.25    0.00    0.73 ^ i_croc_soc/i_croc/i_dm_top.i_dm_top/_3545_/A (NAND2X3)
     8    0.03    0.17    0.22    0.95 v i_croc_soc/i_croc/i_dm_top.i_dm_top/_3545_/Y (NAND2X3)
                  0.17    0.00    0.95 v i_croc_soc/i_croc/i_dm_top.i_dm_top/_3546_/B (NOR2X4)
     2    0.01    0.15    0.12    1.08 ^ i_croc_soc/i_croc/i_dm_top.i_dm_top/_3546_/Y (NOR2X4)
                  0.15    0.00    1.08 ^ i_croc_soc/i_croc/i_dm_top.i_dm_top/_3560_/A (NAND2X4)
     6    0.02    0.11    0.12    1.19 v i_croc_soc/i_croc/i_dm_top.i_dm_top/_3560_/Y (NAND2X4)
                  0.11    0.00    1.19 v i_croc_soc/i_croc/i_dm_top.i_dm_top/_4820_/A (OAI21X2)
     8    0.03    0.31    0.28    1.48 ^ i_croc_soc/i_croc/i_dm_top.i_dm_top/_4820_/Y (OAI21X2)
                  0.31    0.00    1.48 ^ i_croc_soc/i_croc/i_dm_top.i_dm_top/_4828_/D (AOAI211X2)
    11    0.04    0.44    0.46    1.93 v i_croc_soc/i_croc/i_dm_top.i_dm_top/_4828_/Y (AOAI211X2)
                  0.44    0.00    1.94 v place7647/A (BUFX3)
    10    0.02    0.09    0.26    2.20 v place7647/Y (BUFX3)
                  0.09    0.00    2.20 v i_croc_soc/i_croc/i_dm_top.i_dm_top/_4882_/C (NOR3BX1)
     1    0.00    0.23    0.13    2.33 ^ i_croc_soc/i_croc/i_dm_top.i_dm_top/_4882_/Y (NOR3BX1)
                  0.23    0.00    2.33 ^ i_croc_soc/i_croc/i_dm_top.i_dm_top/_4883_/C (AO21X2)
     1    0.00    0.04    0.16    2.50 ^ i_croc_soc/i_croc/i_dm_top.i_dm_top/_4883_/Y (AO21X2)
                  0.04    0.00    2.50 ^ i_croc_soc/i_croc/i_dm_top.i_dm_top/i_dm_csrs.progbuf_o_119__reg/D (DFFRQX3)
                                  2.50   data arrival time

                          3.00    3.00   max_delay
                         -0.08    2.92   library setup time
                                  2.92   data required time
-----------------------------------------------------------------------------
                                  2.92   data required time
                                 -2.50   data arrival time
-----------------------------------------------------------------------------
                                  0.42   slack (MET)


Startpoint: i_croc_soc/i_croc/i_dmi_jtag/td_o_reg
            (rising edge-triggered flip-flop clocked by clk_jtg')
Endpoint: jtag_tdo_o (output port clocked by clk_jtg)
Path Group: clk_jtg
Path Type: max
Corner: tt

Fanout     Cap    Slew   Delay    Time   Description
-----------------------------------------------------------------------------
                  0.20   12.50   12.50   clock clk_jtg' (rise edge)
                          0.00   12.50   clock network delay (ideal)
                  0.20    0.00   12.50 ^ i_croc_soc/i_croc/i_dmi_jtag/td_o_reg/CK (DFFRQX3)
     1    0.18    0.64    0.75   13.25 ^ i_croc_soc/i_croc/i_dmi_jtag/td_o_reg/Q (DFFRQX3)
                  0.88    0.09   13.33 ^ pad_jtag_tdo_o/c2p (sg13cmos5l_IOPadOut16mA)
     2   15.00    3.55    3.52   16.85 ^ pad_jtag_tdo_o/pad (sg13cmos5l_IOPadOut16mA)
                  2.66    0.00   16.85 ^ jtag_tdo_o (out)
                                 16.85   data arrival time

                  0.20   25.00   25.00   clock clk_jtg (rise edge)
                          0.00   25.00   clock network delay (ideal)
                         -0.10   24.90   clock uncertainty
                          0.00   24.90   clock reconvergence pessimism
                         -5.00   19.90   output external delay
                                 19.90   data required time
-----------------------------------------------------------------------------
                                 19.90   data required time
                                -16.85   data arrival time
-----------------------------------------------------------------------------
                                  3.05   slack (MET)


Startpoint: i_croc_soc/i_croc/i_core_wrap/i_core.id_stage_i.controller_i.instr_i_20__reg
            (rising edge-triggered flip-flop clocked by clk_sys)
Endpoint: i_croc_soc/i_croc/i_clint/obi_rsp_o[17]_reg
          (rising edge-triggered flip-flop clocked by clk_sys)
Path Group: clk_sys
Path Type: max
Corner: tt

Fanout     Cap    Slew   Delay    Time   Description
-----------------------------------------------------------------------------
                  0.20    0.00    0.00   clock clk_sys (rise edge)
                          0.00    0.00   clock network delay (ideal)
                  0.20    0.00    0.00 ^ i_croc_soc/i_croc/i_core_wrap/i_core.id_stage_i.controller_i.instr_i_20__reg/CK (DFFRQX3)
    12    0.06    0.21    0.48    0.48 ^ i_croc_soc/i_croc/i_core_wrap/i_core.id_stage_i.controller_i.instr_i_20__reg/Q (DFFRQX3)
                  0.21    0.00    0.48 ^ place9183/A (BUFX12)
    14    0.07    0.08    0.19    0.67 ^ place9183/Y (BUFX12)
                  0.08    0.00    0.68 ^ place9189/A (BUFX8)
    15    0.06    0.08    0.15    0.83 ^ place9189/Y (BUFX8)
                  0.08    0.00    0.83 ^ place9198/A (BUFX3)
    15    0.06    0.20    0.23    1.06 ^ place9198/Y (BUFX3)
                  0.20    0.00    1.06 ^ place9200/A (BUFX3)
     4    0.01    0.06    0.17    1.23 ^ place9200/Y (BUFX3)
                  0.06    0.00    1.23 ^ place9201/A (BUFX3)
    15    0.06    0.20    0.22    1.45 ^ place9201/Y (BUFX3)
                  0.20    0.00    1.45 ^ i_croc_soc/i_croc/i_core_wrap/i_core.register_file_i/_3818_/S0 (MUXI2X1)
     1    0.00    0.10    0.17    1.61 ^ i_croc_soc/i_croc/i_core_wrap/i_core.register_file_i/_3818_/Y (MUXI2X1)
                  0.10    0.00    1.61 ^ i_croc_soc/i_croc/i_core_wrap/i_core.register_file_i/_3820_/B (OAI22X1)
     1    0.00    0.12    0.14    1.75 v i_croc_soc/i_croc/i_core_wrap/i_core.register_file_i/_3820_/Y (OAI22X1)
                  0.12    0.00    1.75 v i_croc_soc/i_croc/i_core_wrap/i_core.register_file_i/_3827_/A (OAOI211X2)
     1    0.01    0.14    0.16    1.91 ^ i_croc_soc/i_croc/i_core_wrap/i_core.register_file_i/_3827_/Y (OAOI211X2)
                  0.14    0.00    1.91 ^ i_croc_soc/i_croc/i_core_wrap/i_core.register_file_i/_3835_/C (OAI211X2)
     2    0.05    0.48    0.44    2.36 v i_croc_soc/i_croc/i_core_wrap/i_core.register_file_i/_3835_/Y (OAI211X2)
                  0.48    0.01    2.36 v i_croc_soc/i_croc/i_core_wrap/_4449_/A (AOI221X2)
     2    0.01    0.19    0.30    2.66 ^ i_croc_soc/i_croc/i_core_wrap/_4449_/Y (AOI221X2)
                  0.19    0.00    2.66 ^ place7889/A (BUFX3)
     6    0.02    0.07    0.17    2.83 ^ place7889/Y (BUFX3)
                  0.07    0.00    2.83 ^ i_croc_soc/i_croc/i_core_wrap/_4450_/B (XOR2X2)
     7    0.02    0.23    0.25    3.09 ^ i_croc_soc/i_croc/i_core_wrap/_4450_/Y (XOR2X2)
                  0.23    0.00    3.09 ^ i_croc_soc/i_croc/i_core_wrap/_5164_/A (INVX1)
     3    0.01    0.09    0.13    3.21 v i_croc_soc/i_croc/i_core_wrap/_5164_/Y (INVX1)
                  0.09    0.00    3.21 v i_croc_soc/i_croc/i_core_wrap/_5167_/C (NOR3X1)
     1    0.00    0.12    0.11    3.33 ^ i_croc_soc/i_croc/i_core_wrap/_5167_/Y (NOR3X1)
                  0.12    0.00    3.33 ^ i_croc_soc/i_croc/i_core_wrap/_5168_/C (AOI21X1)
     2    0.01    0.12    0.09    3.41 v i_croc_soc/i_croc/i_core_wrap/_5168_/Y (AOI21X1)
                  0.12    0.00    3.41 v i_croc_soc/i_croc/i_core_wrap/_5169_/E (AOI221X1)
     2    0.01    0.29    0.30    3.71 ^ i_croc_soc/i_croc/i_core_wrap/_5169_/Y (AOI221X1)
                  0.29    0.00    3.71 ^ i_croc_soc/i_croc/i_core_wrap/_5175_/B (AO211X2)
     2    0.01    0.07    0.23    3.94 ^ i_croc_soc/i_croc/i_core_wrap/_5175_/Y (AO211X2)
                  0.07    0.00    3.94 ^ i_croc_soc/i_croc/i_core_wrap/_5176_/A (NAND2X4)
     2    0.01    0.05    0.07    4.01 v i_croc_soc/i_croc/i_core_wrap/_5176_/Y (NAND2X4)
                  0.05    0.00    4.01 v i_croc_soc/i_croc/i_core_wrap/_5940_/A (AOI221X1)
     1    0.01    0.28    0.28    4.29 ^ i_croc_soc/i_croc/i_core_wrap/_5940_/Y (AOI221X1)
                  0.28    0.00    4.29 ^ i_croc_soc/i_croc/i_core_wrap/_5942_/A (AOI211X2)
     2    0.01    0.12    0.19    4.48 v i_croc_soc/i_croc/i_core_wrap/_5942_/Y (AOI211X2)
                  0.12    0.00    4.48 v i_croc_soc/i_croc/i_core_wrap/_6981_/C (AO21X2)
     3    0.01    0.07    0.22    4.70 v i_croc_soc/i_croc/i_core_wrap/_6981_/Y (AO21X2)
                  0.07    0.00    4.70 v i_croc_soc/i_croc/i_core_wrap/_7296_/A0 (MUX2X2)
     2    0.01    0.05    0.16    4.86 v i_croc_soc/i_croc/i_core_wrap/_7296_/Y (MUX2X2)
                  0.05    0.00    4.86 v i_croc_soc/i_croc/_3175_/B (NOR3X1)
     2    0.01    0.21    0.20    5.06 ^ i_croc_soc/i_croc/_3175_/Y (NOR3X1)
                  0.21    0.00    5.06 ^ i_croc_soc/i_croc/_3177_/BB (NOR4BBX2)
     3    0.01    0.25    0.29    5.35 ^ i_croc_soc/i_croc/_3177_/Y (NOR4BBX2)
                  0.25    0.00    5.35 ^ i_croc_soc/i_croc/_3183_/C (AND3BX2)
     3    0.01    0.08    0.27    5.62 ^ i_croc_soc/i_croc/_3183_/Y (AND3BX2)
                  0.08    0.00    5.62 ^ i_croc_soc/i_croc/_3201_/A (AOI21X1)
     1    0.01    0.11    0.12    5.74 v i_croc_soc/i_croc/_3201_/Y (AOI21X1)
                  0.11    0.00    5.74 v i_croc_soc/i_croc/_3204_/C (OAI211X2)
     2    0.01    0.12    0.08    5.82 ^ i_croc_soc/i_croc/_3204_/Y (OAI211X2)
                  0.12    0.00    5.82 ^ place7179/A (BUFX3)
     4    0.01    0.05    0.13    5.95 ^ place7179/Y (BUFX3)
                  0.05    0.00    5.95 ^ i_croc_soc/i_croc/_3333_/B (AOI211X2)
     2    0.01    0.09    0.08    6.04 v i_croc_soc/i_croc/_3333_/Y (AOI211X2)
                  0.09    0.00    6.04 v i_croc_soc/i_croc/_3335_/A (AOAI211X2)
     4    0.02    0.21    0.21    6.25 ^ i_croc_soc/i_croc/_3335_/Y (AOAI211X2)
                  0.21    0.00    6.25 ^ i_croc_soc/i_croc/_3336_/B (NAND2X2)
     5    0.02    0.14    0.17    6.42 v i_croc_soc/i_croc/_3336_/Y (NAND2X2)
                  0.14    0.00    6.42 v place7126/A (BUFX8)
    13    0.04    0.06    0.17    6.59 v place7126/Y (BUFX8)
                  0.06    0.00    6.59 v place7127/A (BUFX3)
     9    0.02    0.08    0.14    6.73 v place7127/Y (BUFX3)
                  0.08    0.00    6.73 v i_croc_soc/i_croc/_3350_/E (AOI221X1)
     1    0.00    0.15    0.18    6.92 ^ i_croc_soc/i_croc/_3350_/Y (AOI221X1)
                  0.15    0.00    6.92 ^ i_croc_soc/i_croc/_3370_/C (AOI211X1)
     1    0.00    0.10    0.10    7.01 v i_croc_soc/i_croc/_3370_/Y (AOI211X1)
                  0.10    0.00    7.01 v i_croc_soc/i_croc/_3468_/A (OAI211X2)
     2    0.01    0.15    0.17    7.18 ^ i_croc_soc/i_croc/_3468_/Y (OAI211X2)
                  0.15    0.00    7.18 ^ place7071/A (BUFX3)
     8    0.02    0.07    0.16    7.34 ^ place7071/Y (BUFX3)
                  0.07    0.00    7.34 ^ i_croc_soc/i_croc/_3489_/A (NAND2X1)
     3    0.03    0.38    0.32    7.66 v i_croc_soc/i_croc/_3489_/Y (NAND2X1)
                  0.38    0.00    7.66 v i_croc_soc/i_croc/_3534_/AB (NAND2BX4)
     2    0.01    0.07    0.27    7.93 v i_croc_soc/i_croc/_3534_/Y (NAND2BX4)
                  0.07    0.00    7.93 v i_croc_soc/i_croc/_4165_/AB (NAND2BX1P5)
     5    0.01    0.13    0.17    8.09 v i_croc_soc/i_croc/_4165_/Y (NAND2BX1P5)
                  0.13    0.00    8.09 v i_croc_soc/i_croc/_4233_/B (NOR2X1)
     2    0.00    0.15    0.14    8.24 ^ i_croc_soc/i_croc/_4233_/Y (NOR2X1)
                  0.15    0.00    8.24 ^ i_croc_soc/i_croc/i_clint/_0555_/D (AND4X2)
     1    0.00    0.06    0.27    8.50 ^ i_croc_soc/i_croc/i_clint/_0555_/Y (AND4X2)
                  0.06    0.00    8.50 ^ i_croc_soc/i_croc/i_clint/_0556_/C (NAND3X1)
     1    0.00    0.13    0.12    8.63 v i_croc_soc/i_croc/i_clint/_0556_/Y (NAND3X1)
                  0.13    0.00    8.63 v i_croc_soc/i_croc/i_clint/_0557_/B (NOR3X2)
     1    0.02    0.32    0.30    8.93 ^ i_croc_soc/i_croc/i_clint/_0557_/Y (NOR3X2)
                  0.32    0.00    8.93 ^ place6685/A (BUFX12)
     4    0.02    0.04    0.20    9.13 ^ place6685/Y (BUFX12)
                  0.04    0.00    9.13 ^ place6686/A (BUFX12)
    14    0.03    0.04    0.11    9.24 ^ place6686/Y (BUFX12)
                  0.04    0.00    9.24 ^ i_croc_soc/i_croc/i_clint/_0836_/B (AND2X1)
     2    0.00    0.05    0.12    9.35 ^ i_croc_soc/i_croc/i_clint/_0836_/Y (AND2X1)
                  0.05    0.00    9.35 ^ place6638/A (BUFX3)
     9    0.03    0.10    0.14    9.50 ^ place6638/Y (BUFX3)
                  0.10    0.00    9.50 ^ i_croc_soc/i_croc/i_clint/_0838_/C (AOI22X1)
     1    0.00    0.12    0.11    9.61 v i_croc_soc/i_croc/i_clint/_0838_/Y (AOI22X1)
                  0.12    0.00    9.61 v i_croc_soc/i_croc/i_clint/_0839_/C (OAOI211X2)
     1    0.00    0.10    0.10    9.71 ^ i_croc_soc/i_croc/i_clint/_0839_/Y (OAOI211X2)
                  0.10    0.00    9.71 ^ i_croc_soc/i_croc/i_clint/obi_rsp_o[17]_reg/D (DFFRQX3)
                                  9.71   data arrival time

                  0.20   10.00   10.00   clock clk_sys (rise edge)
                          0.00   10.00   clock network delay (ideal)
                         -0.10    9.90   clock uncertainty
                          0.00    9.90   clock reconvergence pessimism
                                  9.90 ^ i_croc_soc/i_croc/i_clint/obi_rsp_o[17]_reg/CK (DFFRQX3)
                         -0.10    9.80   library setup time
                                  9.80   data required time
-----------------------------------------------------------------------------
                                  9.80   data required time
                                 -9.71   data arrival time
-----------------------------------------------------------------------------
                                  0.09   slack (MET)



==========================================================================
02_croc.placed report_check_types -max_slew -max_cap -max_fanout -violators
--------------------------------------------------------------------------

==========================================================================
02_croc.placed max_slew_check_slack
--------------------------------------------------------------------------
-2.4305672645568848

==========================================================================
02_croc.placed max_slew_check_limit
--------------------------------------------------------------------------
1.2000000476837158

==========================================================================
02_croc.placed max_slew_check_slack_limit
--------------------------------------------------------------------------
-2.0255

==========================================================================
02_croc.placed max_fanout_check_slack
--------------------------------------------------------------------------
0.0

==========================================================================
02_croc.placed max_fanout_check_limit
--------------------------------------------------------------------------
16.0

==========================================================================
02_croc.placed max_fanout_check_slack_limit
--------------------------------------------------------------------------
0.0000

==========================================================================
02_croc.placed max_capacitance_check_slack
--------------------------------------------------------------------------
-11.160959243774414

==========================================================================
02_croc.placed max_capacitance_check_limit
--------------------------------------------------------------------------
4.21304988861084

==========================================================================
02_croc.placed max_capacitance_check_slack_limit
--------------------------------------------------------------------------
-2.6491

==========================================================================
02_croc.placed max_slew_violation_count
--------------------------------------------------------------------------
max slew violation count 71

==========================================================================
02_croc.placed max_fanout_violation_count
--------------------------------------------------------------------------
max fanout violation count 0

==========================================================================
02_croc.placed max_cap_violation_count
--------------------------------------------------------------------------
max cap violation count 134

==========================================================================
02_croc.placed setup_violation_count
--------------------------------------------------------------------------
setup violation count 0

==========================================================================
02_croc.placed hold_violation_count
--------------------------------------------------------------------------
hold violation count 0

==========================================================================
02_croc.placed critical path delay
--------------------------------------------------------------------------
9.7150

==========================================================================
02_croc.placed critical path slack
--------------------------------------------------------------------------
0.0881

==========================================================================
02_croc.placed slack div critical path delay
--------------------------------------------------------------------------
0.906845

==========================================================================
02_croc.placed report_power tt
--------------------------------------------------------------------------
Group                  Internal  Switching    Leakage      Total
                          Power      Power      Power      Power (Watts)
----------------------------------------------------------------
Sequential             7.16e-03   1.49e-04   1.33e-06   7.31e-03  56.9%
Combinational          2.80e-04   5.99e-04   1.99e-06   8.80e-04   6.9%
Clock                  6.74e-07   2.88e-07   1.79e-10   9.62e-07   0.0%
Macro                  6.46e-05   0.00e+00   3.96e-07   6.50e-05   0.5%
Pad                    2.83e-04   4.31e-03   1.08e-07   4.59e-03  35.8%
----------------------------------------------------------------
Total                  7.79e-03   5.06e-03   3.83e-06   1.29e-02 100.0%
                          60.6%      39.4%       0.0%

==========================================================================
02_croc.placed report_design_area
--------------------------------------------------------------------------

==========================================================================
02_croc.placed area by hierarchy
--------------------------------------------------------------------------

--------------------------------------------------------------------------------
Design Area Summary
--------------------------------------------------------------------------------
Die Area:              4629056.0 um2
Core Area:             2200258.368 um2
Total Area:            2236539.856 um2
Total Active Area:     593819.8559999999 um2

Core Utilization:      0.2698864209023656
Std Cell Utilization:  0.21284599551837244

--------------------------------------------------------------------------------
Hierarchical Area Report
--------------------------------------------------------------------------------
                                                                                Global Area (um^2)                                                              Global Instances                                                                Local Area (um^2)                                                               Local Instances
                                                                                ------------------------------------------------------------------------------- ------------------------------------------------------------------------------- ------------------------------------------------------------------------------- ----------------------------------------------------------------------------
Hierarchy Name                                                                  Total           StdCell         Macro           Cover           Pad             Total           StdCell         Macro           Cover           Pad             Total           StdCell         Macro           Cover           Pad             Total           StdCell         Macro           Cover           Pad             
-----------------------------------------------------------------------------------------------------------------------------------------------------------------------------------------------------------------------------------------------------------------------------------------------------------------------------------------------------------------------------------------------------------
<top>                                                                           2236539.856     434380.061      159439.795      313600.000      1329120.000     43964           43640           2               64              258             1695713.382     52993.382       0.000           313600.000      1329120.000     11726           11404           0               64              258             
  i_croc_soc                                                                    540826.474      381386.678      159439.795      0.000           0.000           32238           32236           2               0               0               117.130         117.130         0.000           0.000           0.000           5               5               0               0               0               
    i_croc                                                                      469903.795      310464.000      159439.795      0.000           0.000           24856           24854           2               0               0               30400.070       30400.070       0.000           0.000           0.000           3592            3592            0               0               0               
      gen_sram_bank\[0\].i_sram                                                 80054.352       334.454         79719.898       0.000           0.000           80              79              1               0               0               80054.352       334.454         79719.898       0.000           0.000           80              79              1               0               0               
      gen_sram_bank\[1\].i_sram                                                 80054.352       334.454         79719.898       0.000           0.000           80              79              1               0               0               80054.352       334.454         79719.898       0.000           0.000           80              79              1               0               0               
      i_bootrom                                                                 2740.550        2740.550        0.000           0.000           0.000           302             302             0               0               0               2740.550        2740.550        0.000           0.000           0.000           302             302             0               0               0               
      i_clint                                                                   9884.045        9884.045        0.000           0.000           0.000           719             719             0               0               0               9827.597        9827.597        0.000           0.000           0.000           717             717             0               0               0               
        i_sync                                                                  56.448          56.448          0.000           0.000           0.000           2               2               0               0               0               56.448          56.448          0.000           0.000           0.000           2               2               0               0               0               
      i_core_wrap                                                               139803.350      139803.350      0.000           0.000           0.000           10607           10607           0               0               0               45423.706       45423.706       0.000           0.000           0.000           4260            4260            0               0               0               
        i_core.cs_registers_i                                                   34611.091       34611.091       0.000           0.000           0.000           2826            2826            0               0               0               34611.091       34611.091       0.000           0.000           0.000           2826            2826            0               0               0               
        i_core.register_file_i                                                  59768.554       59768.554       0.000           0.000           0.000           3521            3521            0               0               0               59768.554       59768.554       0.000           0.000           0.000           3521            3521            0               0               0               
      i_dm_top.i_dm_top                                                         47762.064       47762.064       0.000           0.000           0.000           3950            3950            0               0               0               47762.064       47762.064       0.000           0.000           0.000           3950            3950            0               0               0               
      i_dmi_jtag                                                                23349.715       23349.715       0.000           0.000           0.000           1745            1745            0               0               0               10452.758       10452.758       0.000           0.000           0.000           843             843             0               0               0               
        i_dmi_cdc.i_cdc_req                                                     6779.405        6779.405        0.000           0.000           0.000           470             470             0               0               0               141.120         141.120         0.000           0.000           0.000           8               8               0               0               0               
          i_cdc_reset_ctrlr                                                     2346.826        2346.826        0.000           0.000           0.000           195             195             0               0               0               0.000           0.000           0.000           0.000           0.000           0               0               0               0               0               
            i_cdc_reset_ctrlr_half_a                                            1171.296        1171.296        0.000           0.000           0.000           97              97              0               0               0               640.685         640.685         0.000           0.000           0.000           62              62              0               0               0               
              i_state_transition_cdc_dst                                        198.979         198.979         0.000           0.000           0.000           13              13              0               0               0               142.531         142.531         0.000           0.000           0.000           11              11              0               0               0               
                i_sync                                                          56.448          56.448          0.000           0.000           0.000           2               2               0               0               0               56.448          56.448          0.000           0.000           0.000           2               2               0               0               0               
              i_state_transition_cdc_src                                        331.632         331.632         0.000           0.000           0.000           22              22              0               0               0               275.184         275.184         0.000           0.000           0.000           20              20              0               0               0               
                i_sync                                                          56.448          56.448          0.000           0.000           0.000           2               2               0               0               0               56.448          56.448          0.000           0.000           0.000           2               2               0               0               0               
            i_cdc_reset_ctrlr_half_b                                            1175.530        1175.530        0.000           0.000           0.000           98              98              0               0               0               644.918         644.918         0.000           0.000           0.000           63              63              0               0               0               
              i_state_transition_cdc_dst                                        198.979         198.979         0.000           0.000           0.000           13              13              0               0               0               142.531         142.531         0.000           0.000           0.000           11              11              0               0               0               
                i_sync                                                          56.448          56.448          0.000           0.000           0.000           2               2               0               0               0               56.448          56.448          0.000           0.000           0.000           2               2               0               0               0               
              i_state_transition_cdc_src                                        331.632         331.632         0.000           0.000           0.000           22              22              0               0               0               275.184         275.184         0.000           0.000           0.000           20              20              0               0               0               
                i_sync                                                          56.448          56.448          0.000           0.000           0.000           2               2               0               0               0               56.448          56.448          0.000           0.000           0.000           2               2               0               0               0               
          i_dst                                                                 2167.603        2167.603        0.000           0.000           0.000           135             135             0               0               0               2082.931        2082.931        0.000           0.000           0.000           132             132             0               0               0               
            i_sync                                                              84.672          84.672          0.000           0.000           0.000           3               3               0               0               0               84.672          84.672          0.000           0.000           0.000           3               3               0               0               0               
          i_src                                                                 2123.856        2123.856        0.000           0.000           0.000           132             132             0               0               0               2039.184        2039.184        0.000           0.000           0.000           129             129             0               0               0               
            i_sync                                                              84.672          84.672          0.000           0.000           0.000           3               3               0               0               0               84.672          84.672          0.000           0.000           0.000           3               3               0               0               0               
        i_dmi_cdc.i_cdc_resp                                                    6100.618        6100.618        0.000           0.000           0.000           430             430             0               0               0               145.354         145.354         0.000           0.000           0.000           9               9               0               0               0               
          i_cdc_reset_ctrlr                                                     2334.125        2334.125        0.000           0.000           0.000           196             196             0               0               0               0.000           0.000           0.000           0.000           0.000           0               0               0               0               0               
            i_cdc_reset_ctrlr_half_a                                            1162.829        1162.829        0.000           0.000           0.000           99              99              0               0               0               632.218         632.218         0.000           0.000           0.000           64              64              0               0               0               
              i_state_transition_cdc_dst                                        198.979         198.979         0.000           0.000           0.000           13              13              0               0               0               142.531         142.531         0.000           0.000           0.000           11              11              0               0               0               
                i_sync                                                          56.448          56.448          0.000           0.000           0.000           2               2               0               0               0               56.448          56.448          0.000           0.000           0.000           2               2               0               0               0               
              i_state_transition_cdc_src                                        331.632         331.632         0.000           0.000           0.000           22              22              0               0               0               275.184         275.184         0.000           0.000           0.000           20              20              0               0               0               
                i_sync                                                          56.448          56.448          0.000           0.000           0.000           2               2               0               0               0               56.448          56.448          0.000           0.000           0.000           2               2               0               0               0               
            i_cdc_reset_ctrlr_half_b                                            1171.296        1171.296        0.000           0.000           0.000           97              97              0               0               0               640.685         640.685         0.000           0.000           0.000           62              62              0               0               0               
              i_state_transition_cdc_dst                                        198.979         198.979         0.000           0.000           0.000           13              13              0               0               0               142.531         142.531         0.000           0.000           0.000           11              11              0               0               0               
                i_sync                                                          56.448          56.448          0.000           0.000           0.000           2               2               0               0               0               56.448          56.448          0.000           0.000           0.000           2               2               0               0               0               
              i_state_transition_cdc_src                                        331.632         331.632         0.000           0.000           0.000           22              22              0               0               0               275.184         275.184         0.000           0.000           0.000           20              20              0               0               0               
                i_sync                                                          56.448          56.448          0.000           0.000           0.000           2               2               0               0               0               56.448          56.448          0.000           0.000           0.000           2               2               0               0               0               
          i_dst                                                                 1833.149        1833.149        0.000           0.000           0.000           114             114             0               0               0               1748.477        1748.477        0.000           0.000           0.000           111             111             0               0               0               
            i_sync                                                              84.672          84.672          0.000           0.000           0.000           3               3               0               0               0               84.672          84.672          0.000           0.000           0.000           3               3               0               0               0               
          i_src                                                                 1787.990        1787.990        0.000           0.000           0.000           111             111             0               0               0               1703.318        1703.318        0.000           0.000           0.000           108             108             0               0               0               
            i_sync                                                              84.672          84.672          0.000           0.000           0.000           3               3               0               0               0               84.672          84.672          0.000           0.000           0.000           3               3               0               0               0               
        i_dmi_jtag_tap.i_dft_tck_mux                                            12.701          12.701          0.000           0.000           0.000           1               1               0               0               0               12.701          12.701          0.000           0.000           0.000           1               1               0               0               0               
        i_dmi_jtag_tap.i_tck_inv                                                4.234           4.234           0.000           0.000           0.000           1               1               0               0               0               4.234           4.234           0.000           0.000           0.000           1               1               0               0               0               
      i_gpio                                                                    17031.773       17031.773       0.000           0.000           0.000           1224            1224            0               0               0               15225.437       15225.437       0.000           0.000           0.000           1160            1160            0               0               0               
        gen_gpios\[0\].i_sync                                                   56.448          56.448          0.000           0.000           0.000           2               2               0               0               0               56.448          56.448          0.000           0.000           0.000           2               2               0               0               0               
        gen_gpios\[10\].i_sync                                                  56.448          56.448          0.000           0.000           0.000           2               2               0               0               0               56.448          56.448          0.000           0.000           0.000           2               2               0               0               0               
        gen_gpios\[11\].i_sync                                                  56.448          56.448          0.000           0.000           0.000           2               2               0               0               0               56.448          56.448          0.000           0.000           0.000           2               2               0               0               0               
        gen_gpios\[12\].i_sync                                                  56.448          56.448          0.000           0.000           0.000           2               2               0               0               0               56.448          56.448          0.000           0.000           0.000           2               2               0               0               0               
        gen_gpios\[13\].i_sync                                                  56.448          56.448          0.000           0.000           0.000           2               2               0               0               0               56.448          56.448          0.000           0.000           0.000           2               2               0               0               0               
        gen_gpios\[14\].i_sync                                                  56.448          56.448          0.000           0.000           0.000           2               2               0               0               0               56.448          56.448          0.000           0.000           0.000           2               2               0               0               0               
        gen_gpios\[15\].i_sync                                                  56.448          56.448          0.000           0.000           0.000           2               2               0               0               0               56.448          56.448          0.000           0.000           0.000           2               2               0               0               0               
        gen_gpios\[16\].i_sync                                                  56.448          56.448          0.000           0.000           0.000           2               2               0               0               0               56.448          56.448          0.000           0.000           0.000           2               2               0               0               0               
        gen_gpios\[17\].i_sync                                                  56.448          56.448          0.000           0.000           0.000           2               2               0               0               0               56.448          56.448          0.000           0.000           0.000           2               2               0               0               0               
        gen_gpios\[18\].i_sync                                                  56.448          56.448          0.000           0.000           0.000           2               2               0               0               0               56.448          56.448          0.000           0.000           0.000           2               2               0               0               0               
        gen_gpios\[19\].i_sync                                                  56.448          56.448          0.000           0.000           0.000           2               2               0               0               0               56.448          56.448          0.000           0.000           0.000           2               2               0               0               0               
        gen_gpios\[1\].i_sync                                                   56.448          56.448          0.000           0.000           0.000           2               2               0               0               0               56.448          56.448          0.000           0.000           0.000           2               2               0               0               0               
        gen_gpios\[20\].i_sync                                                  56.448          56.448          0.000           0.000           0.000           2               2               0               0               0               56.448          56.448          0.000           0.000           0.000           2               2               0               0               0               
        gen_gpios\[21\].i_sync                                                  56.448          56.448          0.000           0.000           0.000           2               2               0               0               0               56.448          56.448          0.000           0.000           0.000           2               2               0               0               0               
        gen_gpios\[22\].i_sync                                                  56.448          56.448          0.000           0.000           0.000           2               2               0               0               0               56.448          56.448          0.000           0.000           0.000           2               2               0               0               0               
        gen_gpios\[23\].i_sync                                                  56.448          56.448          0.000           0.000           0.000           2               2               0               0               0               56.448          56.448          0.000           0.000           0.000           2               2               0               0               0               
        gen_gpios\[24\].i_sync                                                  56.448          56.448          0.000           0.000           0.000           2               2               0               0               0               56.448          56.448          0.000           0.000           0.000           2               2               0               0               0               
        gen_gpios\[25\].i_sync                                                  56.448          56.448          0.000           0.000           0.000           2               2               0               0               0               56.448          56.448          0.000           0.000           0.000           2               2               0               0               0               
        gen_gpios\[26\].i_sync                                                  56.448          56.448          0.000           0.000           0.000           2               2               0               0               0               56.448          56.448          0.000           0.000           0.000           2               2               0               0               0               
        gen_gpios\[27\].i_sync                                                  56.448          56.448          0.000           0.000           0.000           2               2               0               0               0               56.448          56.448          0.000           0.000           0.000           2               2               0               0               0               
        gen_gpios\[28\].i_sync                                                  56.448          56.448          0.000           0.000           0.000           2               2               0               0               0               56.448          56.448          0.000           0.000           0.000           2               2               0               0               0               
        gen_gpios\[29\].i_sync                                                  56.448          56.448          0.000           0.000           0.000           2               2               0               0               0               56.448          56.448          0.000           0.000           0.000           2               2               0               0               0               
        gen_gpios\[2\].i_sync                                                   56.448          56.448          0.000           0.000           0.000           2               2               0               0               0               56.448          56.448          0.000           0.000           0.000           2               2               0               0               0               
        gen_gpios\[30\].i_sync                                                  56.448          56.448          0.000           0.000           0.000           2               2               0               0               0               56.448          56.448          0.000           0.000           0.000           2               2               0               0               0               
        gen_gpios\[31\].i_sync                                                  56.448          56.448          0.000           0.000           0.000           2               2               0               0               0               56.448          56.448          0.000           0.000           0.000           2               2               0               0               0               
        gen_gpios\[3\].i_sync                                                   56.448          56.448          0.000           0.000           0.000           2               2               0               0               0               56.448          56.448          0.000           0.000           0.000           2               2               0               0               0               
        gen_gpios\[4\].i_sync                                                   56.448          56.448          0.000           0.000           0.000           2               2               0               0               0               56.448          56.448          0.000           0.000           0.000           2               2               0               0               0               
        gen_gpios\[5\].i_sync                                                   56.448          56.448          0.000           0.000           0.000           2               2               0               0               0               56.448          56.448          0.000           0.000           0.000           2               2               0               0               0               
        gen_gpios\[6\].i_sync                                                   56.448          56.448          0.000           0.000           0.000           2               2               0               0               0               56.448          56.448          0.000           0.000           0.000           2               2               0               0               0               
        gen_gpios\[7\].i_sync                                                   56.448          56.448          0.000           0.000           0.000           2               2               0               0               0               56.448          56.448          0.000           0.000           0.000           2               2               0               0               0               
        gen_gpios\[8\].i_sync                                                   56.448          56.448          0.000           0.000           0.000           2               2               0               0               0               56.448          56.448          0.000           0.000           0.000           2               2               0               0               0               
        gen_gpios\[9\].i_sync                                                   56.448          56.448          0.000           0.000           0.000           2               2               0               0               0               56.448          56.448          0.000           0.000           0.000           2               2               0               0               0               
      i_obi_timer                                                               6691.910        6691.910        0.000           0.000           0.000           505             505             0               0               0               6691.910        6691.910        0.000           0.000           0.000           505             505             0               0               0               
      i_soc_ctrl                                                                4067.078        4067.078        0.000           0.000           0.000           280             280             0               0               0               4067.078        4067.078        0.000           0.000           0.000           280             280             0               0               0               
      i_uart                                                                    28064.534       28064.534       0.000           0.000           0.000           1772            1772            0               0               0               27765.360       27765.360       0.000           0.000           0.000           1758            1758            0               0               0               
        i_uart_modem.i_sync_cd                                                  60.682          60.682          0.000           0.000           0.000           3               3               0               0               0               60.682          60.682          0.000           0.000           0.000           3               3               0               0               0               
        i_uart_modem.i_sync_cts                                                 60.682          60.682          0.000           0.000           0.000           3               3               0               0               0               60.682          60.682          0.000           0.000           0.000           3               3               0               0               0               
        i_uart_modem.i_sync_dsr                                                 60.682          60.682          0.000           0.000           0.000           3               3               0               0               0               60.682          60.682          0.000           0.000           0.000           3               3               0               0               0               
        i_uart_modem.i_sync_ri                                                  60.682          60.682          0.000           0.000           0.000           3               3               0               0               0               60.682          60.682          0.000           0.000           0.000           3               3               0               0               0               
        i_uart_rx.i_sync                                                        56.448          56.448          0.000           0.000           0.000           2               2               0               0               0               56.448          56.448          0.000           0.000           0.000           2               2               0               0               0               
    i_rstgen.i_rstgen_bypass.i_tc_clk_mux2_init_no                              16.934          16.934          0.000           0.000           0.000           2               2               0               0               0               16.934          16.934          0.000           0.000           0.000           2               2               0               0               0               
    i_rstgen.i_rstgen_bypass.i_tc_clk_mux2_rst_n                                12.701          12.701          0.000           0.000           0.000           1               1               0               0               0               12.701          12.701          0.000           0.000           0.000           1               1               0               0               0               
    i_rstgen.i_rstgen_bypass.i_tc_clk_mux2_rst_no                               12.701          12.701          0.000           0.000           0.000           1               1               0               0               0               12.701          12.701          0.000           0.000           0.000           1               1               0               0               0               
    i_user                                                                      70763.213       70763.213       0.000           0.000           0.000           7373            7373            0               0               0               70763.213       70763.213       0.000           0.000           0.000           7373            7373            0               0               0               
