
==========================================================================
03_croc.cts_unrepaired check_setup
--------------------------------------------------------------------------
1

==========================================================================
03_croc.cts_unrepaired report_tns
--------------------------------------------------------------------------
tns max -0.85

==========================================================================
03_croc.cts_unrepaired report_wns
--------------------------------------------------------------------------
wns max -0.19

==========================================================================
03_croc.cts_unrepaired report_worst_slack
--------------------------------------------------------------------------
worst slack max -0.19

==========================================================================
03_croc.cts_unrepaired report_checks -path_delay min
--------------------------------------------------------------------------
[WARNING STA-0168] unknown field nets.
Startpoint: i_croc_soc/i_rstgen.i_rstgen_bypass.synch_regs_q_3__reg
            (rising edge-triggered flip-flop clocked by clk_sys)
Endpoint: i_croc_soc/i_croc/i_core_wrap/i_core.register_file_i/rf_reg_802__reg
          (removal check against rising-edge clock clk_sys)
Path Group: asynchronous
Path Type: min
Corner: ff

Fanout     Cap    Slew   Delay    Time   Description
-----------------------------------------------------------------------------
                          0.00    0.00   clock clk_sys (rise edge)
                          0.00    0.00   clock source latency
     2    0.20    0.25    0.02    0.02 ^ clk_i (in)
                  0.25    0.00    0.02 ^ pad_clk_i/pad (sg13cmos5l_IOPadIn)
     2    0.16    0.19    0.09    0.11 ^ pad_clk_i/p2c (sg13cmos5l_IOPadIn)
                  0.18    0.05    0.16 ^ clkbuf_regs_0_clk_sys/A (BUFX64)
     1    0.02    0.02    0.10    0.27 ^ clkbuf_regs_0_clk_sys/Y (BUFX64)
                  0.02    0.00    0.27 ^ clkbuf_0_soc_clk_i_regs/A (BUFX64)
     4    0.15    0.03    0.06    0.33 ^ clkbuf_0_soc_clk_i_regs/Y (BUFX64)
                  0.03    0.01    0.34 ^ clkbuf_2_0_0_soc_clk_i_regs/A (BUFX64)
     2    0.08    0.02    0.06    0.40 ^ clkbuf_2_0_0_soc_clk_i_regs/Y (BUFX64)
                  0.02    0.01    0.41 ^ clkbuf_3_0__f_soc_clk_i_regs/A (BUFX64)
    10    0.28    0.04    0.07    0.48 ^ clkbuf_3_0__f_soc_clk_i_regs/Y (BUFX64)
                  0.04    0.01    0.49 ^ clkbuf_leaf_103_soc_clk_i_regs/A (BUFX64)
    12    0.08    0.02    0.07    0.55 ^ clkbuf_leaf_103_soc_clk_i_regs/Y (BUFX64)
                  0.02    0.00    0.56 ^ i_croc_soc/i_rstgen.i_rstgen_bypass.synch_regs_q_3__reg/CK (DFFRQX3)
     2    0.00    0.03    0.18    0.73 ^ i_croc_soc/i_rstgen.i_rstgen_bypass.synch_regs_q_3__reg/Q (DFFRQX3)
                  0.03    0.00    0.73 ^ i_croc_soc/i_rstgen.i_rstgen_bypass.i_tc_clk_mux2_rst_no/i_mux/A0 (MUX2X2)
    16    0.18    0.54    0.42    1.15 ^ i_croc_soc/i_rstgen.i_rstgen_bypass.i_tc_clk_mux2_rst_no/i_mux/Y (MUX2X2)
                  0.55    0.02    1.18 ^ i_croc_soc/i_croc/i_core_wrap/i_core.register_file_i/rf_reg_802__reg/RB (DFFRQX3)
                                  1.18   data arrival time

                          0.00    0.00   clock clk_sys (rise edge)
                          0.00    0.00   clock source latency
     2    0.24    0.26    0.03    0.03 ^ clk_i (in)
                  0.26    0.00    0.03 ^ pad_clk_i/pad (sg13cmos5l_IOPadIn)
     2    0.17    0.21    0.09    0.12 ^ pad_clk_i/p2c (sg13cmos5l_IOPadIn)
                  0.20    0.06    0.18 ^ clkbuf_regs_0_clk_sys/A (BUFX64)
     1    0.03    0.02    0.11    0.29 ^ clkbuf_regs_0_clk_sys/Y (BUFX64)
                  0.02    0.00    0.29 ^ clkbuf_0_soc_clk_i_regs/A (BUFX64)
     4    0.19    0.03    0.06    0.36 ^ clkbuf_0_soc_clk_i_regs/Y (BUFX64)
                  0.04    0.01    0.37 ^ clkbuf_2_1_0_soc_clk_i_regs/A (BUFX64)
     2    0.10    0.02    0.06    0.43 ^ clkbuf_2_1_0_soc_clk_i_regs/Y (BUFX64)
                  0.03    0.01    0.44 ^ clkbuf_3_2__f_soc_clk_i_regs/A (BUFX64)
    16    0.55    0.06    0.09    0.53 ^ clkbuf_3_2__f_soc_clk_i_regs/Y (BUFX64)
                  0.07    0.01    0.54 ^ clkbuf_leaf_17_soc_clk_i_regs/A (BUFX64)
    50    0.12    0.03    0.08    0.62 ^ clkbuf_leaf_17_soc_clk_i_regs/Y (BUFX64)
                  0.03    0.00    0.62 ^ i_croc_soc/i_croc/i_core_wrap/i_core.register_file_i/rf_reg_802__reg/CK (DFFRQX3)
                          0.10    0.72   clock uncertainty
                         -0.03    0.70   clock reconvergence pessimism
                         -0.14    0.56   library removal time
                                  0.56   data required time
-----------------------------------------------------------------------------
                                  0.56   data required time
                                 -1.18   data arrival time
-----------------------------------------------------------------------------
                                  0.62   slack (MET)


Startpoint: i_croc_soc/i_croc/i_dmi_jtag/i_dmi_jtag_tap.jtag_ir_shift_q_0__reg
            (rising edge-triggered flip-flop clocked by clk_jtg)
Endpoint: i_croc_soc/i_croc/i_dmi_jtag/td_o_reg
          (rising edge-triggered flip-flop clocked by clk_jtg)
Path Group: clk_jtg
Path Type: min
Corner: ff

Fanout     Cap    Slew   Delay    Time   Description
-----------------------------------------------------------------------------
                          0.00    0.00   clock clk_jtg (rise edge)
                          0.00    0.00   clock source latency
     2    0.20    0.25    0.02    0.02 ^ jtag_tck_i (in)
                  0.25    0.00    0.02 ^ pad_jtag_tck_i/pad (sg13cmos5l_IOPadIn)
     2    0.12    0.15    0.09    0.11 ^ pad_jtag_tck_i/p2c (sg13cmos5l_IOPadIn)
                  0.13    0.03    0.14 ^ clkbuf_regs_1_clk_jtg/A (BUFX64)
     1    0.04    0.02    0.09    0.23 ^ clkbuf_regs_1_clk_jtg/Y (BUFX64)
                  0.02    0.00    0.23 ^ clkbuf_0_soc_jtag_tck_i_regs/A (BUFX64)
     2    0.06    0.02    0.06    0.29 ^ clkbuf_0_soc_jtag_tck_i_regs/Y (BUFX64)
                  0.02    0.00    0.29 ^ clkbuf_1_1__f_soc_jtag_tck_i_regs/A (BUFX64)
     3    0.08    0.02    0.06    0.35 ^ clkbuf_1_1__f_soc_jtag_tck_i_regs/Y (BUFX64)
                  0.02    0.00    0.35 ^ clkbuf_leaf_3_soc_jtag_tck_i_regs/A (BUFX64)
    58    0.13    0.03    0.06    0.41 ^ clkbuf_leaf_3_soc_jtag_tck_i_regs/Y (BUFX64)
                  0.03    0.00    0.41 ^ i_croc_soc/i_croc/i_dmi_jtag/i_dmi_jtag_tap.jtag_ir_shift_q_0__reg/CK (DFFRQX3)
     4    0.01    0.03    0.17    0.58 v i_croc_soc/i_croc/i_dmi_jtag/i_dmi_jtag_tap.jtag_ir_shift_q_0__reg/Q (DFFRQX3)
                  0.03    0.00    0.59 v i_croc_soc/i_croc/i_dmi_jtag/_1025_/A1 (MUX2X1)
     1    0.01    0.08    0.13    0.71 v i_croc_soc/i_croc/i_dmi_jtag/_1025_/Y (MUX2X1)
                  0.08    0.00    0.71 v i_croc_soc/i_croc/i_dmi_jtag/td_o_reg/D (DFFRQX3)
                                  0.71   data arrival time

                          0.00    0.00   clock clk_jtg (rise edge)
                          0.00    0.00   clock source latency
     2    0.24    0.26    0.03    0.03 ^ jtag_tck_i (in)
                  0.26    0.00    0.03 ^ pad_jtag_tck_i/pad (sg13cmos5l_IOPadIn)
     2    0.14    0.17    0.09    0.12 ^ pad_jtag_tck_i/p2c (sg13cmos5l_IOPadIn)
                  0.16    0.04    0.15 ^ clkbuf_0_soc_jtag_tck_i/A (BUFX64)
     1    0.03    0.02    0.10    0.25 ^ clkbuf_0_soc_jtag_tck_i/Y (BUFX64)
                  0.02    0.00    0.25 ^ clkbuf_1_0__f_soc_jtag_tck_i/A (BUFX64)
     1    0.00    0.01    0.05    0.30 ^ clkbuf_1_0__f_soc_jtag_tck_i/Y (BUFX64)
                  0.01    0.00    0.30 ^ i_croc_soc/i_croc/i_dmi_jtag/i_dmi_jtag_tap.i_dft_tck_mux/i_mux/A1 (MUX2X2)
     1    0.03    0.10    0.14    0.44 ^ i_croc_soc/i_croc/i_dmi_jtag/i_dmi_jtag_tap.i_dft_tck_mux/i_mux/Y (MUX2X2)
                  0.10    0.00    0.44 ^ clkbuf_0_i_croc_soc/i_croc/i_dmi_jtag/i_dmi_jtag_tap.tck_n/A (BUFX64)
     2    0.06    0.02    0.08    0.52 ^ clkbuf_0_i_croc_soc/i_croc/i_dmi_jtag/i_dmi_jtag_tap.tck_n/Y (BUFX64)
                  0.02    0.00    0.52 ^ clkbuf_1_0__f_i_croc_soc/i_croc/i_dmi_jtag/i_dmi_jtag_tap.tck_n/A (BUFX64)
     1    0.00    0.01    0.05    0.57 ^ clkbuf_1_0__f_i_croc_soc/i_croc/i_dmi_jtag/i_dmi_jtag_tap.tck_n/Y (BUFX64)
                  0.01    0.00    0.57 ^ i_croc_soc/i_croc/i_dmi_jtag/td_o_reg/CK (DFFRQX3)
                          0.10    0.67   clock uncertainty
                         -0.01    0.67   clock reconvergence pessimism
                          0.00    0.67   library hold time
                                  0.67   data required time
-----------------------------------------------------------------------------
                                  0.67   data required time
                                 -0.71   data arrival time
-----------------------------------------------------------------------------
                                  0.04   slack (MET)


Startpoint: i_croc_soc/i_croc/i_dmi_jtag/i_dmi_cdc.i_cdc_resp/i_src/i_sync/reg_q_0__reg
            (rising edge-triggered flip-flop clocked by clk_sys)
Endpoint: i_croc_soc/i_croc/i_dmi_jtag/i_dmi_cdc.i_cdc_resp/i_src/i_sync/reg_q_1__reg
          (rising edge-triggered flip-flop clocked by clk_sys)
Path Group: clk_sys
Path Type: min
Corner: ff

Fanout     Cap    Slew   Delay    Time   Description
-----------------------------------------------------------------------------
                          0.00    0.00   clock clk_sys (rise edge)
                          0.00    0.00   clock source latency
     2    0.20    0.25    0.02    0.02 ^ clk_i (in)
                  0.25    0.00    0.02 ^ pad_clk_i/pad (sg13cmos5l_IOPadIn)
     2    0.16    0.19    0.09    0.11 ^ pad_clk_i/p2c (sg13cmos5l_IOPadIn)
                  0.18    0.05    0.16 ^ clkbuf_regs_0_clk_sys/A (BUFX64)
     1    0.02    0.02    0.10    0.27 ^ clkbuf_regs_0_clk_sys/Y (BUFX64)
                  0.02    0.00    0.27 ^ clkbuf_0_soc_clk_i_regs/A (BUFX64)
     4    0.15    0.03    0.06    0.33 ^ clkbuf_0_soc_clk_i_regs/Y (BUFX64)
                  0.03    0.01    0.34 ^ clkbuf_2_0_0_soc_clk_i_regs/A (BUFX64)
     2    0.08    0.02    0.06    0.40 ^ clkbuf_2_0_0_soc_clk_i_regs/Y (BUFX64)
                  0.02    0.01    0.41 ^ clkbuf_3_1__f_soc_clk_i_regs/A (BUFX64)
    11    0.30    0.04    0.07    0.48 ^ clkbuf_3_1__f_soc_clk_i_regs/Y (BUFX64)
                  0.04    0.00    0.48 ^ clkbuf_leaf_101_soc_clk_i_regs/A (BUFX64)
    19    0.09    0.02    0.07    0.55 ^ clkbuf_leaf_101_soc_clk_i_regs/Y (BUFX64)
                  0.02    0.00    0.55 ^ i_croc_soc/i_croc/i_dmi_jtag/i_dmi_cdc.i_cdc_resp/i_src/i_sync/reg_q_0__reg/CK (DFFRQX3)
     1    0.00    0.02    0.16    0.71 v i_croc_soc/i_croc/i_dmi_jtag/i_dmi_cdc.i_cdc_resp/i_src/i_sync/reg_q_0__reg/Q (DFFRQX3)
                  0.02    0.00    0.71 v i_croc_soc/i_croc/i_dmi_jtag/i_dmi_cdc.i_cdc_resp/i_src/i_sync/reg_q_1__reg/D (DFFRQX3)
                                  0.71   data arrival time

                          0.00    0.00   clock clk_sys (rise edge)
                          0.00    0.00   clock source latency
     2    0.24    0.26    0.03    0.03 ^ clk_i (in)
                  0.26    0.00    0.03 ^ pad_clk_i/pad (sg13cmos5l_IOPadIn)
     2    0.17    0.21    0.09    0.12 ^ pad_clk_i/p2c (sg13cmos5l_IOPadIn)
                  0.20    0.06    0.18 ^ clkbuf_regs_0_clk_sys/A (BUFX64)
     1    0.03    0.02    0.11    0.29 ^ clkbuf_regs_0_clk_sys/Y (BUFX64)
                  0.02    0.00    0.29 ^ clkbuf_0_soc_clk_i_regs/A (BUFX64)
     4    0.19    0.03    0.06    0.36 ^ clkbuf_0_soc_clk_i_regs/Y (BUFX64)
                  0.04    0.01    0.37 ^ clkbuf_2_0_0_soc_clk_i_regs/A (BUFX64)
     2    0.10    0.02    0.06    0.43 ^ clkbuf_2_0_0_soc_clk_i_regs/Y (BUFX64)
                  0.03    0.01    0.44 ^ clkbuf_3_1__f_soc_clk_i_regs/A (BUFX64)
    11    0.39    0.05    0.08    0.52 ^ clkbuf_3_1__f_soc_clk_i_regs/Y (BUFX64)
                  0.05    0.01    0.53 ^ clkbuf_leaf_100_soc_clk_i_regs/A (BUFX64)
    27    0.15    0.03    0.08    0.61 ^ clkbuf_leaf_100_soc_clk_i_regs/Y (BUFX64)
                  0.03    0.00    0.61 ^ i_croc_soc/i_croc/i_dmi_jtag/i_dmi_cdc.i_cdc_resp/i_src/i_sync/reg_q_1__reg/CK (DFFRQX3)
                          0.10    0.71   clock uncertainty
                         -0.04    0.67   clock reconvergence pessimism
                          0.01    0.68   library hold time
                                  0.68   data required time
-----------------------------------------------------------------------------
                                  0.68   data required time
                                 -0.71   data arrival time
-----------------------------------------------------------------------------
                                  0.02   slack (MET)



==========================================================================
03_croc.cts_unrepaired report_checks -path_delay max
--------------------------------------------------------------------------
[WARNING STA-0168] unknown field nets.
Startpoint: i_croc_soc/i_rstgen.i_rstgen_bypass.synch_regs_q_3__reg
            (rising edge-triggered flip-flop clocked by clk_sys)
Endpoint: i_croc_soc/i_croc/i_gpio/gen_gpios[1].i_sync/reg_q_0__reg
          (recovery check against rising-edge clock clk_sys)
Path Group: asynchronous
Path Type: max
Corner: tt

Fanout     Cap    Slew   Delay    Time   Description
-----------------------------------------------------------------------------
                          0.00    0.00   clock clk_sys (rise edge)
                          0.00    0.00   clock source latency
     2    0.24    0.35    0.04    0.04 ^ clk_i (in)
                  0.35    0.00    0.04 ^ pad_clk_i/pad (sg13cmos5l_IOPadIn)
     2    0.17    0.31    0.16    0.19 ^ pad_clk_i/p2c (sg13cmos5l_IOPadIn)
                  0.26    0.06    0.25 ^ clkbuf_regs_0_clk_sys/A (BUFX64)
     1    0.03    0.03    0.16    0.42 ^ clkbuf_regs_0_clk_sys/Y (BUFX64)
                  0.03    0.00    0.42 ^ clkbuf_0_soc_clk_i_regs/A (BUFX64)
     4    0.18    0.04    0.10    0.51 ^ clkbuf_0_soc_clk_i_regs/Y (BUFX64)
                  0.05    0.01    0.52 ^ clkbuf_2_0_0_soc_clk_i_regs/A (BUFX64)
     2    0.09    0.03    0.09    0.62 ^ clkbuf_2_0_0_soc_clk_i_regs/Y (BUFX64)
                  0.04    0.01    0.62 ^ clkbuf_3_0__f_soc_clk_i_regs/A (BUFX64)
    10    0.36    0.07    0.12    0.74 ^ clkbuf_3_0__f_soc_clk_i_regs/Y (BUFX64)
                  0.07    0.01    0.75 ^ clkbuf_leaf_103_soc_clk_i_regs/A (BUFX64)
    12    0.11    0.03    0.11    0.86 ^ clkbuf_leaf_103_soc_clk_i_regs/Y (BUFX64)
                  0.03    0.00    0.86 ^ i_croc_soc/i_rstgen.i_rstgen_bypass.synch_regs_q_3__reg/CK (DFFRQX3)
     2    0.00    0.05    0.28    1.14 ^ i_croc_soc/i_rstgen.i_rstgen_bypass.synch_regs_q_3__reg/Q (DFFRQX3)
                  0.05    0.00    1.14 ^ i_croc_soc/i_rstgen.i_rstgen_bypass.i_tc_clk_mux2_rst_no/i_mux/A0 (MUX2X2)
    16    0.19    0.87    0.70    1.83 ^ i_croc_soc/i_rstgen.i_rstgen_bypass.i_tc_clk_mux2_rst_no/i_mux/Y (MUX2X2)
                  0.88    0.03    1.86 ^ i_croc_soc/i_croc/place8024/A (BUFX3)
    14    0.06    0.23    0.43    2.29 ^ i_croc_soc/i_croc/place8024/Y (BUFX3)
                  0.23    0.00    2.29 ^ i_croc_soc/i_croc/place8023/A (BUFX4)
    14    0.07    0.16    0.27    2.56 ^ i_croc_soc/i_croc/place8023/Y (BUFX4)
                  0.16    0.00    2.57 ^ i_croc_soc/i_croc/place8020/A (BUFX3)
    16    0.07    0.24    0.28    2.85 ^ i_croc_soc/i_croc/place8020/Y (BUFX3)
                  0.24    0.00    2.85 ^ i_croc_soc/i_croc/place8019/A (BUFX3)
    12    0.06    0.21    0.29    3.13 ^ i_croc_soc/i_croc/place8019/Y (BUFX3)
                  0.21    0.00    3.13 ^ i_croc_soc/i_croc/place8018/A (BUFX3)
    16    0.06    0.23    0.29    3.42 ^ i_croc_soc/i_croc/place8018/Y (BUFX3)
                  0.23    0.00    3.43 ^ i_croc_soc/i_croc/place8017/A (BUFX3)
    16    0.07    0.24    0.31    3.73 ^ i_croc_soc/i_croc/place8017/Y (BUFX3)
                  0.24    0.00    3.73 ^ i_croc_soc/i_croc/i_gpio/gen_gpios[1].i_sync/reg_q_0__reg/RB (DFFRQX3)
                                  3.73   data arrival time

                         10.00   10.00   clock clk_sys (rise edge)
                          0.00   10.00   clock source latency
     2    0.20    0.34    0.03   10.03 ^ clk_i (in)
                  0.34    0.00   10.03 ^ pad_clk_i/pad (sg13cmos5l_IOPadIn)
     2    0.15    0.28    0.15   10.18 ^ pad_clk_i/p2c (sg13cmos5l_IOPadIn)
                  0.24    0.05   10.23 ^ clkbuf_regs_0_clk_sys/A (BUFX64)
     1    0.02    0.03    0.15   10.39 ^ clkbuf_regs_0_clk_sys/Y (BUFX64)
                  0.03    0.00   10.39 ^ clkbuf_0_soc_clk_i_regs/A (BUFX64)
     4    0.15    0.04    0.09   10.48 ^ clkbuf_0_soc_clk_i_regs/Y (BUFX64)
                  0.04    0.01   10.49 ^ clkbuf_2_0_0_soc_clk_i_regs/A (BUFX64)
     2    0.08    0.03    0.09   10.58 ^ clkbuf_2_0_0_soc_clk_i_regs/Y (BUFX64)
                  0.03    0.01   10.58 ^ clkbuf_3_1__f_soc_clk_i_regs/A (BUFX64)
    11    0.29    0.06    0.11   10.69 ^ clkbuf_3_1__f_soc_clk_i_regs/Y (BUFX64)
                  0.06    0.00   10.70 ^ clkbuf_leaf_99_soc_clk_i_regs/A (BUFX64)
    37    0.10    0.03    0.10   10.80 ^ clkbuf_leaf_99_soc_clk_i_regs/Y (BUFX64)
                  0.03    0.00   10.80 ^ i_croc_soc/i_croc/i_gpio/gen_gpios[1].i_sync/reg_q_0__reg/CK (DFFRQX3)
                         -0.10   10.70   clock uncertainty
                          0.04   10.74   clock reconvergence pessimism
                         -0.18   10.55   library recovery time
                                 10.55   data required time
-----------------------------------------------------------------------------
                                 10.55   data required time
                                 -3.73   data arrival time
-----------------------------------------------------------------------------
                                  6.82   slack (MET)


Startpoint: i_croc_soc/i_croc/i_dmi_jtag/i_dmi_cdc.i_cdc_req/i_dst/async_ack_o_reg
            (rising edge-triggered flip-flop clocked by clk_sys)
Endpoint: i_croc_soc/i_croc/i_dm_top.i_dm_top/i_dm_csrs.progbuf_o_207__reg
          (rising edge-triggered flip-flop clocked by clk_sys)
Path Group: path delay
Path Type: max
Corner: tt

Fanout     Cap    Slew   Delay    Time   Description
-----------------------------------------------------------------------------
                  0.04    0.00    0.00 ^ i_croc_soc/i_croc/i_dmi_jtag/i_dmi_cdc.i_cdc_req/i_dst/async_ack_o_reg/CK (DFFRQX3)
    14    0.03    0.13    0.36    0.36 ^ i_croc_soc/i_croc/i_dmi_jtag/i_dmi_cdc.i_cdc_req/i_dst/async_ack_o_reg/Q (DFFRQX3)
                  0.13    0.00    0.37 ^ i_croc_soc/i_croc/i_dmi_jtag/i_dmi_cdc.i_cdc_req/i_dst/_300_/B (XOR2X2)
     1    0.00    0.08    0.15    0.51 ^ i_croc_soc/i_croc/i_dmi_jtag/i_dmi_cdc.i_cdc_req/i_dst/_300_/Y (XOR2X2)
                  0.08    0.00    0.51 ^ i_croc_soc/i_croc/i_dmi_jtag/i_dmi_cdc.i_cdc_req/_0_/AB (NOR2BX2)
     2    0.01    0.17    0.14    0.65 ^ i_croc_soc/i_croc/i_dmi_jtag/i_dmi_cdc.i_cdc_req/_0_/Y (NOR2BX2)
                  0.17    0.00    0.65 ^ i_croc_soc/i_croc/i_dm_top.i_dm_top/_3382_/B (AND3X2)
     2    0.01    0.08    0.25    0.90 ^ i_croc_soc/i_croc/i_dm_top.i_dm_top/_3382_/Y (AND3X2)
                  0.08    0.00    0.90 ^ i_croc_soc/i_croc/i_dm_top.i_dm_top/_3797_/A (NAND2X3)
     6    0.03    0.18    0.16    1.06 v i_croc_soc/i_croc/i_dm_top.i_dm_top/_3797_/Y (NAND2X3)
                  0.18    0.00    1.06 v i_croc_soc/i_croc/i_dm_top.i_dm_top/_5259_/A (OAI21X2)
     8    0.03    0.31    0.31    1.37 ^ i_croc_soc/i_croc/i_dm_top.i_dm_top/_5259_/Y (OAI21X2)
                  0.31    0.00    1.37 ^ i_croc_soc/i_croc/i_dm_top.i_dm_top/_5546_/D (AOAI211X2)
     1    0.00    0.16    0.16    1.52 v i_croc_soc/i_croc/i_dm_top.i_dm_top/_5546_/Y (AOAI211X2)
                  0.16    0.00    1.52 v i_croc_soc/i_croc/i_dm_top.i_dm_top/place7348/A (BUFX3)
    15    0.05    0.15    0.23    1.75 v i_croc_soc/i_croc/i_dm_top.i_dm_top/place7348/Y (BUFX3)
                  0.15    0.00    1.76 v i_croc_soc/i_croc/i_dm_top.i_dm_top/place7347/A (BUFX3)
    11    0.03    0.09    0.18    1.93 v i_croc_soc/i_croc/i_dm_top.i_dm_top/place7347/Y (BUFX3)
                  0.09    0.00    1.94 v i_croc_soc/i_croc/i_dm_top.i_dm_top/place7346/A (BUFX3)
    12    0.03    0.09    0.16    2.10 v i_croc_soc/i_croc/i_dm_top.i_dm_top/place7346/Y (BUFX3)
                  0.09    0.00    2.10 v i_croc_soc/i_croc/i_dm_top.i_dm_top/_5594_/C (NOR3BX1)
     1    0.00    0.11    0.14    2.24 ^ i_croc_soc/i_croc/i_dm_top.i_dm_top/_5594_/Y (NOR3BX1)
                  0.11    0.00    2.24 ^ i_croc_soc/i_croc/i_dm_top.i_dm_top/_5595_/C (AO21X2)
     1    0.00    0.04    0.12    2.36 ^ i_croc_soc/i_croc/i_dm_top.i_dm_top/_5595_/Y (AO21X2)
                  0.04    0.00    2.36 ^ i_croc_soc/i_croc/i_dm_top.i_dm_top/i_dm_csrs.progbuf_o_207__reg/D (DFFRQX3)
                                  2.36   data arrival time

                          3.00    3.00   max_delay
                         -0.10    2.90   library setup time
                                  2.90   data required time
-----------------------------------------------------------------------------
                                  2.90   data required time
                                 -2.36   data arrival time
-----------------------------------------------------------------------------
                                  0.53   slack (MET)


Startpoint: i_croc_soc/i_croc/i_dmi_jtag/td_o_reg
            (rising edge-triggered flip-flop clocked by clk_jtg')
Endpoint: jtag_tdo_o (output port clocked by clk_jtg)
Path Group: clk_jtg
Path Type: max
Corner: tt

Fanout     Cap    Slew   Delay    Time   Description
-----------------------------------------------------------------------------
                         12.50   12.50   clock clk_jtg' (rise edge)
                          0.00   12.50   clock source latency
     2    0.23    0.49    0.03   12.53 v jtag_tck_i (in)
                  0.49    0.00   12.53 v pad_jtag_tck_i/pad (sg13cmos5l_IOPadIn)
     2    0.14    0.28    0.70   13.23 v pad_jtag_tck_i/p2c (sg13cmos5l_IOPadIn)
                  0.22    0.04   13.27 v clkbuf_regs_1_clk_jtg/A (BUFX64)
     1    0.05    0.04    0.16   13.43 v clkbuf_regs_1_clk_jtg/Y (BUFX64)
                  0.04    0.00   13.43 v clkbuf_0_soc_jtag_tck_i_regs/A (BUFX64)
     2    0.07    0.03    0.10   13.53 v clkbuf_0_soc_jtag_tck_i_regs/Y (BUFX64)
                  0.03    0.00   13.53 v clkbuf_1_0__f_soc_jtag_tck_i_regs/A (BUFX64)
     3    0.11    0.04    0.10   13.63 v clkbuf_1_0__f_soc_jtag_tck_i_regs/Y (BUFX64)
                  0.04    0.00   13.64 v clkbuf_leaf_5_soc_jtag_tck_i_regs/A (BUFX64)
     5    0.19    0.04    0.11   13.75 v clkbuf_leaf_5_soc_jtag_tck_i_regs/Y (BUFX64)
                  0.05    0.01   13.76 v i_croc_soc/i_croc/i_dmi_jtag/i_dmi_jtag_tap.i_tck_inv/i_inv_8971/A (INVX2)
     1    0.07    0.31    0.24   14.00 ^ i_croc_soc/i_croc/i_dmi_jtag/i_dmi_jtag_tap.i_tck_inv/i_inv_8971/Y (INVX2)
                  0.31    0.01   14.01 ^ i_croc_soc/i_croc/i_dmi_jtag/i_dmi_jtag_tap.i_dft_tck_mux/i_mux/A0 (MUX2X2)
     1    0.03    0.14    0.31   14.32 ^ i_croc_soc/i_croc/i_dmi_jtag/i_dmi_jtag_tap.i_dft_tck_mux/i_mux/Y (MUX2X2)
                  0.14    0.00   14.32 ^ clkbuf_0_i_croc_soc/i_croc/i_dmi_jtag/i_dmi_jtag_tap.tck_n/A (BUFX64)
     2    0.06    0.03    0.12   14.45 ^ clkbuf_0_i_croc_soc/i_croc/i_dmi_jtag/i_dmi_jtag_tap.tck_n/Y (BUFX64)
                  0.03    0.00   14.45 ^ clkbuf_1_0__f_i_croc_soc/i_croc/i_dmi_jtag/i_dmi_jtag_tap.tck_n/A (BUFX64)
     1    0.00    0.02    0.07   14.52 ^ clkbuf_1_0__f_i_croc_soc/i_croc/i_dmi_jtag/i_dmi_jtag_tap.tck_n/Y (BUFX64)
                  0.02    0.00   14.52 ^ i_croc_soc/i_croc/i_dmi_jtag/td_o_reg/CK (DFFRQX3)
     1    0.15    0.53    0.61   15.13 ^ i_croc_soc/i_croc/i_dmi_jtag/td_o_reg/Q (DFFRQX3)
                  0.72    0.06   15.19 ^ pad_jtag_tdo_o/c2p (sg13cmos5l_IOPadOut16mA)
     2   15.00    3.55    3.44   18.63 ^ pad_jtag_tdo_o/pad (sg13cmos5l_IOPadOut16mA)
                  2.66    0.00   18.63 ^ jtag_tdo_o (out)
                                 18.63   data arrival time

                         25.00   25.00   clock clk_jtg (rise edge)
                          0.00   25.00   clock network delay (propagated)
                         -0.10   24.90   clock uncertainty
                          0.00   24.90   clock reconvergence pessimism
                         -5.00   19.90   output external delay
                                 19.90   data required time
-----------------------------------------------------------------------------
                                 19.90   data required time
                                -18.63   data arrival time
-----------------------------------------------------------------------------
                                  1.27   slack (MET)


Startpoint: i_croc_soc/i_croc/i_clint/mtime_q_61__reg
            (rising edge-triggered flip-flop clocked by clk_sys)
Endpoint: unused3_o (output port clocked by clk_sys)
Path Group: clk_sys
Path Type: max
Corner: tt

Fanout     Cap    Slew   Delay    Time   Description
-----------------------------------------------------------------------------
                          0.00    0.00   clock clk_sys (rise edge)
                          0.00    0.00   clock source latency
     2    0.24    0.35    0.04    0.04 ^ clk_i (in)
                  0.35    0.00    0.04 ^ pad_clk_i/pad (sg13cmos5l_IOPadIn)
     2    0.17    0.31    0.16    0.19 ^ pad_clk_i/p2c (sg13cmos5l_IOPadIn)
                  0.26    0.06    0.25 ^ clkbuf_regs_0_clk_sys/A (BUFX64)
     1    0.03    0.03    0.16    0.42 ^ clkbuf_regs_0_clk_sys/Y (BUFX64)
                  0.03    0.00    0.42 ^ clkbuf_0_soc_clk_i_regs/A (BUFX64)
     4    0.18    0.04    0.10    0.51 ^ clkbuf_0_soc_clk_i_regs/Y (BUFX64)
                  0.05    0.01    0.52 ^ clkbuf_2_3_0_soc_clk_i_regs/A (BUFX64)
     2    0.10    0.03    0.09    0.62 ^ clkbuf_2_3_0_soc_clk_i_regs/Y (BUFX64)
                  0.04    0.01    0.62 ^ clkbuf_3_7__f_soc_clk_i_regs/A (BUFX64)
    10    0.42    0.08    0.12    0.75 ^ clkbuf_3_7__f_soc_clk_i_regs/Y (BUFX64)
                  0.08    0.01    0.76 ^ clkbuf_leaf_53_soc_clk_i_regs/A (BUFX64)
    29    0.13    0.04    0.11    0.87 ^ clkbuf_leaf_53_soc_clk_i_regs/Y (BUFX64)
                  0.04    0.00    0.87 ^ i_croc_soc/i_croc/i_clint/mtime_q_61__reg/CK (DFFRQX3)
     6    0.02    0.07    0.28    1.16 v i_croc_soc/i_croc/i_clint/mtime_q_61__reg/Q (DFFRQX3)
                  0.07    0.00    1.16 v i_croc_soc/i_croc/i_clint/_0798_/B (XOR2X2)
     1    0.00    0.04    0.15    1.30 v i_croc_soc/i_croc/i_clint/_0798_/Y (XOR2X2)
                  0.04    0.00    1.30 v i_croc_soc/i_croc/i_clint/_0801_/A (NOR3X1)
     1    0.00    0.15    0.16    1.47 ^ i_croc_soc/i_croc/i_clint/_0801_/Y (NOR3X1)
                  0.15    0.00    1.47 ^ i_croc_soc/i_croc/i_clint/_0802_/D (OAI211X1)
     2    0.01    0.19    0.21    1.68 v i_croc_soc/i_croc/i_clint/_0802_/Y (OAI211X1)
                  0.19    0.00    1.68 v i_croc_soc/i_croc/i_clint/_0808_/A (OR4X1)
     2    0.01    0.12    0.31    1.99 v i_croc_soc/i_croc/i_clint/_0808_/Y (OR4X1)
                  0.12    0.00    1.99 v i_croc_soc/i_croc/i_clint/_0821_/A (NOR3X1)
     2    0.01    0.20    0.22    2.21 ^ i_croc_soc/i_croc/i_clint/_0821_/Y (NOR3X1)
                  0.20    0.00    2.21 ^ i_croc_soc/i_croc/i_clint/_0822_/D (OAI211X1)
     1    0.00    0.15    0.18    2.39 v i_croc_soc/i_croc/i_clint/_0822_/Y (OAI211X1)
                  0.15    0.00    2.39 v i_croc_soc/i_croc/i_clint/_0897_/C (AOAI211X2)
     2    0.07    0.68    0.56    2.95 ^ i_croc_soc/i_croc/i_clint/_0897_/Y (AOAI211X2)
                  0.68    0.01    2.96 ^ i_croc_soc/i_croc/i_core_wrap/i_core.cs_registers_i/_3241_/A (AND2X1)
     1    0.00    0.05    0.24    3.20 ^ i_croc_soc/i_croc/i_core_wrap/i_core.cs_registers_i/_3241_/Y (AND2X1)
                  0.05    0.00    3.20 ^ i_croc_soc/i_croc/i_core_wrap/i_core.cs_registers_i/_3244_/B (NOR3X1)
     1    0.01    0.06    0.07    3.27 v i_croc_soc/i_croc/i_core_wrap/i_core.cs_registers_i/_3244_/Y (NOR3X1)
                  0.06    0.00    3.27 v i_croc_soc/i_croc/i_core_wrap/i_core.cs_registers_i/_3251_/A (NAND4X2)
     3    0.01    0.09    0.10    3.37 ^ i_croc_soc/i_croc/i_core_wrap/i_core.cs_registers_i/_3251_/Y (NAND4X2)
                  0.09    0.00    3.37 ^ i_croc_soc/i_croc/i_core_wrap/_4061_/AB (NOR4BBX2)
     2    0.00    0.17    0.25    3.62 ^ i_croc_soc/i_croc/i_core_wrap/_4061_/Y (NOR4BBX2)
                  0.17    0.00    3.62 ^ i_croc_soc/i_croc/i_core_wrap/_4062_/B (NAND2X1)
     3    0.01    0.16    0.19    3.81 v i_croc_soc/i_croc/i_core_wrap/_4062_/Y (NAND2X1)
                  0.16    0.00    3.81 v i_croc_soc/i_croc/i_core_wrap/_4064_/B (AOI211X1)
     1    0.00    0.15    0.18    3.99 ^ i_croc_soc/i_croc/i_core_wrap/_4064_/Y (AOI211X1)
                  0.15    0.00    3.99 ^ i_croc_soc/i_croc/i_core_wrap/_4065_/B (NAND2X1)
     2    0.00    0.11    0.13    4.11 v i_croc_soc/i_croc/i_core_wrap/_4065_/Y (NAND2X1)
                  0.11    0.00    4.11 v i_croc_soc/i_croc/i_core_wrap/_4095_/B (OA211X2)
     9    0.03    0.12    0.25    4.36 v i_croc_soc/i_croc/i_core_wrap/_4095_/Y (OA211X2)
                  0.12    0.00    4.36 v i_croc_soc/i_croc/i_core_wrap/place7240/A (BUFX3)
    16    0.06    0.16    0.23    4.59 v i_croc_soc/i_croc/i_core_wrap/place7240/Y (BUFX3)
                  0.16    0.00    4.59 v i_croc_soc/i_croc/i_core_wrap/place7236/A (BUFX3)
     9    0.02    0.07    0.17    4.77 v i_croc_soc/i_croc/i_core_wrap/place7236/Y (BUFX3)
                  0.07    0.00    4.77 v i_croc_soc/i_croc/i_core_wrap/_4099_/C (AOI221X1)
     3    0.01    0.27    0.22    4.99 ^ i_croc_soc/i_croc/i_core_wrap/_4099_/Y (AOI221X1)
                  0.27    0.00    4.99 ^ i_croc_soc/i_croc/i_core_wrap/_4100_/B (OR2X2)
     2    0.01    0.04    0.18    5.17 ^ i_croc_soc/i_croc/i_core_wrap/_4100_/Y (OR2X2)
                  0.04    0.00    5.17 ^ i_croc_soc/i_croc/i_core_wrap/_5103_/D (AO211X2)
     1    0.01    0.05    0.11    5.27 ^ i_croc_soc/i_croc/i_core_wrap/_5103_/Y (AO211X2)
                  0.05    0.00    5.27 ^ place7162/A (BUFX8)
     5    0.36    0.42    0.32    5.59 ^ place7162/Y (BUFX8)
                  0.62    0.10    5.70 ^ pad_unused3_o/c2p (sg13cmos5l_IOPadOut16mA)
     2   15.00    3.55    3.39    9.09 ^ pad_unused3_o/pad (sg13cmos5l_IOPadOut16mA)
                  2.66    0.00    9.09 ^ unused3_o (out)
                                  9.09   data arrival time

                         10.00   10.00   clock clk_sys (rise edge)
                          0.00   10.00   clock network delay (propagated)
                         -0.10    9.90   clock uncertainty
                          0.00    9.90   clock reconvergence pessimism
                         -1.00    8.90   output external delay
                                  8.90   data required time
-----------------------------------------------------------------------------
                                  8.90   data required time
                                 -9.09   data arrival time
-----------------------------------------------------------------------------
                                 -0.19   slack (VIOLATED)



==========================================================================
03_croc.cts_unrepaired report_checks -unconstrained
--------------------------------------------------------------------------
[WARNING STA-0168] unknown field nets.
Startpoint: i_croc_soc/i_rstgen.i_rstgen_bypass.synch_regs_q_3__reg
            (rising edge-triggered flip-flop clocked by clk_sys)
Endpoint: i_croc_soc/i_croc/i_gpio/gen_gpios[1].i_sync/reg_q_0__reg
          (recovery check against rising-edge clock clk_sys)
Path Group: asynchronous
Path Type: max
Corner: tt

Fanout     Cap    Slew   Delay    Time   Description
-----------------------------------------------------------------------------
                          0.00    0.00   clock clk_sys (rise edge)
                          0.00    0.00   clock source latency
     2    0.24    0.35    0.04    0.04 ^ clk_i (in)
                  0.35    0.00    0.04 ^ pad_clk_i/pad (sg13cmos5l_IOPadIn)
     2    0.17    0.31    0.16    0.19 ^ pad_clk_i/p2c (sg13cmos5l_IOPadIn)
                  0.26    0.06    0.25 ^ clkbuf_regs_0_clk_sys/A (BUFX64)
     1    0.03    0.03    0.16    0.42 ^ clkbuf_regs_0_clk_sys/Y (BUFX64)
                  0.03    0.00    0.42 ^ clkbuf_0_soc_clk_i_regs/A (BUFX64)
     4    0.18    0.04    0.10    0.51 ^ clkbuf_0_soc_clk_i_regs/Y (BUFX64)
                  0.05    0.01    0.52 ^ clkbuf_2_0_0_soc_clk_i_regs/A (BUFX64)
     2    0.09    0.03    0.09    0.62 ^ clkbuf_2_0_0_soc_clk_i_regs/Y (BUFX64)
                  0.04    0.01    0.62 ^ clkbuf_3_0__f_soc_clk_i_regs/A (BUFX64)
    10    0.36    0.07    0.12    0.74 ^ clkbuf_3_0__f_soc_clk_i_regs/Y (BUFX64)
                  0.07    0.01    0.75 ^ clkbuf_leaf_103_soc_clk_i_regs/A (BUFX64)
    12    0.11    0.03    0.11    0.86 ^ clkbuf_leaf_103_soc_clk_i_regs/Y (BUFX64)
                  0.03    0.00    0.86 ^ i_croc_soc/i_rstgen.i_rstgen_bypass.synch_regs_q_3__reg/CK (DFFRQX3)
     2    0.00    0.05    0.28    1.14 ^ i_croc_soc/i_rstgen.i_rstgen_bypass.synch_regs_q_3__reg/Q (DFFRQX3)
                  0.05    0.00    1.14 ^ i_croc_soc/i_rstgen.i_rstgen_bypass.i_tc_clk_mux2_rst_no/i_mux/A0 (MUX2X2)
    16    0.19    0.87    0.70    1.83 ^ i_croc_soc/i_rstgen.i_rstgen_bypass.i_tc_clk_mux2_rst_no/i_mux/Y (MUX2X2)
                  0.88    0.03    1.86 ^ i_croc_soc/i_croc/place8024/A (BUFX3)
    14    0.06    0.23    0.43    2.29 ^ i_croc_soc/i_croc/place8024/Y (BUFX3)
                  0.23    0.00    2.29 ^ i_croc_soc/i_croc/place8023/A (BUFX4)
    14    0.07    0.16    0.27    2.56 ^ i_croc_soc/i_croc/place8023/Y (BUFX4)
                  0.16    0.00    2.57 ^ i_croc_soc/i_croc/place8020/A (BUFX3)
    16    0.07    0.24    0.28    2.85 ^ i_croc_soc/i_croc/place8020/Y (BUFX3)
                  0.24    0.00    2.85 ^ i_croc_soc/i_croc/place8019/A (BUFX3)
    12    0.06    0.21    0.29    3.13 ^ i_croc_soc/i_croc/place8019/Y (BUFX3)
                  0.21    0.00    3.13 ^ i_croc_soc/i_croc/place8018/A (BUFX3)
    16    0.06    0.23    0.29    3.42 ^ i_croc_soc/i_croc/place8018/Y (BUFX3)
                  0.23    0.00    3.43 ^ i_croc_soc/i_croc/place8017/A (BUFX3)
    16    0.07    0.24    0.31    3.73 ^ i_croc_soc/i_croc/place8017/Y (BUFX3)
                  0.24    0.00    3.73 ^ i_croc_soc/i_croc/i_gpio/gen_gpios[1].i_sync/reg_q_0__reg/RB (DFFRQX3)
                                  3.73   data arrival time

                         10.00   10.00   clock clk_sys (rise edge)
                          0.00   10.00   clock source latency
     2    0.20    0.34    0.03   10.03 ^ clk_i (in)
                  0.34    0.00   10.03 ^ pad_clk_i/pad (sg13cmos5l_IOPadIn)
     2    0.15    0.28    0.15   10.18 ^ pad_clk_i/p2c (sg13cmos5l_IOPadIn)
                  0.24    0.05   10.23 ^ clkbuf_regs_0_clk_sys/A (BUFX64)
     1    0.02    0.03    0.15   10.39 ^ clkbuf_regs_0_clk_sys/Y (BUFX64)
                  0.03    0.00   10.39 ^ clkbuf_0_soc_clk_i_regs/A (BUFX64)
     4    0.15    0.04    0.09   10.48 ^ clkbuf_0_soc_clk_i_regs/Y (BUFX64)
                  0.04    0.01   10.49 ^ clkbuf_2_0_0_soc_clk_i_regs/A (BUFX64)
     2    0.08    0.03    0.09   10.58 ^ clkbuf_2_0_0_soc_clk_i_regs/Y (BUFX64)
                  0.03    0.01   10.58 ^ clkbuf_3_1__f_soc_clk_i_regs/A (BUFX64)
    11    0.29    0.06    0.11   10.69 ^ clkbuf_3_1__f_soc_clk_i_regs/Y (BUFX64)
                  0.06    0.00   10.70 ^ clkbuf_leaf_99_soc_clk_i_regs/A (BUFX64)
    37    0.10    0.03    0.10   10.80 ^ clkbuf_leaf_99_soc_clk_i_regs/Y (BUFX64)
                  0.03    0.00   10.80 ^ i_croc_soc/i_croc/i_gpio/gen_gpios[1].i_sync/reg_q_0__reg/CK (DFFRQX3)
                         -0.10   10.70   clock uncertainty
                          0.04   10.74   clock reconvergence pessimism
                         -0.18   10.55   library recovery time
                                 10.55   data required time
-----------------------------------------------------------------------------
                                 10.55   data required time
                                 -3.73   data arrival time
-----------------------------------------------------------------------------
                                  6.82   slack (MET)


Startpoint: i_croc_soc/i_croc/i_dmi_jtag/i_dmi_cdc.i_cdc_req/i_dst/async_ack_o_reg
            (rising edge-triggered flip-flop clocked by clk_sys)
Endpoint: i_croc_soc/i_croc/i_dm_top.i_dm_top/i_dm_csrs.progbuf_o_207__reg
          (rising edge-triggered flip-flop clocked by clk_sys)
Path Group: path delay
Path Type: max
Corner: tt

Fanout     Cap    Slew   Delay    Time   Description
-----------------------------------------------------------------------------
                  0.04    0.00    0.00 ^ i_croc_soc/i_croc/i_dmi_jtag/i_dmi_cdc.i_cdc_req/i_dst/async_ack_o_reg/CK (DFFRQX3)
    14    0.03    0.13    0.36    0.36 ^ i_croc_soc/i_croc/i_dmi_jtag/i_dmi_cdc.i_cdc_req/i_dst/async_ack_o_reg/Q (DFFRQX3)
                  0.13    0.00    0.37 ^ i_croc_soc/i_croc/i_dmi_jtag/i_dmi_cdc.i_cdc_req/i_dst/_300_/B (XOR2X2)
     1    0.00    0.08    0.15    0.51 ^ i_croc_soc/i_croc/i_dmi_jtag/i_dmi_cdc.i_cdc_req/i_dst/_300_/Y (XOR2X2)
                  0.08    0.00    0.51 ^ i_croc_soc/i_croc/i_dmi_jtag/i_dmi_cdc.i_cdc_req/_0_/AB (NOR2BX2)
     2    0.01    0.17    0.14    0.65 ^ i_croc_soc/i_croc/i_dmi_jtag/i_dmi_cdc.i_cdc_req/_0_/Y (NOR2BX2)
                  0.17    0.00    0.65 ^ i_croc_soc/i_croc/i_dm_top.i_dm_top/_3382_/B (AND3X2)
     2    0.01    0.08    0.25    0.90 ^ i_croc_soc/i_croc/i_dm_top.i_dm_top/_3382_/Y (AND3X2)
                  0.08    0.00    0.90 ^ i_croc_soc/i_croc/i_dm_top.i_dm_top/_3797_/A (NAND2X3)
     6    0.03    0.18    0.16    1.06 v i_croc_soc/i_croc/i_dm_top.i_dm_top/_3797_/Y (NAND2X3)
                  0.18    0.00    1.06 v i_croc_soc/i_croc/i_dm_top.i_dm_top/_5259_/A (OAI21X2)
     8    0.03    0.31    0.31    1.37 ^ i_croc_soc/i_croc/i_dm_top.i_dm_top/_5259_/Y (OAI21X2)
                  0.31    0.00    1.37 ^ i_croc_soc/i_croc/i_dm_top.i_dm_top/_5546_/D (AOAI211X2)
     1    0.00    0.16    0.16    1.52 v i_croc_soc/i_croc/i_dm_top.i_dm_top/_5546_/Y (AOAI211X2)
                  0.16    0.00    1.52 v i_croc_soc/i_croc/i_dm_top.i_dm_top/place7348/A (BUFX3)
    15    0.05    0.15    0.23    1.75 v i_croc_soc/i_croc/i_dm_top.i_dm_top/place7348/Y (BUFX3)
                  0.15    0.00    1.76 v i_croc_soc/i_croc/i_dm_top.i_dm_top/place7347/A (BUFX3)
    11    0.03    0.09    0.18    1.93 v i_croc_soc/i_croc/i_dm_top.i_dm_top/place7347/Y (BUFX3)
                  0.09    0.00    1.94 v i_croc_soc/i_croc/i_dm_top.i_dm_top/place7346/A (BUFX3)
    12    0.03    0.09    0.16    2.10 v i_croc_soc/i_croc/i_dm_top.i_dm_top/place7346/Y (BUFX3)
                  0.09    0.00    2.10 v i_croc_soc/i_croc/i_dm_top.i_dm_top/_5594_/C (NOR3BX1)
     1    0.00    0.11    0.14    2.24 ^ i_croc_soc/i_croc/i_dm_top.i_dm_top/_5594_/Y (NOR3BX1)
                  0.11    0.00    2.24 ^ i_croc_soc/i_croc/i_dm_top.i_dm_top/_5595_/C (AO21X2)
     1    0.00    0.04    0.12    2.36 ^ i_croc_soc/i_croc/i_dm_top.i_dm_top/_5595_/Y (AO21X2)
                  0.04    0.00    2.36 ^ i_croc_soc/i_croc/i_dm_top.i_dm_top/i_dm_csrs.progbuf_o_207__reg/D (DFFRQX3)
                                  2.36   data arrival time

                          3.00    3.00   max_delay
                         -0.10    2.90   library setup time
                                  2.90   data required time
-----------------------------------------------------------------------------
                                  2.90   data required time
                                 -2.36   data arrival time
-----------------------------------------------------------------------------
                                  0.53   slack (MET)


Startpoint: i_croc_soc/i_croc/i_dmi_jtag/td_o_reg
            (rising edge-triggered flip-flop clocked by clk_jtg')
Endpoint: jtag_tdo_o (output port clocked by clk_jtg)
Path Group: clk_jtg
Path Type: max
Corner: tt

Fanout     Cap    Slew   Delay    Time   Description
-----------------------------------------------------------------------------
                         12.50   12.50   clock clk_jtg' (rise edge)
                          0.00   12.50   clock source latency
     2    0.23    0.49    0.03   12.53 v jtag_tck_i (in)
                  0.49    0.00   12.53 v pad_jtag_tck_i/pad (sg13cmos5l_IOPadIn)
     2    0.14    0.28    0.70   13.23 v pad_jtag_tck_i/p2c (sg13cmos5l_IOPadIn)
                  0.22    0.04   13.27 v clkbuf_regs_1_clk_jtg/A (BUFX64)
     1    0.05    0.04    0.16   13.43 v clkbuf_regs_1_clk_jtg/Y (BUFX64)
                  0.04    0.00   13.43 v clkbuf_0_soc_jtag_tck_i_regs/A (BUFX64)
     2    0.07    0.03    0.10   13.53 v clkbuf_0_soc_jtag_tck_i_regs/Y (BUFX64)
                  0.03    0.00   13.53 v clkbuf_1_0__f_soc_jtag_tck_i_regs/A (BUFX64)
     3    0.11    0.04    0.10   13.63 v clkbuf_1_0__f_soc_jtag_tck_i_regs/Y (BUFX64)
                  0.04    0.00   13.64 v clkbuf_leaf_5_soc_jtag_tck_i_regs/A (BUFX64)
     5    0.19    0.04    0.11   13.75 v clkbuf_leaf_5_soc_jtag_tck_i_regs/Y (BUFX64)
                  0.05    0.01   13.76 v i_croc_soc/i_croc/i_dmi_jtag/i_dmi_jtag_tap.i_tck_inv/i_inv_8971/A (INVX2)
     1    0.07    0.31    0.24   14.00 ^ i_croc_soc/i_croc/i_dmi_jtag/i_dmi_jtag_tap.i_tck_inv/i_inv_8971/Y (INVX2)
                  0.31    0.01   14.01 ^ i_croc_soc/i_croc/i_dmi_jtag/i_dmi_jtag_tap.i_dft_tck_mux/i_mux/A0 (MUX2X2)
     1    0.03    0.14    0.31   14.32 ^ i_croc_soc/i_croc/i_dmi_jtag/i_dmi_jtag_tap.i_dft_tck_mux/i_mux/Y (MUX2X2)
                  0.14    0.00   14.32 ^ clkbuf_0_i_croc_soc/i_croc/i_dmi_jtag/i_dmi_jtag_tap.tck_n/A (BUFX64)
     2    0.06    0.03    0.12   14.45 ^ clkbuf_0_i_croc_soc/i_croc/i_dmi_jtag/i_dmi_jtag_tap.tck_n/Y (BUFX64)
                  0.03    0.00   14.45 ^ clkbuf_1_0__f_i_croc_soc/i_croc/i_dmi_jtag/i_dmi_jtag_tap.tck_n/A (BUFX64)
     1    0.00    0.02    0.07   14.52 ^ clkbuf_1_0__f_i_croc_soc/i_croc/i_dmi_jtag/i_dmi_jtag_tap.tck_n/Y (BUFX64)
                  0.02    0.00   14.52 ^ i_croc_soc/i_croc/i_dmi_jtag/td_o_reg/CK (DFFRQX3)
     1    0.15    0.53    0.61   15.13 ^ i_croc_soc/i_croc/i_dmi_jtag/td_o_reg/Q (DFFRQX3)
                  0.72    0.06   15.19 ^ pad_jtag_tdo_o/c2p (sg13cmos5l_IOPadOut16mA)
     2   15.00    3.55    3.44   18.63 ^ pad_jtag_tdo_o/pad (sg13cmos5l_IOPadOut16mA)
                  2.66    0.00   18.63 ^ jtag_tdo_o (out)
                                 18.63   data arrival time

                         25.00   25.00   clock clk_jtg (rise edge)
                          0.00   25.00   clock network delay (propagated)
                         -0.10   24.90   clock uncertainty
                          0.00   24.90   clock reconvergence pessimism
                         -5.00   19.90   output external delay
                                 19.90   data required time
-----------------------------------------------------------------------------
                                 19.90   data required time
                                -18.63   data arrival time
-----------------------------------------------------------------------------
                                  1.27   slack (MET)


Startpoint: i_croc_soc/i_croc/i_clint/mtime_q_61__reg
            (rising edge-triggered flip-flop clocked by clk_sys)
Endpoint: unused3_o (output port clocked by clk_sys)
Path Group: clk_sys
Path Type: max
Corner: tt

Fanout     Cap    Slew   Delay    Time   Description
-----------------------------------------------------------------------------
                          0.00    0.00   clock clk_sys (rise edge)
                          0.00    0.00   clock source latency
     2    0.24    0.35    0.04    0.04 ^ clk_i (in)
                  0.35    0.00    0.04 ^ pad_clk_i/pad (sg13cmos5l_IOPadIn)
     2    0.17    0.31    0.16    0.19 ^ pad_clk_i/p2c (sg13cmos5l_IOPadIn)
                  0.26    0.06    0.25 ^ clkbuf_regs_0_clk_sys/A (BUFX64)
     1    0.03    0.03    0.16    0.42 ^ clkbuf_regs_0_clk_sys/Y (BUFX64)
                  0.03    0.00    0.42 ^ clkbuf_0_soc_clk_i_regs/A (BUFX64)
     4    0.18    0.04    0.10    0.51 ^ clkbuf_0_soc_clk_i_regs/Y (BUFX64)
                  0.05    0.01    0.52 ^ clkbuf_2_3_0_soc_clk_i_regs/A (BUFX64)
     2    0.10    0.03    0.09    0.62 ^ clkbuf_2_3_0_soc_clk_i_regs/Y (BUFX64)
                  0.04    0.01    0.62 ^ clkbuf_3_7__f_soc_clk_i_regs/A (BUFX64)
    10    0.42    0.08    0.12    0.75 ^ clkbuf_3_7__f_soc_clk_i_regs/Y (BUFX64)
                  0.08    0.01    0.76 ^ clkbuf_leaf_53_soc_clk_i_regs/A (BUFX64)
    29    0.13    0.04    0.11    0.87 ^ clkbuf_leaf_53_soc_clk_i_regs/Y (BUFX64)
                  0.04    0.00    0.87 ^ i_croc_soc/i_croc/i_clint/mtime_q_61__reg/CK (DFFRQX3)
     6    0.02    0.07    0.28    1.16 v i_croc_soc/i_croc/i_clint/mtime_q_61__reg/Q (DFFRQX3)
                  0.07    0.00    1.16 v i_croc_soc/i_croc/i_clint/_0798_/B (XOR2X2)
     1    0.00    0.04    0.15    1.30 v i_croc_soc/i_croc/i_clint/_0798_/Y (XOR2X2)
                  0.04    0.00    1.30 v i_croc_soc/i_croc/i_clint/_0801_/A (NOR3X1)
     1    0.00    0.15    0.16    1.47 ^ i_croc_soc/i_croc/i_clint/_0801_/Y (NOR3X1)
                  0.15    0.00    1.47 ^ i_croc_soc/i_croc/i_clint/_0802_/D (OAI211X1)
     2    0.01    0.19    0.21    1.68 v i_croc_soc/i_croc/i_clint/_0802_/Y (OAI211X1)
                  0.19    0.00    1.68 v i_croc_soc/i_croc/i_clint/_0808_/A (OR4X1)
     2    0.01    0.12    0.31    1.99 v i_croc_soc/i_croc/i_clint/_0808_/Y (OR4X1)
                  0.12    0.00    1.99 v i_croc_soc/i_croc/i_clint/_0821_/A (NOR3X1)
     2    0.01    0.20    0.22    2.21 ^ i_croc_soc/i_croc/i_clint/_0821_/Y (NOR3X1)
                  0.20    0.00    2.21 ^ i_croc_soc/i_croc/i_clint/_0822_/D (OAI211X1)
     1    0.00    0.15    0.18    2.39 v i_croc_soc/i_croc/i_clint/_0822_/Y (OAI211X1)
                  0.15    0.00    2.39 v i_croc_soc/i_croc/i_clint/_0897_/C (AOAI211X2)
     2    0.07    0.68    0.56    2.95 ^ i_croc_soc/i_croc/i_clint/_0897_/Y (AOAI211X2)
                  0.68    0.01    2.96 ^ i_croc_soc/i_croc/i_core_wrap/i_core.cs_registers_i/_3241_/A (AND2X1)
     1    0.00    0.05    0.24    3.20 ^ i_croc_soc/i_croc/i_core_wrap/i_core.cs_registers_i/_3241_/Y (AND2X1)
                  0.05    0.00    3.20 ^ i_croc_soc/i_croc/i_core_wrap/i_core.cs_registers_i/_3244_/B (NOR3X1)
     1    0.01    0.06    0.07    3.27 v i_croc_soc/i_croc/i_core_wrap/i_core.cs_registers_i/_3244_/Y (NOR3X1)
                  0.06    0.00    3.27 v i_croc_soc/i_croc/i_core_wrap/i_core.cs_registers_i/_3251_/A (NAND4X2)
     3    0.01    0.09    0.10    3.37 ^ i_croc_soc/i_croc/i_core_wrap/i_core.cs_registers_i/_3251_/Y (NAND4X2)
                  0.09    0.00    3.37 ^ i_croc_soc/i_croc/i_core_wrap/_4061_/AB (NOR4BBX2)
     2    0.00    0.17    0.25    3.62 ^ i_croc_soc/i_croc/i_core_wrap/_4061_/Y (NOR4BBX2)
                  0.17    0.00    3.62 ^ i_croc_soc/i_croc/i_core_wrap/_4062_/B (NAND2X1)
     3    0.01    0.16    0.19    3.81 v i_croc_soc/i_croc/i_core_wrap/_4062_/Y (NAND2X1)
                  0.16    0.00    3.81 v i_croc_soc/i_croc/i_core_wrap/_4064_/B (AOI211X1)
     1    0.00    0.15    0.18    3.99 ^ i_croc_soc/i_croc/i_core_wrap/_4064_/Y (AOI211X1)
                  0.15    0.00    3.99 ^ i_croc_soc/i_croc/i_core_wrap/_4065_/B (NAND2X1)
     2    0.00    0.11    0.13    4.11 v i_croc_soc/i_croc/i_core_wrap/_4065_/Y (NAND2X1)
                  0.11    0.00    4.11 v i_croc_soc/i_croc/i_core_wrap/_4095_/B (OA211X2)
     9    0.03    0.12    0.25    4.36 v i_croc_soc/i_croc/i_core_wrap/_4095_/Y (OA211X2)
                  0.12    0.00    4.36 v i_croc_soc/i_croc/i_core_wrap/place7240/A (BUFX3)
    16    0.06    0.16    0.23    4.59 v i_croc_soc/i_croc/i_core_wrap/place7240/Y (BUFX3)
                  0.16    0.00    4.59 v i_croc_soc/i_croc/i_core_wrap/place7236/A (BUFX3)
     9    0.02    0.07    0.17    4.77 v i_croc_soc/i_croc/i_core_wrap/place7236/Y (BUFX3)
                  0.07    0.00    4.77 v i_croc_soc/i_croc/i_core_wrap/_4099_/C (AOI221X1)
     3    0.01    0.27    0.22    4.99 ^ i_croc_soc/i_croc/i_core_wrap/_4099_/Y (AOI221X1)
                  0.27    0.00    4.99 ^ i_croc_soc/i_croc/i_core_wrap/_4100_/B (OR2X2)
     2    0.01    0.04    0.18    5.17 ^ i_croc_soc/i_croc/i_core_wrap/_4100_/Y (OR2X2)
                  0.04    0.00    5.17 ^ i_croc_soc/i_croc/i_core_wrap/_5103_/D (AO211X2)
     1    0.01    0.05    0.11    5.27 ^ i_croc_soc/i_croc/i_core_wrap/_5103_/Y (AO211X2)
                  0.05    0.00    5.27 ^ place7162/A (BUFX8)
     5    0.36    0.42    0.32    5.59 ^ place7162/Y (BUFX8)
                  0.62    0.10    5.70 ^ pad_unused3_o/c2p (sg13cmos5l_IOPadOut16mA)
     2   15.00    3.55    3.39    9.09 ^ pad_unused3_o/pad (sg13cmos5l_IOPadOut16mA)
                  2.66    0.00    9.09 ^ unused3_o (out)
                                  9.09   data arrival time

                         10.00   10.00   clock clk_sys (rise edge)
                          0.00   10.00   clock network delay (propagated)
                         -0.10    9.90   clock uncertainty
                          0.00    9.90   clock reconvergence pessimism
                         -1.00    8.90   output external delay
                                  8.90   data required time
-----------------------------------------------------------------------------
                                  8.90   data required time
                                 -9.09   data arrival time
-----------------------------------------------------------------------------
                                 -0.19   slack (VIOLATED)



==========================================================================
03_croc.cts_unrepaired report_check_types -max_slew -max_cap -max_fanout -violators
--------------------------------------------------------------------------

==========================================================================
03_croc.cts_unrepaired max_slew_check_slack
--------------------------------------------------------------------------
-2.4305672645568848

==========================================================================
03_croc.cts_unrepaired max_slew_check_limit
--------------------------------------------------------------------------
1.2000000476837158

==========================================================================
03_croc.cts_unrepaired max_slew_check_slack_limit
--------------------------------------------------------------------------
-2.0255

==========================================================================
03_croc.cts_unrepaired max_fanout_check_slack
--------------------------------------------------------------------------
-45.0

==========================================================================
03_croc.cts_unrepaired max_fanout_check_limit
--------------------------------------------------------------------------
16.0

==========================================================================
03_croc.cts_unrepaired max_fanout_check_slack_limit
--------------------------------------------------------------------------
-2.8125

==========================================================================
03_croc.cts_unrepaired max_capacitance_check_slack
--------------------------------------------------------------------------
-11.160959243774414

==========================================================================
03_croc.cts_unrepaired max_capacitance_check_limit
--------------------------------------------------------------------------
4.21304988861084

==========================================================================
03_croc.cts_unrepaired max_capacitance_check_slack_limit
--------------------------------------------------------------------------
-2.6491

==========================================================================
03_croc.cts_unrepaired max_slew_violation_count
--------------------------------------------------------------------------
max slew violation count 71

==========================================================================
03_croc.cts_unrepaired max_fanout_violation_count
--------------------------------------------------------------------------
max fanout violation count 108

==========================================================================
03_croc.cts_unrepaired max_cap_violation_count
--------------------------------------------------------------------------
max cap violation count 133

==========================================================================
03_croc.cts_unrepaired setup_violation_count
--------------------------------------------------------------------------
setup violation count 5

==========================================================================
03_croc.cts_unrepaired hold_violation_count
--------------------------------------------------------------------------
hold violation count 0

==========================================================================
03_croc.cts_unrepaired critical path delay
--------------------------------------------------------------------------
9.0900

==========================================================================
03_croc.cts_unrepaired critical path slack
--------------------------------------------------------------------------
-0.1900

==========================================================================
03_croc.cts_unrepaired slack div critical path delay
--------------------------------------------------------------------------
-2.090209

==========================================================================
03_croc.cts_unrepaired report_power tt
--------------------------------------------------------------------------
Group                  Internal  Switching    Leakage      Total
                          Power      Power      Power      Power (Watts)
----------------------------------------------------------------
Sequential             6.72e-03   4.74e-05   1.35e-06   6.77e-03  39.3%
Combinational          1.27e-04   3.68e-04   2.01e-06   4.97e-04   2.9%
Clock                  4.06e-03   2.62e-03   3.51e-07   6.68e-03  38.8%
Macro                  3.33e-04   0.00e+00   3.96e-07   3.33e-04   1.9%
Pad                    2.34e-04   2.70e-03   1.08e-07   2.94e-03  17.1%
----------------------------------------------------------------
Total                  1.15e-02   5.74e-03   4.22e-06   1.72e-02 100.0%
                          66.7%      33.3%       0.0%

==========================================================================
03_croc.cts_unrepaired report_design_area
--------------------------------------------------------------------------

==========================================================================
03_croc.cts_unrepaired area by hierarchy
--------------------------------------------------------------------------

--------------------------------------------------------------------------------
Design Area Summary
--------------------------------------------------------------------------------
Die Area:              4629056.0 um2
Core Area:             2200258.368 um2
Total Area:            2247365.1712 um2
Total Active Area:     604645.1712 um2

Core Utilization:      0.27480644091339734
Std Cell Utilization:  0.2181503941279694

--------------------------------------------------------------------------------
Hierarchical Area Report
--------------------------------------------------------------------------------
                                                                                Global Area (um^2)                                                              Global Instances                                                                Local Area (um^2)                                                               Local Instances
                                                                                ------------------------------------------------------------------------------- ------------------------------------------------------------------------------- ------------------------------------------------------------------------------- ----------------------------------------------------------------------------
Hierarchy Name                                                                  Total           StdCell         Macro           Cover           Pad             Total           StdCell         Macro           Cover           Pad             Total           StdCell         Macro           Cover           Pad             Total           StdCell         Macro           Cover           Pad             
-----------------------------------------------------------------------------------------------------------------------------------------------------------------------------------------------------------------------------------------------------------------------------------------------------------------------------------------------------------------------------------------------------------
<top>                                                                           2247365.171     445205.376      159439.795      313600.000      1329120.000     44397           44077           2               64              254             1688466.870     45746.870       0.000           313600.000      1329120.000     9208            8890            0               64              254             
  i_croc_soc                                                                    558898.301      399458.506      159439.795      0.000           0.000           35189           35187           2               0               0               340.099         340.099         0.000           0.000           0.000           44              44              0               0               0               
    i_croc                                                                      486352.742      326912.947      159439.795      0.000           0.000           27495           27493           2               0               0               34064.957       34064.957       0.000           0.000           0.000           4193            4193            0               0               0               
      gen_sram_bank\[0\].i_sram                                                 80398.685       678.787         79719.898       0.000           0.000           127             126             1               0               0               80398.685       678.787         79719.898       0.000           0.000           127             126             1               0               0               
      gen_sram_bank\[1\].i_sram                                                 80318.246       598.349         79719.898       0.000           0.000           126             125             1               0               0               80318.246       598.349         79719.898       0.000           0.000           126             125             1               0               0               
      i_bootrom                                                                 3137.098        3137.098        0.000           0.000           0.000           348             348             0               0               0               3137.098        3137.098        0.000           0.000           0.000           348             348             0               0               0               
      i_clint                                                                   9967.306        9967.306        0.000           0.000           0.000           748             748             0               0               0               9910.858        9910.858        0.000           0.000           0.000           746             746             0               0               0               
        i_sync                                                                  56.448          56.448          0.000           0.000           0.000           2               2               0               0               0               56.448          56.448          0.000           0.000           0.000           2               2               0               0               0               
      i_core_wrap                                                               144975.398      144975.398      0.000           0.000           0.000           11547           11547           0               0               0               47395.152       47395.152       0.000           0.000           0.000           4584            4584            0               0               0               
        i_core.cs_registers_i                                                   35868.470       35868.470       0.000           0.000           0.000           3096            3096            0               0               0               35868.470       35868.470       0.000           0.000           0.000           3096            3096            0               0               0               
        i_core.register_file_i                                                  61711.776       61711.776       0.000           0.000           0.000           3867            3867            0               0               0               61711.776       61711.776       0.000           0.000           0.000           3867            3867            0               0               0               
      i_dm_top.i_dm_top                                                         49805.482       49805.482       0.000           0.000           0.000           4241            4241            0               0               0               49805.482       49805.482       0.000           0.000           0.000           4241            4241            0               0               0               
      i_dmi_jtag                                                                26769.053       26769.053       0.000           0.000           0.000           2217            2217            0               0               0               10784.390       10784.390       0.000           0.000           0.000           858             858             0               0               0               
        i_dmi_cdc.i_cdc_req                                                     8441.798        8441.798        0.000           0.000           0.000           717             717             0               0               0               152.410         152.410         0.000           0.000           0.000           10              10              0               0               0               
          i_cdc_reset_ctrlr                                                     2377.872        2377.872        0.000           0.000           0.000           204             204             0               0               0               0.000           0.000           0.000           0.000           0.000           0               0               0               0               0               
            i_cdc_reset_ctrlr_half_a                                            1189.642        1189.642        0.000           0.000           0.000           102             102             0               0               0               664.675         664.675         0.000           0.000           0.000           68              68              0               0               0               
              i_state_transition_cdc_dst                                        198.979         198.979         0.000           0.000           0.000           13              13              0               0               0               142.531         142.531         0.000           0.000           0.000           11              11              0               0               0               
                i_sync                                                          56.448          56.448          0.000           0.000           0.000           2               2               0               0               0               56.448          56.448          0.000           0.000           0.000           2               2               0               0               0               
              i_state_transition_cdc_src                                        325.987         325.987         0.000           0.000           0.000           21              21              0               0               0               269.539         269.539         0.000           0.000           0.000           19              19              0               0               0               
                i_sync                                                          56.448          56.448          0.000           0.000           0.000           2               2               0               0               0               56.448          56.448          0.000           0.000           0.000           2               2               0               0               0               
            i_cdc_reset_ctrlr_half_b                                            1188.230        1188.230        0.000           0.000           0.000           102             102             0               0               0               663.264         663.264         0.000           0.000           0.000           68              68              0               0               0               
              i_state_transition_cdc_dst                                        198.979         198.979         0.000           0.000           0.000           13              13              0               0               0               142.531         142.531         0.000           0.000           0.000           11              11              0               0               0               
                i_sync                                                          56.448          56.448          0.000           0.000           0.000           2               2               0               0               0               56.448          56.448          0.000           0.000           0.000           2               2               0               0               0               
              i_state_transition_cdc_src                                        325.987         325.987         0.000           0.000           0.000           21              21              0               0               0               269.539         269.539         0.000           0.000           0.000           19              19              0               0               0               
                i_sync                                                          56.448          56.448          0.000           0.000           0.000           2               2               0               0               0               56.448          56.448          0.000           0.000           0.000           2               2               0               0               0               
          i_dst                                                                 3748.147        3748.147        0.000           0.000           0.000           365             365             0               0               0               3663.475        3663.475        0.000           0.000           0.000           362             362             0               0               0               
            i_sync                                                              84.672          84.672          0.000           0.000           0.000           3               3               0               0               0               84.672          84.672          0.000           0.000           0.000           3               3               0               0               0               
          i_src                                                                 2163.370        2163.370        0.000           0.000           0.000           138             138             0               0               0               2078.698        2078.698        0.000           0.000           0.000           135             135             0               0               0               
            i_sync                                                              84.672          84.672          0.000           0.000           0.000           3               3               0               0               0               84.672          84.672          0.000           0.000           0.000           3               3               0               0               0               
        i_dmi_cdc.i_cdc_resp                                                    7525.930        7525.930        0.000           0.000           0.000           640             640             0               0               0               167.933         167.933         0.000           0.000           0.000           13              13              0               0               0               
          i_cdc_reset_ctrlr                                                     2377.872        2377.872        0.000           0.000           0.000           204             204             0               0               0               0.000           0.000           0.000           0.000           0.000           0               0               0               0               0               
            i_cdc_reset_ctrlr_half_a                                            1188.230        1188.230        0.000           0.000           0.000           102             102             0               0               0               663.264         663.264         0.000           0.000           0.000           68              68              0               0               0               
              i_state_transition_cdc_dst                                        198.979         198.979         0.000           0.000           0.000           13              13              0               0               0               142.531         142.531         0.000           0.000           0.000           11              11              0               0               0               
                i_sync                                                          56.448          56.448          0.000           0.000           0.000           2               2               0               0               0               56.448          56.448          0.000           0.000           0.000           2               2               0               0               0               
              i_state_transition_cdc_src                                        325.987         325.987         0.000           0.000           0.000           21              21              0               0               0               269.539         269.539         0.000           0.000           0.000           19              19              0               0               0               
                i_sync                                                          56.448          56.448          0.000           0.000           0.000           2               2               0               0               0               56.448          56.448          0.000           0.000           0.000           2               2               0               0               0               
            i_cdc_reset_ctrlr_half_b                                            1189.642        1189.642        0.000           0.000           0.000           102             102             0               0               0               664.675         664.675         0.000           0.000           0.000           68              68              0               0               0               
              i_state_transition_cdc_dst                                        198.979         198.979         0.000           0.000           0.000           13              13              0               0               0               142.531         142.531         0.000           0.000           0.000           11              11              0               0               0               
                i_sync                                                          56.448          56.448          0.000           0.000           0.000           2               2               0               0               0               56.448          56.448          0.000           0.000           0.000           2               2               0               0               0               
              i_state_transition_cdc_src                                        325.987         325.987         0.000           0.000           0.000           21              21              0               0               0               269.539         269.539         0.000           0.000           0.000           19              19              0               0               0               
                i_sync                                                          56.448          56.448          0.000           0.000           0.000           2               2               0               0               0               56.448          56.448          0.000           0.000           0.000           2               2               0               0               0               
          i_dst                                                                 3158.266        3158.266        0.000           0.000           0.000           307             307             0               0               0               3073.594        3073.594        0.000           0.000           0.000           304             304             0               0               0               
            i_sync                                                              84.672          84.672          0.000           0.000           0.000           3               3               0               0               0               84.672          84.672          0.000           0.000           0.000           3               3               0               0               0               
          i_src                                                                 1821.859        1821.859        0.000           0.000           0.000           116             116             0               0               0               1737.187        1737.187        0.000           0.000           0.000           113             113             0               0               0               
            i_sync                                                              84.672          84.672          0.000           0.000           0.000           3               3               0               0               0               84.672          84.672          0.000           0.000           0.000           3               3               0               0               0               
        i_dmi_jtag_tap.i_dft_tck_mux                                            12.701          12.701          0.000           0.000           0.000           1               1               0               0               0               12.701          12.701          0.000           0.000           0.000           1               1               0               0               0               
        i_dmi_jtag_tap.i_tck_inv                                                4.234           4.234           0.000           0.000           0.000           1               1               0               0               0               4.234           4.234           0.000           0.000           0.000           1               1               0               0               0               
      i_gpio                                                                    17474.890       17474.890       0.000           0.000           0.000           1266            1266            0               0               0               15668.554       15668.554       0.000           0.000           0.000           1202            1202            0               0               0               
        gen_gpios\[0\].i_sync                                                   56.448          56.448          0.000           0.000           0.000           2               2               0               0               0               56.448          56.448          0.000           0.000           0.000           2               2               0               0               0               
        gen_gpios\[10\].i_sync                                                  56.448          56.448          0.000           0.000           0.000           2               2               0               0               0               56.448          56.448          0.000           0.000           0.000           2               2               0               0               0               
        gen_gpios\[11\].i_sync                                                  56.448          56.448          0.000           0.000           0.000           2               2               0               0               0               56.448          56.448          0.000           0.000           0.000           2               2               0               0               0               
        gen_gpios\[12\].i_sync                                                  56.448          56.448          0.000           0.000           0.000           2               2               0               0               0               56.448          56.448          0.000           0.000           0.000           2               2               0               0               0               
        gen_gpios\[13\].i_sync                                                  56.448          56.448          0.000           0.000           0.000           2               2               0               0               0               56.448          56.448          0.000           0.000           0.000           2               2               0               0               0               
        gen_gpios\[14\].i_sync                                                  56.448          56.448          0.000           0.000           0.000           2               2               0               0               0               56.448          56.448          0.000           0.000           0.000           2               2               0               0               0               
        gen_gpios\[15\].i_sync                                                  56.448          56.448          0.000           0.000           0.000           2               2               0               0               0               56.448          56.448          0.000           0.000           0.000           2               2               0               0               0               
        gen_gpios\[16\].i_sync                                                  56.448          56.448          0.000           0.000           0.000           2               2               0               0               0               56.448          56.448          0.000           0.000           0.000           2               2               0               0               0               
        gen_gpios\[17\].i_sync                                                  56.448          56.448          0.000           0.000           0.000           2               2               0               0               0               56.448          56.448          0.000           0.000           0.000           2               2               0               0               0               
        gen_gpios\[18\].i_sync                                                  56.448          56.448          0.000           0.000           0.000           2               2               0               0               0               56.448          56.448          0.000           0.000           0.000           2               2               0               0               0               
        gen_gpios\[19\].i_sync                                                  56.448          56.448          0.000           0.000           0.000           2               2               0               0               0               56.448          56.448          0.000           0.000           0.000           2               2               0               0               0               
        gen_gpios\[1\].i_sync                                                   56.448          56.448          0.000           0.000           0.000           2               2               0               0               0               56.448          56.448          0.000           0.000           0.000           2               2               0               0               0               
        gen_gpios\[20\].i_sync                                                  56.448          56.448          0.000           0.000           0.000           2               2               0               0               0               56.448          56.448          0.000           0.000           0.000           2               2               0               0               0               
        gen_gpios\[21\].i_sync                                                  56.448          56.448          0.000           0.000           0.000           2               2               0               0               0               56.448          56.448          0.000           0.000           0.000           2               2               0               0               0               
        gen_gpios\[22\].i_sync                                                  56.448          56.448          0.000           0.000           0.000           2               2               0               0               0               56.448          56.448          0.000           0.000           0.000           2               2               0               0               0               
        gen_gpios\[23\].i_sync                                                  56.448          56.448          0.000           0.000           0.000           2               2               0               0               0               56.448          56.448          0.000           0.000           0.000           2               2               0               0               0               
        gen_gpios\[24\].i_sync                                                  56.448          56.448          0.000           0.000           0.000           2               2               0               0               0               56.448          56.448          0.000           0.000           0.000           2               2               0               0               0               
        gen_gpios\[25\].i_sync                                                  56.448          56.448          0.000           0.000           0.000           2               2               0               0               0               56.448          56.448          0.000           0.000           0.000           2               2               0               0               0               
        gen_gpios\[26\].i_sync                                                  56.448          56.448          0.000           0.000           0.000           2               2               0               0               0               56.448          56.448          0.000           0.000           0.000           2               2               0               0               0               
        gen_gpios\[27\].i_sync                                                  56.448          56.448          0.000           0.000           0.000           2               2               0               0               0               56.448          56.448          0.000           0.000           0.000           2               2               0               0               0               
        gen_gpios\[28\].i_sync                                                  56.448          56.448          0.000           0.000           0.000           2               2               0               0               0               56.448          56.448          0.000           0.000           0.000           2               2               0               0               0               
        gen_gpios\[29\].i_sync                                                  56.448          56.448          0.000           0.000           0.000           2               2               0               0               0               56.448          56.448          0.000           0.000           0.000           2               2               0               0               0               
        gen_gpios\[2\].i_sync                                                   56.448          56.448          0.000           0.000           0.000           2               2               0               0               0               56.448          56.448          0.000           0.000           0.000           2               2               0               0               0               
        gen_gpios\[30\].i_sync                                                  56.448          56.448          0.000           0.000           0.000           2               2               0               0               0               56.448          56.448          0.000           0.000           0.000           2               2               0               0               0               
        gen_gpios\[31\].i_sync                                                  56.448          56.448          0.000           0.000           0.000           2               2               0               0               0               56.448          56.448          0.000           0.000           0.000           2               2               0               0               0               
        gen_gpios\[3\].i_sync                                                   56.448          56.448          0.000           0.000           0.000           2               2               0               0               0               56.448          56.448          0.000           0.000           0.000           2               2               0               0               0               
        gen_gpios\[4\].i_sync                                                   56.448          56.448          0.000           0.000           0.000           2               2               0               0               0               56.448          56.448          0.000           0.000           0.000           2               2               0               0               0               
        gen_gpios\[5\].i_sync                                                   56.448          56.448          0.000           0.000           0.000           2               2               0               0               0               56.448          56.448          0.000           0.000           0.000           2               2               0               0               0               
        gen_gpios\[6\].i_sync                                                   56.448          56.448          0.000           0.000           0.000           2               2               0               0               0               56.448          56.448          0.000           0.000           0.000           2               2               0               0               0               
        gen_gpios\[7\].i_sync                                                   56.448          56.448          0.000           0.000           0.000           2               2               0               0               0               56.448          56.448          0.000           0.000           0.000           2               2               0               0               0               
        gen_gpios\[8\].i_sync                                                   56.448          56.448          0.000           0.000           0.000           2               2               0               0               0               56.448          56.448          0.000           0.000           0.000           2               2               0               0               0               
        gen_gpios\[9\].i_sync                                                   56.448          56.448          0.000           0.000           0.000           2               2               0               0               0               56.448          56.448          0.000           0.000           0.000           2               2               0               0               0               
      i_obi_timer                                                               6824.563        6824.563        0.000           0.000           0.000           531             531             0               0               0               6824.563        6824.563        0.000           0.000           0.000           531             531             0               0               0               
      i_soc_ctrl                                                                4098.125        4098.125        0.000           0.000           0.000           292             292             0               0               0               4098.125        4098.125        0.000           0.000           0.000           292             292             0               0               0               
      i_uart                                                                    28518.941       28518.941       0.000           0.000           0.000           1859            1859            0               0               0               28219.766       28219.766       0.000           0.000           0.000           1845            1845            0               0               0               
        i_uart_modem.i_sync_cd                                                  60.682          60.682          0.000           0.000           0.000           3               3               0               0               0               60.682          60.682          0.000           0.000           0.000           3               3               0               0               0               
        i_uart_modem.i_sync_cts                                                 60.682          60.682          0.000           0.000           0.000           3               3               0               0               0               60.682          60.682          0.000           0.000           0.000           3               3               0               0               0               
        i_uart_modem.i_sync_dsr                                                 60.682          60.682          0.000           0.000           0.000           3               3               0               0               0               60.682          60.682          0.000           0.000           0.000           3               3               0               0               0               
        i_uart_modem.i_sync_ri                                                  60.682          60.682          0.000           0.000           0.000           3               3               0               0               0               60.682          60.682          0.000           0.000           0.000           3               3               0               0               0               
        i_uart_rx.i_sync                                                        56.448          56.448          0.000           0.000           0.000           2               2               0               0               0               56.448          56.448          0.000           0.000           0.000           2               2               0               0               0               
    i_rstgen.i_rstgen_bypass.i_tc_clk_mux2_init_no                              16.934          16.934          0.000           0.000           0.000           2               2               0               0               0               16.934          16.934          0.000           0.000           0.000           2               2               0               0               0               
    i_rstgen.i_rstgen_bypass.i_tc_clk_mux2_rst_n                                12.701          12.701          0.000           0.000           0.000           1               1               0               0               0               12.701          12.701          0.000           0.000           0.000           1               1               0               0               0               
    i_rstgen.i_rstgen_bypass.i_tc_clk_mux2_rst_no                               12.701          12.701          0.000           0.000           0.000           1               1               0               0               0               12.701          12.701          0.000           0.000           0.000           1               1               0               0               0               
    i_user                                                                      72163.123       72163.123       0.000           0.000           0.000           7646            7646            0               0               0               72163.123       72163.123       0.000           0.000           0.000           7646            7646            0               0               0               
