violation type: Short
	srcs: net:i_croc_soc/i_croc/i_core_wrap/_0534_ net:i_croc_soc/i_croc/i_core_wrap/net8723
	bbox = (1011.0500, 1221.3000) - (1011.2500, 1221.5000) on Layer Metal2
violation type: Short
	srcs: net:i_croc_soc/i_croc/_1494_ net:i_croc_soc/i_croc/net8530
	bbox = (1250.8700, 1313.6600) - (1251.0700, 1313.8600) on Layer Metal2
violation type: Short
	srcs: net:i_croc_soc/i_croc/_1494_ net:i_croc_soc/i_croc/net8532
	bbox = (1250.0300, 1313.6600) - (1250.2300, 1313.8600) on Layer Metal2
violation type: Short
	srcs: net:i_croc_soc/i_croc/_1494_ net:i_croc_soc/i_croc/net8532
	bbox = (1250.0300, 1313.6600) - (1250.1900, 1313.8600) on Layer Metal2
violation type: Short
	srcs: net:i_croc_soc/user_sbr_obi_rsp_19_ net:i_croc_soc/i_croc/net7669
	bbox = (1258.4300, 1315.6700) - (1258.6300, 1315.7150) on Layer Metal2
violation type: Short
	srcs: net:i_croc_soc/user_sbr_obi_rsp_18_ net:i_croc_soc/i_croc/_1486_
	bbox = (1255.4900, 1341.2900) - (1255.6900, 1341.5800) on Layer Metal2
violation type: Short
	srcs: net:i_croc_soc/user_sbr_obi_rsp_18_ net:i_croc_soc/i_croc/_1486_
	bbox = (1255.4900, 1341.3800) - (1255.6900, 1341.5800) on Layer Metal2
violation type: Short
	srcs: net:i_croc_soc/user_sbr_obi_rsp_33_ net:i_croc_soc/i_croc/net8254
	bbox = (1278.1700, 1315.3850) - (1278.3700, 1315.5850) on Layer Metal2
violation type: Short
	srcs: net:i_croc_soc/user_sbr_obi_rsp_33_ net:i_croc_soc/i_croc/net8254
	bbox = (1278.1700, 1315.3850) - (1278.3700, 1315.5400) on Layer Metal2
violation type: Short
	srcs: net:i_croc_soc/user_sbr_obi_rsp_33_ net:i_croc_soc/i_croc/net7669
	bbox = (1277.7500, 1315.3850) - (1277.8450, 1315.5400) on Layer Metal2
violation type: Short
	srcs: net:i_croc_soc/user_sbr_obi_rsp_33_ net:i_croc_soc/i_croc/net7669
	bbox = (1277.7500, 1315.3850) - (1277.9500, 1315.5400) on Layer Metal2
violation type: Short
	srcs: net:i_croc_soc/i_croc/_1096_ net:i_croc_soc/i_croc/_1535_
	bbox = (1275.2300, 1314.4550) - (1275.2900, 1315.1750) on Layer Metal2
violation type: Short
	srcs: net:i_croc_soc/i_croc/_1096_ net:i_croc_soc/i_croc/_1535_
	bbox = (1275.2300, 1314.5000) - (1275.2900, 1315.1750) on Layer Metal2
violation type: Short
	srcs: net:i_croc_soc/i_croc/_1096_ net:i_croc_soc/i_croc/_1535_
	bbox = (1275.2300, 1314.4550) - (1275.4300, 1314.7000) on Layer Metal2
violation type: Short
	srcs: net:i_croc_soc/i_croc/_1096_ net:i_croc_soc/i_croc/_1535_
	bbox = (1275.2300, 1314.5000) - (1275.4300, 1314.7000) on Layer Metal2
violation type: Metal Spacing
	srcs: net:i_croc_soc/i_croc/i_core_wrap/_0533_ net:i_croc_soc/i_croc/i_core_wrap/net8723
	bbox = (1010.6300, 1221.5000) - (1010.8300, 1221.5900) on Layer Metal2
violation type: Metal Spacing
	srcs: net:i_croc_soc/i_croc/i_main_xbar.gen_demux\[3\].i_demux.sbr_port_rsp_o_11_ net:i_croc_soc/i_croc/net7669
	bbox = (1250.4500, 1322.3050) - (1250.6500, 1322.3900) on Layer Metal2
violation type: Metal Spacing
	srcs: net:i_croc_soc/i_croc/net8254
	bbox = (1250.8700, 1321.6300) - (1251.0700, 1321.6400) on Layer Metal2
violation type: Metal Spacing
	srcs: net:i_croc_soc/i_croc/net7667 net:i_croc_soc/i_croc/net8254
	bbox = (1251.0700, 1321.6400) - (1251.2450, 1321.8400) on Layer Metal2
violation type: Metal Spacing
	srcs: net:i_croc_soc/i_croc/net7667 net:i_croc_soc/i_croc/net8254
	bbox = (1251.0800, 1321.6400) - (1251.2450, 1321.8400) on Layer Metal2
violation type: Metal Spacing
	srcs: net:i_croc_soc/i_croc/net8254
	bbox = (1250.8700, 1321.6300) - (1251.0800, 1321.6400) on Layer Metal2
violation type: Metal Spacing
	srcs: net:i_croc_soc/i_croc/net7667 net:i_croc_soc/i_croc/net8254
	bbox = (1251.0800, 1321.6300) - (1251.2450, 1321.6400) on Layer Metal2
violation type: Metal Spacing
	srcs: net:i_croc_soc/i_croc/net7667 net:i_croc_soc/i_croc/net8254
	bbox = (1251.0900, 1321.6400) - (1251.2450, 1321.8400) on Layer Metal2
violation type: Metal Spacing
	srcs: net:i_croc_soc/i_croc/i_main_xbar.gen_demux\[3\].i_demux.sbr_port_rsp_o_11_ net:i_croc_soc/i_croc/net8254
	bbox = (1250.6500, 1321.6400) - (1250.8250, 1321.8400) on Layer Metal2
violation type: Metal Spacing
	srcs: net:i_croc_soc/i_croc/net7667 net:i_croc_soc/i_croc/net8254
	bbox = (1251.1150, 1321.6400) - (1251.2450, 1321.8400) on Layer Metal2
violation type: Metal Spacing
	srcs: net:i_croc_soc/i_croc/_1494_ net:i_croc_soc/i_croc/net8530
	bbox = (1251.2900, 1311.3400) - (1251.4900, 1311.4700) on Layer Metal2
violation type: Metal Spacing
	srcs: net:i_croc_soc/i_croc/net8532
	bbox = (1250.0300, 1314.7000) - (1250.2300, 1314.8750) on Layer Metal2
violation type: Metal Spacing
	srcs: net:i_croc_soc/i_croc/net8532
	bbox = (1249.9900, 1314.7000) - (1250.2300, 1314.8750) on Layer Metal2
violation type: Metal Spacing
	srcs: net:i_croc_soc/i_croc/net8532
	bbox = (1249.9900, 1315.1650) - (1250.2300, 1315.3400) on Layer Metal2
violation type: Metal Spacing
	srcs: net:i_croc_soc/i_croc/net8532
	bbox = (1249.9900, 1315.1650) - (1250.2300, 1315.3000) on Layer Metal2
violation type: Metal Spacing
	srcs: net:i_croc_soc/i_croc/net8532 net:i_croc_soc/i_croc/net8254
	bbox = (1249.0150, 1314.9200) - (1249.1900, 1315.1200) on Layer Metal3
violation type: Metal Spacing
	srcs: net:i_croc_soc/i_croc/net7667 net:i_croc_soc/i_croc/net8254
	bbox = (1251.1150, 1308.3200) - (1251.2950, 1308.4000) on Layer Metal2
violation type: Metal Spacing
	srcs: net:i_croc_soc/i_croc/_1061_ net:i_croc_soc/i_croc/all_sbr_obi_rsp_183_
	bbox = (1248.5550, 1355.6550) - (1248.7250, 1355.8650) on Layer Metal1
violation type: Metal Spacing
	srcs: net:i_croc_soc/i_croc/net8253 net:i_croc_soc/i_croc/net7666
	bbox = (1222.9750, 1362.0800) - (1223.1550, 1362.1600) on Layer Metal2
violation type: Metal Spacing
	srcs: net:i_croc_soc/i_croc/net8253 net:i_croc_soc/i_croc/net7666
	bbox = (1222.9750, 1362.1600) - (1223.1550, 1362.1700) on Layer Metal2
violation type: Metal Spacing
	srcs: net:i_croc_soc/i_croc/net8253
	bbox = (1230.9100, 1361.9600) - (1231.0350, 1362.2050) on Layer Metal2
violation type: Metal Spacing
	srcs: net:i_croc_soc/i_croc/net8253
	bbox = (1230.9100, 1361.9600) - (1231.0350, 1362.1600) on Layer Metal2
violation type: Metal Spacing
	srcs: net:i_croc_soc/i_croc/_1551_ net:i_croc_soc/i_croc/net7670
	bbox = (1232.5100, 1365.9400) - (1232.5900, 1366.1200) on Layer Metal2
violation type: Metal Spacing
	srcs: net:i_croc_soc/i_croc/_1551_ net:i_croc_soc/i_croc/net7670
	bbox = (1232.5100, 1365.9850) - (1232.5900, 1366.1200) on Layer Metal2
violation type: Metal Spacing
	srcs: net:i_croc_soc/i_croc/_1551_ net:i_croc_soc/i_croc/net7670
	bbox = (1232.3900, 1365.9400) - (1232.5900, 1366.1200) on Layer Metal2
violation type: Metal Spacing
	srcs: net:i_croc_soc/i_croc/_1551_ net:i_croc_soc/i_croc/net7670
	bbox = (1232.3900, 1365.9850) - (1232.5900, 1366.1200) on Layer Metal2
violation type: Metal Spacing
	srcs: net:i_croc_soc/i_croc/net7667 net:i_croc_soc/i_croc/net8254
	bbox = (1259.0500, 1314.9200) - (1259.2250, 1315.1200) on Layer Metal2
violation type: Metal Spacing
	srcs: net:i_croc_soc/i_croc/net7667 net:i_croc_soc/i_croc/net8254
	bbox = (1259.0500, 1314.9650) - (1259.2250, 1315.1200) on Layer Metal2
violation type: Metal Spacing
	srcs: net:i_croc_soc/i_croc/_0216_ net:i_croc_soc/i_croc/net8257
	bbox = (1263.2450, 1328.3600) - (1263.4350, 1328.5600) on Layer Metal2
violation type: Metal Spacing
	srcs: net:i_croc_soc/i_croc/net8257
	bbox = (1264.5100, 1333.8200) - (1264.5200, 1334.0650) on Layer Metal2
violation type: Metal Spacing
	srcs: net:i_croc_soc/i_croc/net7667 net:i_croc_soc/i_croc/net8254
	bbox = (1277.9500, 1308.4000) - (1278.1350, 1308.4100) on Layer Metal2
violation type: Metal Spacing
	srcs: net:i_croc_soc/i_croc/net7667 net:i_croc_soc/i_croc/net8254
	bbox = (1278.3700, 1314.9200) - (1278.5450, 1315.1200) on Layer Metal2
violation type: Metal Spacing
	srcs: net:i_croc_soc/i_croc/net8254
	bbox = (1273.7500, 1321.5950) - (1273.9200, 1321.8400) on Layer Metal2
violation type: Metal Spacing
	srcs: net:i_croc_soc/i_croc/net8255 net:i_croc_soc/i_croc/net7673
	bbox = (1224.6550, 1321.6400) - (1224.7850, 1321.8400) on Layer Metal2
violation type: Metal Spacing
	srcs: net:i_croc_soc/i_croc/net8255 net:i_croc_soc/i_croc/net7673
	bbox = (1237.6250, 1321.8400) - (1237.8250, 1321.8500) on Layer Metal2
violation type: Metal Spacing
	srcs: net:i_croc_soc/i_croc/net7673
	bbox = (1238.2750, 1321.6300) - (1238.4750, 1321.6400) on Layer Metal2
violation type: Metal Spacing
	srcs: net:i_croc_soc/i_croc/net7673
	bbox = (1238.2700, 1321.6300) - (1238.4750, 1321.6400) on Layer Metal2
violation type: Metal Spacing
	srcs: net:i_croc_soc/i_croc/net7673
	bbox = (1237.8600, 1322.0500) - (1238.0500, 1322.0600) on Layer Metal2
violation type: Metal Spacing
	srcs: net:i_croc_soc/i_croc/net7673
	bbox = (1237.8600, 1322.0500) - (1238.0550, 1322.0600) on Layer Metal2
violation type: Metal Spacing
	srcs: net:i_croc_soc/i_croc/net7673
	bbox = (1237.8600, 1322.0500) - (1238.0600, 1322.0600) on Layer Metal2
violation type: Metal Spacing
	srcs: net:i_croc_soc/i_croc/net7673
	bbox = (1237.8500, 1322.0500) - (1238.0500, 1322.0600) on Layer Metal2
violation type: Metal Spacing
	srcs: net:i_croc_soc/i_croc/net7673
	bbox = (1237.8500, 1322.0500) - (1238.0550, 1322.0600) on Layer Metal2
violation type: Metal Spacing
	srcs: net:i_croc_soc/i_croc/net7673
	bbox = (1237.8250, 1322.0500) - (1238.0600, 1322.0600) on Layer Metal2
violation type: Metal Spacing
	srcs: net:i_croc_soc/i_croc/all_sbr_obi_rsp_126_ net:i_croc_soc/i_croc/net7673
	bbox = (1237.8400, 1328.1400) - (1237.8500, 1328.3150) on Layer Metal2
