violation type: Metal Spacing
	srcs: net:i_croc_soc/i_croc/i_core_wrap/i_core.cs_registers_i/_0000_
	bbox = (826.0750, 1050.0700) - (826.2450, 1050.1050) on Layer Metal1
violation type: Metal Spacing
	srcs: net:i_croc_soc/i_croc/i_dmi_jtag/dtmcs_q_6_
	bbox = (1156.6150, 787.9900) - (1156.7850, 788.0250) on Layer Metal1
violation type: Metal Spacing
	srcs: net:i_croc_soc/i_croc/i_gpio/_0548_
	bbox = (1762.6300, 1046.1150) - (1762.8050, 1046.3250) on Layer Metal1
violation type: Metal Spacing
	srcs: net:i_croc_soc/i_croc/i_dmi_jtag/i_dmi_cdc.i_cdc_req/i_cdc_reset_ctrlr/i_cdc_reset_ctrlr_half_b/i_state_transition_cdc_src/_00_
	bbox = (1456.0750, 828.3100) - (1456.2450, 828.3450) on Layer Metal1
violation type: Metal Spacing
	srcs: net:i_croc_soc/i_croc/i_dmi_jtag/i_dmi_cdc.i_cdc_resp/i_cdc_reset_ctrlr/i_cdc_reset_ctrlr_half_b/i_state_transition_cdc_src/_00_
	bbox = (1138.5550, 821.5900) - (1138.7250, 821.6250) on Layer Metal1
violation type: Metal Spacing
	srcs: net:i_croc_soc/i_croc/i_dmi_jtag/i_dmi_cdc.i_cdc_resp/i_cdc_reset_ctrlr/i_cdc_reset_ctrlr_half_a/i_state_transition_cdc_src/_00_
	bbox = (1104.5350, 835.0300) - (1104.7050, 835.0650) on Layer Metal1
